Component: ARM Compiler 6.14.1 Tool: armlink [5db06d00]

==============================================================================

Section Cross References

    startup_stm32f429xx.o(RESET) refers to startup_stm32f429xx.o(STACK) for __initial_sp
    startup_stm32f429xx.o(RESET) refers to startup_stm32f429xx.o(.text) for Reset_Handler
    startup_stm32f429xx.o(RESET) refers to stm32f4xx_it.o(.text.NMI_Handler) for NMI_Handler
    startup_stm32f429xx.o(RESET) refers to stm32f4xx_it.o(.text.HardFault_Handler) for HardFault_Handler
    startup_stm32f429xx.o(RESET) refers to stm32f4xx_it.o(.text.MemManage_Handler) for MemManage_Handler
    startup_stm32f429xx.o(RESET) refers to stm32f4xx_it.o(.text.BusFault_Handler) for BusFault_Handler
    startup_stm32f429xx.o(RESET) refers to stm32f4xx_it.o(.text.UsageFault_Handler) for UsageFault_Handler
    startup_stm32f429xx.o(RESET) refers to port.o(.text.SVC_Handler) for SVC_Handler
    startup_stm32f429xx.o(RESET) refers to stm32f4xx_it.o(.text.DebugMon_Handler) for DebugMon_Handler
    startup_stm32f429xx.o(RESET) refers to port.o(.text.PendSV_Handler) for PendSV_Handler
    startup_stm32f429xx.o(RESET) refers to stm32f4xx_it.o(.text.SysTick_Handler) for SysTick_Handler
    startup_stm32f429xx.o(RESET) refers to usb_dc_dwc2.o(.text.OTG_HS_IRQHandler) for OTG_HS_IRQHandler
    startup_stm32f429xx.o(.text) refers to system_stm32f4xx.o(.text.SystemInit) for SystemInit
    startup_stm32f429xx.o(.text) refers to entry.o(.ARM.Collect$$$$00000000) for __main
    main.o(.text.fputc) refers to main.o(.bss.huart1) for huart1
    main.o(.text.fputc) refers to stm32f4xx_hal_uart.o(.text.HAL_UART_Transmit) for HAL_UART_Transmit
    main.o(.ARM.exidx.text.fputc) refers to main.o(.text.fputc) for [Anonymous Symbol]
    main.o(.text.usb_dc_low_level_init) refers to stm32f4xx_hal_gpio.o(.text.HAL_GPIO_Init) for HAL_GPIO_Init
    main.o(.text.usb_dc_low_level_init) refers to stm32f4xx_hal_cortex.o(.text.HAL_NVIC_SetPriority) for HAL_NVIC_SetPriority
    main.o(.text.usb_dc_low_level_init) refers to stm32f4xx_hal_cortex.o(.text.HAL_NVIC_EnableIRQ) for HAL_NVIC_EnableIRQ
    main.o(.ARM.exidx.text.usb_dc_low_level_init) refers to main.o(.text.usb_dc_low_level_init) for [Anonymous Symbol]
    main.o(.text.main) refers to stm32f4xx_hal.o(.text.HAL_Init) for HAL_Init
    main.o(.text.main) refers to main.o(.text.SystemClock_Config) for SystemClock_Config
    main.o(.text.main) refers to main.o(.text.MX_GPIO_Init) for MX_GPIO_Init
    main.o(.text.main) refers to main.o(.text.MX_USART1_UART_Init) for MX_USART1_UART_Init
    main.o(.text.main) refers to cdc_acm_msc_template.o(.text.cdc_acm_msc_init) for cdc_acm_msc_init
    main.o(.text.main) refers to cdc_acm_msc_template.o(.text.cdc_acm_data_send_with_dtr_test) for cdc_acm_data_send_with_dtr_test
    main.o(.text.main) refers to stm32f4xx_hal.o(.text.HAL_Delay) for HAL_Delay
    main.o(.ARM.exidx.text.main) refers to main.o(.text.main) for [Anonymous Symbol]
    main.o(.text.SystemClock_Config) refers to memseta.o(.text) for __aeabi_memclr4
    main.o(.text.SystemClock_Config) refers to stm32f4xx_hal_rcc.o(.text.HAL_RCC_OscConfig) for HAL_RCC_OscConfig
    main.o(.text.SystemClock_Config) refers to stm32f4xx_hal_rcc.o(.text.HAL_RCC_ClockConfig) for HAL_RCC_ClockConfig
    main.o(.text.SystemClock_Config) refers to main.o(.text.Error_Handler) for Error_Handler
    main.o(.ARM.exidx.text.SystemClock_Config) refers to main.o(.text.SystemClock_Config) for [Anonymous Symbol]
    main.o(.ARM.exidx.text.MX_GPIO_Init) refers to main.o(.text.MX_GPIO_Init) for [Anonymous Symbol]
    main.o(.text.MX_USART1_UART_Init) refers to main.o(.bss.huart1) for huart1
    main.o(.text.MX_USART1_UART_Init) refers to stm32f4xx_hal_uart.o(.text.HAL_UART_Init) for HAL_UART_Init
    main.o(.text.MX_USART1_UART_Init) refers to main.o(.text.Error_Handler) for Error_Handler
    main.o(.ARM.exidx.text.MX_USART1_UART_Init) refers to main.o(.text.MX_USART1_UART_Init) for [Anonymous Symbol]
    main.o(.ARM.exidx.text.Error_Handler) refers to main.o(.text.Error_Handler) for [Anonymous Symbol]
    stm32f4xx_it.o(.ARM.exidx.text.NMI_Handler) refers to stm32f4xx_it.o(.text.NMI_Handler) for [Anonymous Symbol]
    stm32f4xx_it.o(.ARM.exidx.text.HardFault_Handler) refers to stm32f4xx_it.o(.text.HardFault_Handler) for [Anonymous Symbol]
    stm32f4xx_it.o(.ARM.exidx.text.MemManage_Handler) refers to stm32f4xx_it.o(.text.MemManage_Handler) for [Anonymous Symbol]
    stm32f4xx_it.o(.ARM.exidx.text.BusFault_Handler) refers to stm32f4xx_it.o(.text.BusFault_Handler) for [Anonymous Symbol]
    stm32f4xx_it.o(.ARM.exidx.text.UsageFault_Handler) refers to stm32f4xx_it.o(.text.UsageFault_Handler) for [Anonymous Symbol]
    stm32f4xx_it.o(.ARM.exidx.text.DebugMon_Handler) refers to stm32f4xx_it.o(.text.DebugMon_Handler) for [Anonymous Symbol]
    stm32f4xx_it.o(.text.SysTick_Handler) refers to tasks.o(.text.xTaskGetSchedulerState) for xTaskGetSchedulerState
[...]
    $v0                                      0x080001c0   Number         0  startup_stm32f429xx.o(.text)
    .text                                    0x080001c0   Section       36  startup_stm32f429xx.o(.text)
    .text                                    0x080001e4   Section        0  uldiv.o(.text)
    .text                                    0x08000246   Section        0  memcpya.o(.text)
    .text                                    0x0800026a   Section        0  memseta.o(.text)
    .text                                    0x0800028e   Section        0  memcmp.o(.text)
    .text                                    0x080002a8   Section        0  llshl.o(.text)
    .text                                    0x080002c6   Section        0  llushr.o(.text)
    .text                                    0x080002e8   Section       36  init.o(.text)
    .text                                    0x0800030c   Section        0  __dczerorl.o(.text)
    [Anonymous Symbol]                       0x08000348   Section        0  stm32f4xx_it.o(.text.BusFault_Handler)
    [Anonymous Symbol]                       0x0800034c   Section        0  stm32f4xx_it.o(.text.DebugMon_Handler)
    [Anonymous Symbol]                       0x08000350   Section        0  main.o(.text.Error_Handler)
    [Anonymous Symbol]                       0x0800035c   Section        0  stm32f4xx_hal.o(.text.HAL_Delay)
    [Anonymous Symbol]                       0x08000384   Section        0  stm32f4xx_hal_gpio.o(.text.HAL_GPIO_Init)
    [Anonymous Symbol]                       0x08000518   Section        0  stm32f4xx_hal.o(.text.HAL_GetTick)
    [Anonymous Symbol]                       0x08000524   Section        0  stm32f4xx_hal.o(.text.HAL_IncTick)
    [Anonymous Symbol]                       0x08000540   Section        0  stm32f4xx_hal.o(.text.HAL_Init)
    [Anonymous Symbol]                       0x08000578   Section        0  stm32f4xx_hal.o(.text.HAL_InitTick)
    [Anonymous Symbol]                       0x080005c8   Section        0  stm32f4xx_hal_msp.o(.text.HAL_MspInit)
    [Anonymous Symbol]                       0x08000600   Section        0  stm32f4xx_hal_cortex.o(.text.HAL_NVIC_EnableIRQ)
    [Anonymous Symbol]                       0x08000608   Section        0  stm32f4xx_hal_cortex.o(.text.HAL_NVIC_SetPriority)
    [Anonymous Symbol]                       0x08000628   Section        0  stm32f4xx_hal_cortex.o(.text.HAL_NVIC_SetPriorityGrouping)
    [Anonymous Symbol]                       0x08000630   Section        0  stm32f4xx_hal_rcc.o(.text.HAL_RCC_ClockConfig)
    [Anonymous Symbol]                       0x08000790   Section        0  stm32f4xx_hal_rcc.o(.text.HAL_RCC_GetHCLKFreq)
    [Anonymous Symbol]                       0x0800079c   Section        0  stm32f4xx_hal_rcc.o(.text.HAL_RCC_GetPCLK1Freq)
    [Anonymous Symbol]                       0x080007c0   Section        0  stm32f4xx_hal_rcc.o(.text.HAL_RCC_GetPCLK2Freq)
    [Anonymous Symbol]                       0x080007e4   Section        0  stm32f4xx_hal_rcc.o(.text.HAL_RCC_GetSysClockFreq)
    [Anonymous Symbol]                       0x0800084c   Section        0  stm32f4xx_hal_rcc.o(.text.HAL_RCC_OscConfig)
    [Anonymous Symbol]                       0x08000b80   Section        0  stm32f4xx_hal_cortex.o(.text.HAL_SYSTICK_Config)
    [Anonymous Symbol]                       0x08000b88   Section        0  stm32f4xx_hal_uart.o(.text.HAL_UART_Init)
    [Anonymous Symbol]                       0x08000be8   Section        0  stm32f4xx_hal_msp.o(.text.HAL_UART_MspInit)
    [Anonymous Symbol]                       0x08000c5c   Section        0  stm32f4xx_hal_uart.o(.text.HAL_UART_Transmit)
    [Anonymous Symbol]                       0x08000d20   Section        0  stm32f4xx_it.o(.text.HardFault_Handler)
    MX_GPIO_Init                             0x08000d25   Thumb Code    76  main.o(.text.MX_GPIO_Init)
    [Anonymous Symbol]                       0x08000d24   Section        0  main.o(.text.MX_GPIO_Init)
    MX_USART1_UART_Init                      0x08000d71   Thumb Code    56  main.o(.text.MX_USART1_UART_Init)
    [Anonymous Symbol]                       0x08000d70   Section        0  main.o(.text.MX_USART1_UART_Init)
    [Anonymous Symbol]                       0x08000da8   Section        0  stm32f4xx_it.o(.text.MemManage_Handler)
    [Anonymous Symbol]                       0x08000dac   Section        0  stm32f4xx_it.o(.text.NMI_Handler)
    NVIC_EncodePriority                      0x08000db1   Thumb Code    44  stm32f4xx_hal_cortex.o(.text.NVIC_EncodePriority)
    [Anonymous Symbol]                       0x08000db0   Section        0  stm32f4xx_hal_cortex.o(.text.NVIC_EncodePriority)
    [Anonymous Symbol]                       0x08000ddc   Section        0  usb_dc_dwc2.o(.text.OTG_HS_IRQHandler)
    [Anonymous Symbol]                       0x080010b0   Section        0  port.o(.text.PendSV_Handler)
    pxCurrentTCBConst                        0x08001110   Number         0  port.o(.text.PendSV_Handler)
    SCSI_CBWDecode                           0x08001115   Thumb Code   568  usbd_msc.o(.text.SCSI_CBWDecode)
    [Anonymous Symbol]                       0x08001114   Section        0  usbd_msc.o(.text.SCSI_CBWDecode)
    SCSI_SetSenseData                        0x0800134d   Thumb Code    26  usbd_msc.o(.text.SCSI_SetSenseData)
    [Anonymous Symbol]                       0x0800134c   Section        0  usbd_msc.o(.text.SCSI_SetSenseData)
    SCSI_inquiry                             0x08001369   Thumb Code   176  usbd_msc.o(.text.SCSI_inquiry)
    [Anonymous Symbol]                       0x08001368   Section        0  usbd_msc.o(.text.SCSI_inquiry)
    SCSI_modeSense10                         0x08001419   Thumb Code    58  usbd_msc.o(.text.SCSI_modeSense10)
    [Anonymous Symbol]                       0x08001418   Section        0  usbd_msc.o(.text.SCSI_modeSense10)
    SCSI_modeSense6                          0x08001455   Thumb Code    78  usbd_msc.o(.text.SCSI_modeSense6)
    [Anonymous Symbol]                       0x08001454   Section        0  usbd_msc.o(.text.SCSI_modeSense6)
    SCSI_preventAllowMediaRemoval            0x080014a5   Thumb Code    36  usbd_msc.o(.text.SCSI_preventAllowMediaRemoval)
    [Anonymous Symbol]                       0x080014a4   Section        0  usbd_msc.o(.text.SCSI_preventAllowMediaRemoval)
    SCSI_processRead                         0x080014c9   Thumb Code   122  usbd_msc.o(.text.SCSI_processRead)
    [Anonymous Symbol]                       0x080014c8   Section        0  usbd_msc.o(.text.SCSI_processRead)
    SCSI_processWrite                        0x08001545   Thumb Code   122  usbd_msc.o(.text.SCSI_processWrite)
    [Anonymous Symbol]                       0x08001544   Section        0  usbd_msc.o(.text.SCSI_processWrite)
    SCSI_read10                              0x080015c1   Thumb Code   212  usbd_msc.o(.text.SCSI_read10)
    [Anonymous Symbol]                       0x080015c0   Section        0  usbd_msc.o(.text.SCSI_read10)
    SCSI_read12                              0x08001695   Thumb Code   216  usbd_msc.o(.text.SCSI_read12)
    [Anonymous Symbol]                       0x08001694   Section        0  usbd_msc.o(.text.SCSI_read12)
    SCSI_readCapacity10                      0x0800176d   Thumb Code    76  usbd_msc.o(.text.SCSI_readCapacity10)
    [Anonymous Symbol]                       0x0800176c   Section        0  usbd_msc.o(.text.SCSI_readCapacity10)
    SCSI_readFormatCapacity                  0x080017b9   Thumb Code    80  usbd_msc.o(.text.SCSI_readFormatCapacity)
    [Anonymous Symbol]                       0x080017b8   Section        0  usbd_msc.o(.text.SCSI_readFormatCapacity)
    SCSI_requestSense                        0x08001809   Thumb Code   110  usbd_msc.o(.text.SCSI_requestSense)
    [Anonymous Symbol]                       0x08001808   Section        0  usbd_msc.o(.text.SCSI_requestSense)
    SCSI_startStopUnit                       0x08001879   Thumb Code    36  usbd_msc.o(.text.SCSI_startStopUnit)
    [Anonymous Symbol]                       0x08001878   Section        0  usbd_msc.o(.text.SCSI_startStopUnit)
    SCSI_testUnitReady                       0x0800189d   Thumb Code    36  usbd_msc.o(.text.SCSI_testUnitReady)
    [Anonymous Symbol]                       0x0800189c   Section        0  usbd_msc.o(.text.SCSI_testUnitReady)
    SCSI_write10                             0x080018c1   Thumb Code   160  usbd_msc.o(.text.SCSI_write10)
    [Anonymous Symbol]                       0x080018c0   Section        0  usbd_msc.o(.text.SCSI_write10)
    SCSI_write12                             0x08001961   Thumb Code   160  usbd_msc.o(.text.SCSI_write12)
    [Anonymous Symbol]                       0x08001960   Section        0  usbd_msc.o(.text.SCSI_write12)
    [Anonymous Symbol]                       0x08001a00   Section        0  port.o(.text.SVC_Handler)
    pxCurrentTCBConst2                       0x08001a20   Number         0  port.o(.text.SVC_Handler)
    SysTick_Config                           0x08001a25   Thumb Code    46  stm32f4xx_hal_cortex.o(.text.SysTick_Config)
    [Anonymous Symbol]                       0x08001a24   Section        0  stm32f4xx_hal_cortex.o(.text.SysTick_Config)
    [Anonymous Symbol]                       0x08001a54   Section        0  stm32f4xx_it.o(.text.SysTick_Handler)
    [Anonymous Symbol]                       0x08001a68   Section        0  main.o(.text.SystemClock_Config)
    [Anonymous Symbol]                       0x08001b10   Section        0  system_stm32f4xx.o(.text.SystemInit)
    UART_SetConfig                           0x08001b2d   Thumb Code   364  stm32f4xx_hal_uart.o(.text.UART_SetConfig)
    [Anonymous Symbol]                       0x08001b2c   Section        0  stm32f4xx_hal_uart.o(.text.UART_SetConfig)
    UART_WaitOnFlagUntilTimeout              0x08001c99   Thumb Code   100  stm32f4xx_hal_uart.o(.text.UART_WaitOnFlagUntilTimeout)
    [Anonymous Symbol]                       0x08001c98   Section        0  stm32f4xx_hal_uart.o(.text.UART_WaitOnFlagUntilTimeout)
    [Anonymous Symbol]                       0x08001cfc   Section        0  stm32f4xx_it.o(.text.UsageFault_Handler)
    __NVIC_EnableIRQ                         0x08001d01   Thumb Code    32  stm32f4xx_hal_cortex.o(.text.__NVIC_EnableIRQ)
    [Anonymous Symbol]                       0x08001d00   Section        0  stm32f4xx_hal_cortex.o(.text.__NVIC_EnableIRQ)
    __NVIC_GetPriorityGrouping               0x08001d21   Thumb Code    16  stm32f4xx_hal_cortex.o(.text.__NVIC_GetPriorityGrouping)
    [Anonymous Symbol]                       0x08001d20   Section        0  stm32f4xx_hal_cortex.o(.text.__NVIC_GetPriorityGrouping)
    __NVIC_SetPriority                       0x08001d31   Thumb Code    34  stm32f4xx_hal_cortex.o(.text.__NVIC_SetPriority)
    [Anonymous Symbol]                       0x08001d30   Section        0  stm32f4xx_hal_cortex.o(.text.__NVIC_SetPriority)
    __NVIC_SetPriorityGrouping               0x08001d55   Thumb Code    32  stm32f4xx_hal_cortex.o(.text.__NVIC_SetPriorityGrouping)
    [Anonymous Symbol]                       0x08001d54   Section        0  stm32f4xx_hal_cortex.o(.text.__NVIC_SetPriorityGrouping)
    cdc_acm_class_interface_request_handler  0x08001d75   Thumb Code   224  usbd_cdc.o(.text.cdc_acm_class_interface_request_handler)
    [Anonymous Symbol]                       0x08001d74   Section        0  usbd_cdc.o(.text.cdc_acm_class_interface_request_handler)
    [Anonymous Symbol]                       0x08001e54   Section        0  cdc_acm_msc_template.o(.text.cdc_acm_data_send_with_dtr_test)
    [Anonymous Symbol]                       0x08001e9c   Section        0  cdc_acm_msc_template.o(.text.cdc_acm_msc_init)
    dwc2_core_init                           0x08001efd   Thumb Code    30  usb_dc_dwc2.o(.text.dwc2_core_init)
    [Anonymous Symbol]                       0x08001efc   Section        0  usb_dc_dwc2.o(.text.dwc2_core_init)
    dwc2_ep0_start_read_setup                0x08001f1d   Thumb Code    60  usb_dc_dwc2.o(.text.dwc2_ep0_start_read_setup)
    [Anonymous Symbol]                       0x08001f1c   Section        0  usb_dc_dwc2.o(.text.dwc2_ep0_start_read_setup)
    [Anonymous Symbol]                       0x08001f58   Section        0  usb_dc_dwc2.o(.text.dwc2_ep_write)
    dwc2_flush_rxfifo                        0x08001f85   Thumb Code    54  usb_dc_dwc2.o(.text.dwc2_flush_rxfifo)
    [Anonymous Symbol]                       0x08001f84   Section        0  usb_dc_dwc2.o(.text.dwc2_flush_rxfifo)
    dwc2_flush_txfifo                        0x08001fbd   Thumb Code    48  usb_dc_dwc2.o(.text.dwc2_flush_txfifo)
    [Anonymous Symbol]                       0x08001fbc   Section        0  usb_dc_dwc2.o(.text.dwc2_flush_txfifo)
    dwc2_get_devspeed                        0x08001fed   Thumb Code    34  usb_dc_dwc2.o(.text.dwc2_get_devspeed)
    [Anonymous Symbol]                       0x08001fec   Section        0  usb_dc_dwc2.o(.text.dwc2_get_devspeed)
    dwc2_get_glb_intstatus                   0x08002011   Thumb Code    14  usb_dc_dwc2.o(.text.dwc2_get_glb_intstatus)
    [Anonymous Symbol]                       0x08002010   Section        0  usb_dc_dwc2.o(.text.dwc2_get_glb_intstatus)
    dwc2_get_inep_intstatus                  0x08002021   Thumb Code    42  usb_dc_dwc2.o(.text.dwc2_get_inep_intstatus)
    [Anonymous Symbol]                       0x08002020   Section        0  usb_dc_dwc2.o(.text.dwc2_get_inep_intstatus)
    dwc2_get_ineps_intstatus                 0x0800204d   Thumb Code    18  usb_dc_dwc2.o(.text.dwc2_get_ineps_intstatus)
    [Anonymous Symbol]                       0x0800204c   Section        0  usb_dc_dwc2.o(.text.dwc2_get_ineps_intstatus)
    dwc2_get_outep_intstatus                 0x08002061   Thumb Code    22  usb_dc_dwc2.o(.text.dwc2_get_outep_intstatus)
    [Anonymous Symbol]                       0x08002060   Section        0  usb_dc_dwc2.o(.text.dwc2_get_outep_intstatus)
    dwc2_get_outeps_intstatus                0x08002079   Thumb Code    18  usb_dc_dwc2.o(.text.dwc2_get_outeps_intstatus)
    [Anonymous Symbol]                       0x08002078   Section        0  usb_dc_dwc2.o(.text.dwc2_get_outeps_intstatus)
    dwc2_reset                               0x0800208d   Thumb Code    72  usb_dc_dwc2.o(.text.dwc2_reset)
    [Anonymous Symbol]                       0x0800208c   Section        0  usb_dc_dwc2.o(.text.dwc2_reset)
    dwc2_set_mode                            0x080020d5   Thumb Code    24  usb_dc_dwc2.o(.text.dwc2_set_mode)
    [Anonymous Symbol]                       0x080020d4   Section        0  usb_dc_dwc2.o(.text.dwc2_set_mode)
    dwc2_set_turnaroundtime                  0x080020ed   Thumb Code   280  usb_dc_dwc2.o(.text.dwc2_set_turnaroundtime)
    [Anonymous Symbol]                       0x080020ec   Section        0  usb_dc_dwc2.o(.text.dwc2_set_turnaroundtime)
    dwc2_set_txfifo                          0x08002205   Thumb Code    80  usb_dc_dwc2.o(.text.dwc2_set_txfifo)
    [Anonymous Symbol]                       0x08002204   Section        0  usb_dc_dwc2.o(.text.dwc2_set_txfifo)
    dwc2_tx_fifo_empty_procecss              0x08002255   Thumb Code   186  usb_dc_dwc2.o(.text.dwc2_tx_fifo_empty_procecss)
    [Anonymous Symbol]                       0x08002254   Section        0  usb_dc_dwc2.o(.text.dwc2_tx_fifo_empty_procecss)
    [Anonymous Symbol]                       0x08002310   Section        0  main.o(.text.fputc)
    is_device_configured                     0x08002331   Thumb Code    20  usbd_core.o(.text.is_device_configured)
    [Anonymous Symbol]                       0x08002330   Section        0  usbd_core.o(.text.is_device_configured)
    [Anonymous Symbol]                       0x08002344   Section        0  main.o(.text.main)
    [Anonymous Symbol]                       0x08002368   Section        0  usbd_msc.o(.text.mass_storage_bulk_in)
    [Anonymous Symbol]                       0x080023bc   Section        0  usbd_msc.o(.text.mass_storage_bulk_out)
    msc_storage_class_interface_request_handler 0x08002439   Thumb Code   124  usbd_msc.o(.text.msc_storage_class_interface_request_handler)
    [Anonymous Symbol]                       0x08002438   Section        0  usbd_msc.o(.text.msc_storage_class_interface_request_handler)
    [Anonymous Symbol]                       0x080024b4   Section        0  usbd_msc.o(.text.msc_storage_notify_handler)
    prvResetNextTaskUnblockTime              0x080024e5   Thumb Code    38  tasks.o(.text.prvResetNextTaskUnblockTime)
    [Anonymous Symbol]                       0x080024e4   Section        0  tasks.o(.text.prvResetNextTaskUnblockTime)
    [Anonymous Symbol]                       0x0800250c   Section        0  usb_dc_dwc2.o(.text.usb_dc_init)
    [Anonymous Symbol]                       0x08002674   Section        0  main.o(.text.usb_dc_low_level_init)
    usb_slist_add_tail                       0x080026e9   Thumb Code    24  usbd_core.o(.text.usb_slist_add_tail)
    [Anonymous Symbol]                       0x080026e8   Section        0  usbd_core.o(.text.usb_slist_add_tail)
    [Anonymous Symbol]                       0x08002700   Section        0  usbd_core.o(.text.usbd_add_endpoint)
    [Anonymous Symbol]                       0x08002730   Section        0  usbd_core.o(.text.usbd_add_interface)
    [Anonymous Symbol]                       0x08002750   Section        0  cdc_acm_msc_template.o(.text.usbd_cdc_acm_bulk_in)
    [Anonymous Symbol]                       0x08002790   Section        0  cdc_acm_msc_template.o(.text.usbd_cdc_acm_bulk_out)
    [Anonymous Symbol]                       0x080027c0   Section        0  usbd_cdc.o(.text.usbd_cdc_acm_get_line_coding)
    [Anonymous Symbol]                       0x080027d4   Section        0  usbd_cdc.o(.text.usbd_cdc_acm_init_intf)
    [Anonymous Symbol]                       0x080027e8   Section        0  cdc_acm_msc_template.o(.text.usbd_cdc_acm_set_dtr)
    [Anonymous Symbol]                       0x080027f4   Section        0  usbd_cdc.o(.text.usbd_cdc_acm_set_line_coding)
    [Anonymous Symbol]                       0x080027f8   Section        0  usbd_cdc.o(.text.usbd_cdc_acm_set_rts)
    usbd_class_event_notify_handler          0x080027fd   Thumb Code    44  usbd_core.o(.text.usbd_class_event_notify_handler)
    [Anonymous Symbol]                       0x080027fc   Section        0  usbd_core.o(.text.usbd_class_event_notify_handler)
    usbd_class_request_handler               0x08002829   Thumb Code   144  usbd_core.o(.text.usbd_class_request_handler)
    [Anonymous Symbol]                       0x08002828   Section        0  usbd_core.o(.text.usbd_class_request_handler)
    [Anonymous Symbol]                       0x080028b8   Section        0  cdc_acm_msc_template.o(.text.usbd_configure_done_callback)
    [Anonymous Symbol]                       0x080028d0   Section        0  usbd_core.o(.text.usbd_desc_register)
    [Anonymous Symbol]                       0x0800291c   Section        0  usb_dc_dwc2.o(.text.usbd_ep_clear_stall)
    [Anonymous Symbol]                       0x08002994   Section        0  usb_dc_dwc2.o(.text.usbd_ep_close)
    [Anonymous Symbol]                       0x08002a14   Section        0  usb_dc_dwc2.o(.text.usbd_ep_open)
    [Anonymous Symbol]                       0x08002b30   Section        0  usb_dc_dwc2.o(.text.usbd_ep_set_stall)
    [Anonymous Symbol]                       0x08002b80   Section        0  usb_dc_dwc2.o(.text.usbd_ep_start_read)
    [Anonymous Symbol]                       0x08002c84   Section        0  usb_dc_dwc2.o(.text.usbd_ep_start_write)
    [Anonymous Symbol]                       0x08002d8c   Section        0  usbd_core.o(.text.usbd_event_ep0_in_complete_handler)
    [Anonymous Symbol]                       0x08002de0   Section        0  usbd_core.o(.text.usbd_event_ep0_out_complete_handler)
    [Anonymous Symbol]                       0x08002e28   Section        0  usbd_core.o(.text.usbd_event_ep0_setup_complete_handler)
    [Anonymous Symbol]                       0x08002f00   Section        0  usbd_core.o(.text.usbd_event_ep_in_complete_handler)
    [Anonymous Symbol]                       0x08002f20   Section        0  usbd_core.o(.text.usbd_event_ep_out_complete_handler)
    [Anonymous Symbol]                       0x08002f40   Section        0  usbd_core.o(.text.usbd_event_handler)
    [Anonymous Symbol]                       0x08002f54   Section        0  usbd_core.o(.text.usbd_event_reset_handler)
    usbd_get_descriptor                      0x08002f99   Thumb Code   408  usbd_core.o(.text.usbd_get_descriptor)
    [Anonymous Symbol]                       0x08002f98   Section        0  usbd_core.o(.text.usbd_get_descriptor)
    [Anonymous Symbol]                       0x08003130   Section        0  usbd_core.o(.text.usbd_initialize)
    usbd_msc_bot_abort                       0x08003139   Thumb Code    50  usbd_msc.o(.text.usbd_msc_bot_abort)
    [Anonymous Symbol]                       0x08003138   Section        0  usbd_msc.o(.text.usbd_msc_bot_abort)
    [Anonymous Symbol]                       0x0800316c   Section        0  cdc_acm_msc_template.o(.text.usbd_msc_get_cap)
    [Anonymous Symbol]                       0x0800317c   Section        0  usbd_msc.o(.text.usbd_msc_init_intf)
    usbd_msc_reset                           0x08003235   Thumb Code    18  usbd_msc.o(.text.usbd_msc_reset)
    [Anonymous Symbol]                       0x08003234   Section        0  usbd_msc.o(.text.usbd_msc_reset)
    [Anonymous Symbol]                       0x08003248   Section        0  cdc_acm_msc_template.o(.text.usbd_msc_sector_read)
    [Anonymous Symbol]                       0x0800326c   Section        0  cdc_acm_msc_template.o(.text.usbd_msc_sector_write)
    usbd_msc_send_csw                        0x0800328d   Thumb Code    48  usbd_msc.o(.text.usbd_msc_send_csw)
    [Anonymous Symbol]                       0x0800328c   Section        0  usbd_msc.o(.text.usbd_msc_send_csw)
    usbd_msc_send_info                       0x080032bd   Thumb Code    56  usbd_msc.o(.text.usbd_msc_send_info)
    [Anonymous Symbol]                       0x080032bc   Section        0  usbd_msc.o(.text.usbd_msc_send_info)
    usbd_print_setup                         0x080032f5   Thumb Code    74  usbd_core.o(.text.usbd_print_setup)
    [Anonymous Symbol]                       0x080032f4   Section        0  usbd_core.o(.text.usbd_print_setup)
    usbd_reset_endpoint                      0x08003341   Thumb Code    84  usbd_core.o(.text.usbd_reset_endpoint)
    [Anonymous Symbol]                       0x08003340   Section        0  usbd_core.o(.text.usbd_reset_endpoint)
    [Anonymous Symbol]                       0x08003394   Section        0  usb_dc_dwc2.o(.text.usbd_set_address)
    usbd_set_configuration                   0x080033b5   Thumb Code    94  usbd_core.o(.text.usbd_set_configuration)
    [Anonymous Symbol]                       0x080033b4   Section        0  usbd_core.o(.text.usbd_set_configuration)
    usbd_set_endpoint                        0x08003415   Thumb Code   120  usbd_core.o(.text.usbd_set_endpoint)
    [Anonymous Symbol]                       0x08003414   Section        0  usbd_core.o(.text.usbd_set_endpoint)
    usbd_set_interface                       0x0800348d   Thumb Code   108  usbd_core.o(.text.usbd_set_interface)
    [Anonymous Symbol]                       0x0800348c   Section        0  usbd_core.o(.text.usbd_set_interface)
    usbd_setup_request_handler               0x080034f9   Thumb Code   292  usbd_core.o(.text.usbd_setup_request_handler)
    [Anonymous Symbol]                       0x080034f8   Section        0  usbd_core.o(.text.usbd_setup_request_handler)
    usbd_standard_request_handler            0x0800361d   Thumb Code    58  usbd_core.o(.text.usbd_standard_request_handler)
    [Anonymous Symbol]                       0x0800361c   Section        0  usbd_core.o(.text.usbd_standard_request_handler)
    usbd_std_device_req_handler              0x08003659   Thumb Code   160  usbd_core.o(.text.usbd_std_device_req_handler)
    [Anonymous Symbol]                       0x08003658   Section        0  usbd_core.o(.text.usbd_std_device_req_handler)
    usbd_std_endpoint_req_handler            0x080036f9   Thumb Code   208  usbd_core.o(.text.usbd_std_endpoint_req_handler)
    [Anonymous Symbol]                       0x080036f8   Section        0  usbd_core.o(.text.usbd_std_endpoint_req_handler)
    usbd_std_interface_req_handler           0x080037c9   Thumb Code   228  usbd_core.o(.text.usbd_std_interface_req_handler)
    [Anonymous Symbol]                       0x080037c8   Section        0  usbd_core.o(.text.usbd_std_interface_req_handler)
    usbd_vendor_request_handler              0x080038ad   Thumb Code   412  usbd_core.o(.text.usbd_vendor_request_handler)
    [Anonymous Symbol]                       0x080038ac   Section        0  usbd_core.o(.text.usbd_vendor_request_handler)
    __tagsym$$used.0                         0x08003a48   Number         0  tasks.o(.text.vTaskSwitchContext)
    [Anonymous Symbol]                       0x08003a48   Section        0  tasks.o(.text.vTaskSwitchContext)
    [Anonymous Symbol]                       0x08003ab4   Section        0  port.o(.text.xPortSysTickHandler)
    [Anonymous Symbol]                       0x08003ae4   Section        0  tasks.o(.text.xTaskGetSchedulerState)
    [Anonymous Symbol]                       0x08003b0c   Section        0  tasks.o(.text.xTaskIncrementTick)
    i.__0printf$8                            0x08003ca4   Section        0  printf8.o(i.__0printf$8)
    i.__scatterload_copy                     0x08003cc4   Section       14  handlers.o(i.__scatterload_copy)
    i.__scatterload_null                     0x08003cd2   Section        2  handlers.o(i.__scatterload_null)
    i.__scatterload_zeroinit                 0x08003cd4   Section       14  handlers.o(i.__scatterload_zeroinit)
    _printf_core                             0x08003ce5   Thumb Code   996  printf8.o(i._printf_core)
    i._printf_core                           0x08003ce4   Section        0  printf8.o(i._printf_core)
    _printf_post_padding                     0x080040f5   Thumb Code    36  printf8.o(i._printf_post_padding)
    i._printf_post_padding                   0x080040f4   Section        0  printf8.o(i._printf_post_padding)
    _printf_pre_padding                      0x08004119   Thumb Code    46  printf8.o(i._printf_pre_padding)
    i._printf_pre_padding                    0x08004118   Section        0  printf8.o(i._printf_pre_padding)
    i.puts                                   0x08004148   Section        0  puts.o(i.puts)
    .L__const.SCSI_inquiry.inquiry           0x0800416c   Data          36  usbd_msc.o(.rodata..L__const.SCSI_inquiry.inquiry)
    .L__const.SCSI_modeSense10.sense10       0x08004190   Data          27  usbd_msc.o(.rodata..L__const.SCSI_modeSense10.sense10)
    .L__const.SCSI_requestSense.request_sense 0x080041ac   Data          18  usbd_msc.o(.rodata..L__const.SCSI_requestSense.request_sense)
    cdc_msc_descriptor                       0x080041d6   Data         201  cdc_acm_msc_template.o(.rodata.cdc_msc_descriptor)
    [Anonymous Symbol]                       0x080041d6   Section        0  cdc_acm_msc_template.o(.rodata.cdc_msc_descriptor)
    .L.str                                   0x0800429f   Data          14  usbd_msc.o(.rodata.str1.1)
    .L.str                                   0x0800429f   Data          14  usbd_msc.o(.rodata.str1.1)
    .L.str                                   0x0800429f   Data          14  usbd_msc.o(.rodata.str1.1)
    [Anonymous Symbol]                       0x0800429f   Section        0  usbd_msc.o(.rodata.str1.1)
    .L.str.5                                 0x080042ad   Data          14  usbd_msc.o(.rodata.str1.1)
    .L.str.2                                 0x080042bb   Data           5  usbd_msc.o(.rodata.str1.1)
    .L.str.2                                 0x080042bb   Data           5  usbd_msc.o(.rodata.str1.1)
    .L.str.2                                 0x080042bb   Data           5  usbd_msc.o(.rodata.str1.1)
    .L.str.17                                0x080042c0   Data          93  usbd_core.o(.rodata.str1.1)
    [Anonymous Symbol]                       0x080042c0   Section        0  usbd_core.o(.rodata.str1.1)
    .L.str.8                                 0x0800431d   Data          14  usbd_core.o(.rodata.str1.1)
    .data                                    0x20000000   Section        4  stdout.o(.data)
    bos_desc                                 0x200014a0   Data           4  usbd_core.o(.bss.bos_desc)
    [Anonymous Symbol]                       0x200014a0   Section        0  usbd_core.o(.bss.bos_desc)
    mass_ep_data                             0x20002948   Data          16  usbd_msc.o(.bss.mass_ep_data)
    [Anonymous Symbol]                       0x20002948   Section        0  usbd_msc.o(.bss.mass_ep_data)
    msosv1_desc                              0x20002958   Data           4  usbd_core.o(.bss.msosv1_desc)
    [Anonymous Symbol]                       0x20002958   Section        0  usbd_core.o(.bss.msosv1_desc)
    msosv2_desc                              0x2000295c   Data           4  usbd_core.o(.bss.msosv2_desc)
    [Anonymous Symbol]                       0x2000295c   Section        0  usbd_core.o(.bss.msosv2_desc)
    pxDelayedTaskList                        0x20002964   Data           4  tasks.o(.bss.pxDelayedTaskList)
    [Anonymous Symbol]                       0x20002964   Section        0  tasks.o(.bss.pxDelayedTaskList)
    pxOverflowDelayedTaskList                0x20002968   Data           4  tasks.o(.bss.pxOverflowDelayedTaskList)
    [Anonymous Symbol]                       0x20002968   Section        0  tasks.o(.bss.pxOverflowDelayedTaskList)
    pxReadyTasksLists                        0x2000296c   Data         640  tasks.o(.bss.pxReadyTasksLists)
    [Anonymous Symbol]                       0x2000296c   Section        0  tasks.o(.bss.pxReadyTasksLists)
    uxSchedulerSuspended                     0x20002cb4   Data           4  tasks.o(.bss.uxSchedulerSuspended)
    [Anonymous Symbol]                       0x20002cb4   Section        0  tasks.o(.bss.uxSchedulerSuspended)
    uxTopReadyPriority                       0x20002cb8   Data           4  tasks.o(.bss.uxTopReadyPriority)
    [Anonymous Symbol]                       0x20002cb8   Section        0  tasks.o(.bss.uxTopReadyPriority)
    xNextTaskUnblockTime                     0x20002cbc   Data           4  tasks.o(.bss.xNextTaskUnblockTime)
    [Anonymous Symbol]                       0x20002cbc   Section        0  tasks.o(.bss.xNextTaskUnblockTime)
    xNumOfOverflows                          0x20002cc0   Data           4  tasks.o(.bss.xNumOfOverflows)
    [Anonymous Symbol]                       0x20002cc0   Section        0  tasks.o(.bss.xNumOfOverflows)
    xPendedTicks                             0x20002cc4   Data           4  tasks.o(.bss.xPendedTicks)
    [Anonymous Symbol]                       0x20002cc4   Section        0  tasks.o(.bss.xPendedTicks)
    xSchedulerRunning                        0x20002cc8   Data           4  tasks.o(.bss.xSchedulerRunning)
    [Anonymous Symbol]                       0x20002cc8   Section        0  tasks.o(.bss.xSchedulerRunning)
    xTickCount                               0x20002ccc   Data           4  tasks.o(.bss.xTickCount)
    [Anonymous Symbol]                       0x20002ccc   Section        0  tasks.o(.bss.xTickCount)
    xYieldPending                            0x20002cd0   Data           4  tasks.o(.bss.xYieldPending)
    [Anonymous Symbol]                       0x20002cd0   Section        0  tasks.o(.bss.xYieldPending)
    STACK                                    0x20002cd8   Section     1024  startup_stm32f429xx.o(STACK)

    Global Symbols

    Symbol Name                              Value     Ov Type        Size  Object(Section)

    BuildAttributes$$THM_ISAv4$E$P$D$K$B$S$7EM$VFPi3$EXTD16$VFPS$VFMA$PE$A:L22UL41UL21$X:L11$S22US41US21$IEEE1$IW$~IW$USESV6$~STKCKD$USESV7$~SHL$OTIME$ROPI$EBA8$MICROLIB$REQ8$PRES8$EABIv2 0x00000000   Number         0  anon$$obj.o ABSOLUTE
    _printf_a                                0x00000000   Number         0  printfstubs.o ABSOLUTE
    _printf_c                                0x00000000   Number         0  printfstubs.o ABSOLUTE
    _printf_charcount                        0x00000000   Number         0  printfstubs.o ABSOLUTE
    _printf_d                                0x00000000   Number         0  printfstubs.o ABSOLUTE
    _printf_e                                0x00000000   Number         0  printfstubs.o ABSOLUTE
    _printf_f                                0x00000000   Number         0  printfstubs.o ABSOLUTE
    _printf_flags                            0x00000000   Number         0  printfstubs.o ABSOLUTE
    _printf_fp_dec                           0x00000000   Number         0  printfstubs.o ABSOLUTE
    _printf_fp_hex                           0x00000000   Number         0  printfstubs.o ABSOLUTE
    _printf_g                                0x00000000   Number         0  printfstubs.o ABSOLUTE
    _printf_i                                0x00000000   Number         0  printfstubs.o ABSOLUTE
    _printf_int_dec                          0x00000000   Number         0  printfstubs.o ABSOLUTE
    _printf_l                                0x00000000   Number         0  printfstubs.o ABSOLUTE
    _printf_lc                               0x00000000   Number         0  printfstubs.o ABSOLUTE
    _printf_ll                               0x00000000   Number         0  printfstubs.o ABSOLUTE
    _printf_lld                              0x00000000   Number         0  printfstubs.o ABSOLUTE
    _printf_lli                              0x00000000   Number         0  printfstubs.o ABSOLUTE
    _printf_llo                              0x00000000   Number         0  printfstubs.o ABSOLUTE
    _printf_llu                              0x00000000   Number         0  printfstubs.o ABSOLUTE
    _printf_llx                              0x00000000   Number         0  printfstubs.o ABSOLUTE
    _printf_longlong_dec                     0x00000000   Number         0  printfstubs.o ABSOLUTE
    _printf_longlong_hex                     0x00000000   Number         0  printfstubs.o ABSOLUTE
    _printf_longlong_oct                     0x00000000   Number         0  printfstubs.o ABSOLUTE
    _printf_ls                               0x00000000   Number         0  printfstubs.o ABSOLUTE
    _printf_mbtowc                           0x00000000   Number         0  printfstubs.o ABSOLUTE
    _printf_n                                0x00000000   Number         0  printfstubs.o ABSOLUTE
    _printf_o                                0x00000000   Number         0  printfstubs.o ABSOLUTE
    _printf_p                                0x00000000   Number         0  printfstubs.o ABSOLUTE
    _printf_percent                          0x00000000   Number         0  printfstubs.o ABSOLUTE
    _printf_pre_padding                      0x00000000   Number         0  printfstubs.o ABSOLUTE
    _printf_return_value                     0x00000000   Number         0  printfstubs.o ABSOLUTE
    _printf_s                                0x00000000   Number         0  printfstubs.o ABSOLUTE
    _printf_sizespec                         0x00000000   Number         0  printfstubs.o ABSOLUTE
    _printf_str                              0x00000000   Number         0  printfstubs.o ABSOLUTE
    _printf_truncate_signed                  0x00000000   Number         0  printfstubs.o ABSOLUTE
    _printf_truncate_unsigned                0x00000000   Number         0  printfstubs.o ABSOLUTE
    _printf_u                                0x00000000   Number         0  printfstubs.o ABSOLUTE
    _printf_wc                               0x00000000   Number         0  printfstubs.o ABSOLUTE
    _printf_wctomb                           0x00000000   Number         0  printfstubs.o ABSOLUTE
    _printf_widthprec                        0x00000000   Number         0  printfstubs.o ABSOLUTE
    _printf_x                                0x00000000   Number         0  printfstubs.o ABSOLUTE
    __cpp_initialize__aeabi_                  - Undefined Weak Reference
    __cxa_finalize                            - Undefined Weak Reference
    _clock_init                               - Undefined Weak Reference
    _microlib_exit                            - Undefined Weak Reference
    __Vectors_Size                           0x000001ac   Number         0  startup_stm32f429xx.o ABSOLUTE
    __Vectors                                0x08000000   Data           4  startup_stm32f429xx.o(RESET)
    __Vectors_End                            0x080001ac   Data           0  startup_stm32f429xx.o(RESET)
    __main                                   0x080001ad   Thumb Code     0  entry.o(.ARM.Collect$$$$00000000)
    _main_stk                                0x080001ad   Thumb Code     0  entry2.o(.ARM.Collect$$$$00000001)
    _main_scatterload                        0x080001b1   Thumb Code     0  entry5.o(.ARM.Collect$$$$00000004)
    __main_after_scatterload                 0x080001b5   Thumb Code     0  entry5.o(.ARM.Collect$$$$00000004)
    _main_clock                              0x080001b5   Thumb Code     0  entry7b.o(.ARM.Collect$$$$00000008)
    _main_cpp_init                           0x080001b5   Thumb Code     0  entry8b.o(.ARM.Collect$$$$0000000A)
    _main_init                               0x080001b5   Thumb Code     0  entry9a.o(.ARM.Collect$$$$0000000B)
    __rt_final_cpp                           0x080001bd   Thumb Code     0  entry10a.o(.ARM.Collect$$$$0000000D)
    __rt_final_exit                          0x080001bd   Thumb Code     0  entry11a.o(.ARM.Collect$$$$0000000F)
    Reset_Handler                            0x080001c1   Thumb Code     8  startup_stm32f429xx.o(.text)
    ADC_IRQHandler                           0x080001db   Thumb Code     0  startup_stm32f429xx.o(.text)
    CAN1_RX0_IRQHandler                      0x080001db   Thumb Code     0  startup_stm32f429xx.o(.text)
    CAN1_RX1_IRQHandler                      0x080001db   Thumb Code     0  startup_stm32f429xx.o(.text)
    CAN1_SCE_IRQHandler                      0x080001db   Thumb Code     0  startup_stm32f429xx.o(.text)
    CAN1_TX_IRQHandler                       0x080001db   Thumb Code     0  startup_stm32f429xx.o(.text)
    CAN2_RX0_IRQHandler                      0x080001db   Thumb Code     0  startup_stm32f429xx.o(.text)
    CAN2_RX1_IRQHandler                      0x080001db   Thumb Code     0  startup_stm32f429xx.o(.text)
    CAN2_SCE_IRQHandler                      0x080001db   Thumb Code     0  startup_stm32f429xx.o(.text)
    CAN2_TX_IRQHandler                       0x080001db   Thumb Code     0  startup_stm32f429xx.o(.text)
    DCMI_IRQHandler                          0x080001db   Thumb Code     0  startup_stm32f429xx.o(.text)
    DMA1_Stream0_IRQHandler                  0x080001db   Thumb Code     0  startup_stm32f429xx.o(.text)
    DMA1_Stream1_IRQHandler                  0x080001db   Thumb Code     0  startup_stm32f429xx.o(.text)
    DMA1_Stream2_IRQHandler                  0x080001db   Thumb Code     0  startup_stm32f429xx.o(.text)
    DMA1_Stream3_IRQHandler                  0x080001db   Thumb Code     0  startup_stm32f429xx.o(.text)
    DMA1_Stream4_IRQHandler                  0x080001db   Thumb Code     0  startup_stm32f429xx.o(.text)
    DMA1_Stream5_IRQHandler                  0x080001db   Thumb Code     0  startup_stm32f429xx.o(.text)
    DMA1_Stream6_IRQHandler                  0x080001db   Thumb Code     0  startup_stm32f429xx.o(.text)
    DMA1_Stream7_IRQHandler                  0x080001db   Thumb Code     0  startup_stm32f429xx.o(.text)
    DMA2D_IRQHandler                         0x080001db   Thumb Code     0  startup_stm32f429xx.o(.text)
    DMA2_Stream0_IRQHandler                  0x080001db   Thumb Code     0  startup_stm32f429xx.o(.text)
    DMA2_Stream1_IRQHandler                  0x080001db   Thumb Code     0  startup_stm32f429xx.o(.text)
    DMA2_Stream2_IRQHandler                  0x080001db   Thumb Code     0  startup_stm32f429xx.o(.text)
    DMA2_Stream3_IRQHandler                  0x080001db   Thumb Code     0  startup_stm32f429xx.o(.text)
    DMA2_Stream4_IRQHandler                  0x080001db   Thumb Code     0  startup_stm32f429xx.o(.text)
    DMA2_Stream5_IRQHandler                  0x080001db   Thumb Code     0  startup_stm32f429xx.o(.text)
    DMA2_Stream6_IRQHandler                  0x080001db   Thumb Code     0  startup_stm32f429xx.o(.text)
    DMA2_Stream7_IRQHandler                  0x080001db   Thumb Code     0  startup_stm32f429xx.o(.text)
    ETH_IRQHandler                           0x080001db   Thumb Code     0  startup_stm32f429xx.o(.text)
    ETH_WKUP_IRQHandler                      0x080001db   Thumb Code     0  startup_stm32f429xx.o(.text)
    EXTI0_IRQHandler                         0x080001db   Thumb Code     0  startup_stm32f429xx.o(.text)
    EXTI15_10_IRQHandler                     0x080001db   Thumb Code     0  startup_stm32f429xx.o(.text)
    EXTI1_IRQHandler                         0x080001db   Thumb Code     0  startup_stm32f429xx.o(.text)
    EXTI2_IRQHandler                         0x080001db   Thumb Code     0  startup_stm32f429xx.o(.text)
    EXTI3_IRQHandler                         0x080001db   Thumb Code     0  startup_stm32f429xx.o(.text)
    EXTI4_IRQHandler                         0x080001db   Thumb Code     0  startup_stm32f429xx.o(.text)
    EXTI9_5_IRQHandler                       0x080001db   Thumb Code     0  startup_stm32f429xx.o(.text)
    FLASH_IRQHandler                         0x080001db   Thumb Code     0  startup_stm32f429xx.o(.text)
    FMC_IRQHandler                           0x080001db   Thumb Code     0  startup_stm32f429xx.o(.text)
    FPU_IRQHandler                           0x080001db   Thumb Code     0  startup_stm32f429xx.o(.text)
    HASH_RNG_IRQHandler                      0x080001db   Thumb Code     0  startup_stm32f429xx.o(.text)
    I2C1_ER_IRQHandler                       0x080001db   Thumb Code     0  startup_stm32f429xx.o(.text)
    I2C1_EV_IRQHandler                       0x080001db   Thumb Code     0  startup_stm32f429xx.o(.text)
    I2C2_ER_IRQHandler                       0x080001db   Thumb Code     0  startup_stm32f429xx.o(.text)
    I2C2_EV_IRQHandler                       0x080001db   Thumb Code     0  startup_stm32f429xx.o(.text)
    I2C3_ER_IRQHandler                       0x080001db   Thumb Code     0  startup_stm32f429xx.o(.text)
    I2C3_EV_IRQHandler                       0x080001db   Thumb Code     0  startup_stm32f429xx.o(.text)
    LTDC_ER_IRQHandler                       0x080001db   Thumb Code     0  startup_stm32f429xx.o(.text)
    LTDC_IRQHandler                          0x080001db   Thumb Code     0  startup_stm32f429xx.o(.text)
    OTG_FS_IRQHandler                        0x080001db   Thumb Code     0  startup_stm32f429xx.o(.text)
    OTG_FS_WKUP_IRQHandler                   0x080001db   Thumb Code     0  startup_stm32f429xx.o(.text)
    OTG_HS_EP1_IN_IRQHandler                 0x080001db   Thumb Code     0  startup_stm32f429xx.o(.text)
    OTG_HS_EP1_OUT_IRQHandler                0x080001db   Thumb Code     0  startup_stm32f429xx.o(.text)
    OTG_HS_WKUP_IRQHandler                   0x080001db   Thumb Code     0  startup_stm32f429xx.o(.text)
    PVD_IRQHandler                           0x080001db   Thumb Code     0  startup_stm32f429xx.o(.text)
    RCC_IRQHandler                           0x080001db   Thumb Code     0  startup_stm32f429xx.o(.text)
    RTC_Alarm_IRQHandler                     0x080001db   Thumb Code     0  startup_stm32f429xx.o(.text)
    RTC_WKUP_IRQHandler                      0x080001db   Thumb Code     0  startup_stm32f429xx.o(.text)
    SAI1_IRQHandler                          0x080001db   Thumb Code     0  startup_stm32f429xx.o(.text)
    SDIO_IRQHandler                          0x080001db   Thumb Code     0  startup_stm32f429xx.o(.text)
    SPI1_IRQHandler                          0x080001db   Thumb Code     0  startup_stm32f429xx.o(.text)
    SPI2_IRQHandler                          0x080001db   Thumb Code     0  startup_stm32f429xx.o(.text)
    SPI3_IRQHandler                          0x080001db   Thumb Code     0  startup_stm32f429xx.o(.text)
    SPI4_IRQHandler                          0x080001db   Thumb Code     0  startup_stm32f429xx.o(.text)
    SPI5_IRQHandler                          0x080001db   Thumb Code     0  startup_stm32f429xx.o(.text)
    SPI6_IRQHandler                          0x080001db   Thumb Code     0  startup_stm32f429xx.o(.text)
    TAMP_STAMP_IRQHandler                    0x080001db   Thumb Code     0  startup_stm32f429xx.o(.text)
    TIM1_BRK_TIM9_IRQHandler                 0x080001db   Thumb Code     0  startup_stm32f429xx.o(.text)
    TIM1_CC_IRQHandler                       0x080001db   Thumb Code     0  startup_stm32f429xx.o(.text)
    TIM1_TRG_COM_TIM11_IRQHandler            0x080001db   Thumb Code     0  startup_stm32f429xx.o(.text)
    TIM1_UP_TIM10_IRQHandler                 0x080001db   Thumb Code     0  startup_stm32f429xx.o(.text)
    TIM2_IRQHandler                          0x080001db   Thumb Code     0  startup_stm32f429xx.o(.text)
    TIM3_IRQHandler                          0x080001db   Thumb Code     0  startup_stm32f429xx.o(.text)
    TIM4_IRQHandler                          0x080001db   Thumb Code     0  startup_stm32f429xx.o(.text)
    TIM5_IRQHandler                          0x080001db   Thumb Code     0  startup_stm32f429xx.o(.text)
    TIM6_DAC_IRQHandler                      0x080001db   Thumb Code     0  startup_stm32f429xx.o(.text)
    TIM7_IRQHandler                          0x080001db   Thumb Code     0  startup_stm32f429xx.o(.text)
    TIM8_BRK_TIM12_IRQHandler                0x080001db   Thumb Code     0  startup_stm32f429xx.o(.text)
    TIM8_CC_IRQHandler                       0x080001db   Thumb Code     0  startup_stm32f429xx.o(.text)
    TIM8_TRG_COM_TIM14_IRQHandler            0x080001db   Thumb Code     0  startup_stm32f429xx.o(.text)
    TIM8_UP_TIM13_IRQHandler                 0x080001db   Thumb Code     0  startup_stm32f429xx.o(.text)
    UART4_IRQHandler                         0x080001db   Thumb Code     0  startup_stm32f429xx.o(.text)
    UART5_IRQHandler                         0x080001db   Thumb Code     0  startup_stm32f429xx.o(.text)
    UART7_IRQHandler                         0x080001db   Thumb Code     0  startup_stm32f429xx.o(.text)
    UART8_IRQHandler                         0x080001db   Thumb Code     0  startup_stm32f429xx.o(.text)
    USART1_IRQHandler                        0x080001db   Thumb Code     0  startup_stm32f429xx.o(.text)
    USART2_IRQHandler                        0x080001db   Thumb Code     0  startup_stm32f429xx.o(.text)
    USART3_IRQHandler                        0x080001db   Thumb Code     0  startup_stm32f429xx.o(.text)
    USART6_IRQHandler                        0x080001db   Thumb Code     0  startup_stm32f429xx.o(.text)
    WWDG_IRQHandler                          0x080001db   Thumb Code     0  startup_stm32f429xx.o(.text)
    __aeabi_uldivmod                         0x080001e5   Thumb Code    98  uldiv.o(.text)
    __aeabi_memcpy                           0x08000247   Thumb Code    36  memcpya.o(.text)
    __aeabi_memcpy4                          0x08000247   Thumb Code     0  memcpya.o(.text)
    __aeabi_memcpy8                          0x08000247   Thumb Code     0  memcpya.o(.text)
    __aeabi_memset                           0x0800026b   Thumb Code    14  memseta.o(.text)
    __aeabi_memset4                          0x0800026b   Thumb Code     0  memseta.o(.text)
    __aeabi_memset8                          0x0800026b   Thumb Code     0  memseta.o(.text)
    __aeabi_memclr                           0x08000279   Thumb Code     4  memseta.o(.text)
    __aeabi_memclr4                          0x08000279   Thumb Code     0  memseta.o(.text)
    __aeabi_memclr8                          0x08000279   Thumb Code     0  memseta.o(.text)
    _memset$wrapper                          0x0800027d   Thumb Code    18  memseta.o(.text)
    memcmp                                   0x0800028f   Thumb Code    26  memcmp.o(.text)
    __aeabi_llsl                             0x080002a9   Thumb Code    30  llshl.o(.text)
    _ll_shift_l                              0x080002a9   Thumb Code     0  llshl.o(.text)
    __aeabi_llsr                             0x080002c7   Thumb Code    32  llushr.o(.text)
    _ll_ushift_r                             0x080002c7   Thumb Code     0  llushr.o(.text)
    __scatterload                            0x080002e9   Thumb Code    28  init.o(.text)
    __scatterload_rt2                        0x080002e9   Thumb Code     0  init.o(.text)
    __decompress                             0x0800030d   Thumb Code     0  __dczerorl.o(.text)
    __decompress0                            0x0800030d   Thumb Code    58  __dczerorl.o(.text)
    BusFault_Handler                         0x08000349   Thumb Code     2  stm32f4xx_it.o(.text.BusFault_Handler)
    DebugMon_Handler                         0x0800034d   Thumb Code     2  stm32f4xx_it.o(.text.DebugMon_Handler)
    Error_Handler                            0x08000351   Thumb Code    10  main.o(.text.Error_Handler)
    HAL_Delay                                0x0800035d   Thumb Code    40  stm32f4xx_hal.o(.text.HAL_Delay)
    HAL_GPIO_Init                            0x08000385   Thumb Code   404  stm32f4xx_hal_gpio.o(.text.HAL_GPIO_Init)
    HAL_GetTick                              0x08000519   Thumb Code    12  stm32f4xx_hal.o(.text.HAL_GetTick)
    HAL_IncTick                              0x08000525   Thumb Code    26  stm32f4xx_hal.o(.text.HAL_IncTick)
    HAL_Init                                 0x08000541   Thumb Code    54  stm32f4xx_hal.o(.text.HAL_Init)
    HAL_InitTick                             0x08000579   Thumb Code    80  stm32f4xx_hal.o(.text.HAL_InitTick)
    HAL_MspInit                              0x080005c9   Thumb Code    56  stm32f4xx_hal_msp.o(.text.HAL_MspInit)
    HAL_NVIC_EnableIRQ                       0x08000601   Thumb Code     8  stm32f4xx_hal_cortex.o(.text.HAL_NVIC_EnableIRQ)
    HAL_NVIC_SetPriority                     0x08000609   Thumb Code    30  stm32f4xx_hal_cortex.o(.text.HAL_NVIC_SetPriority)
    HAL_NVIC_SetPriorityGrouping             0x08000629   Thumb Code     8  stm32f4xx_hal_cortex.o(.text.HAL_NVIC_SetPriorityGrouping)
    HAL_RCC_ClockConfig                      0x08000631   Thumb Code   352  stm32f4xx_hal_rcc.o(.text.HAL_RCC_ClockConfig)
    HAL_RCC_GetHCLKFreq                      0x08000791   Thumb Code    12  stm32f4xx_hal_rcc.o(.text.HAL_RCC_GetHCLKFreq)
    HAL_RCC_GetPCLK1Freq                     0x0800079d   Thumb Code    34  stm32f4xx_hal_rcc.o(.text.HAL_RCC_GetPCLK1Freq)
    HAL_RCC_GetPCLK2Freq                     0x080007c1   Thumb Code    34  stm32f4xx_hal_rcc.o(.text.HAL_RCC_GetPCLK2Freq)
    HAL_RCC_GetSysClockFreq                  0x080007e5   Thumb Code   104  stm32f4xx_hal_rcc.o(.text.HAL_RCC_GetSysClockFreq)
    HAL_RCC_OscConfig                        0x0800084d   Thumb Code   820  stm32f4xx_hal_rcc.o(.text.HAL_RCC_OscConfig)
    HAL_SYSTICK_Config                       0x08000b81   Thumb Code     8  stm32f4xx_hal_cortex.o(.text.HAL_SYSTICK_Config)
    HAL_UART_Init                            0x08000b89   Thumb Code    94  stm32f4xx_hal_uart.o(.text.HAL_UART_Init)
    HAL_UART_MspInit                         0x08000be9   Thumb Code   116  stm32f4xx_hal_msp.o(.text.HAL_UART_MspInit)
    HAL_UART_Transmit                        0x08000c5d   Thumb Code   194  stm32f4xx_hal_uart.o(.text.HAL_UART_Transmit)
    HardFault_Handler                        0x08000d21   Thumb Code     2  stm32f4xx_it.o(.text.HardFault_Handler)
    MemManage_Handler                        0x08000da9   Thumb Code     2  stm32f4xx_it.o(.text.MemManage_Handler)
    NMI_Handler                              0x08000dad   Thumb Code     2  stm32f4xx_it.o(.text.NMI_Handler)
    OTG_HS_IRQHandler                        0x08000ddd   Thumb Code   722  usb_dc_dwc2.o(.text.OTG_HS_IRQHandler)
    PendSV_Handler                           0x080010b1   Thumb Code   100  port.o(.text.PendSV_Handler)
    SVC_Handler                              0x08001a01   Thumb Code    36  port.o(.text.SVC_Handler)
    SysTick_Handler                          0x08001a55   Thumb Code    20  stm32f4xx_it.o(.text.SysTick_Handler)
    SystemClock_Config                       0x08001a69   Thumb Code   166  main.o(.text.SystemClock_Config)
    SystemInit                               0x08001b11   Thumb Code    26  system_stm32f4xx.o(.text.SystemInit)
    UsageFault_Handler                       0x08001cfd   Thumb Code     2  stm32f4xx_it.o(.text.UsageFault_Handler)
    cdc_acm_data_send_with_dtr_test          0x08001e55   Thumb Code    72  cdc_acm_msc_template.o(.text.cdc_acm_data_send_with_dtr_test)
    cdc_acm_msc_init                         0x08001e9d   Thumb Code    96  cdc_acm_msc_template.o(.text.cdc_acm_msc_init)
    dwc2_ep_write                            0x08001f59   Thumb Code    42  usb_dc_dwc2.o(.text.dwc2_ep_write)
    fputc                                    0x08002311   Thumb Code    32  main.o(.text.fputc)
    main                                     0x08002345   Thumb Code    34  main.o(.text.main)
    mass_storage_bulk_in                     0x08002369   Thumb Code    84  usbd_msc.o(.text.mass_storage_bulk_in)
    mass_storage_bulk_out                    0x080023bd   Thumb Code   124  usbd_msc.o(.text.mass_storage_bulk_out)
    msc_storage_notify_handler               0x080024b5   Thumb Code    46  usbd_msc.o(.text.msc_storage_notify_handler)
    usb_dc_init                              0x0800250d   Thumb Code   360  usb_dc_dwc2.o(.text.usb_dc_init)
    usb_dc_low_level_init                    0x08002675   Thumb Code   116  main.o(.text.usb_dc_low_level_init)
    usbd_add_endpoint                        0x08002701   Thumb Code    46  usbd_core.o(.text.usbd_add_endpoint)
    usbd_add_interface                       0x08002731   Thumb Code    32  usbd_core.o(.text.usbd_add_interface)
    usbd_cdc_acm_bulk_in                     0x08002751   Thumb Code    64  cdc_acm_msc_template.o(.text.usbd_cdc_acm_bulk_in)
    usbd_cdc_acm_bulk_out                    0x08002791   Thumb Code    48  cdc_acm_msc_template.o(.text.usbd_cdc_acm_bulk_out)
    usbd_cdc_acm_get_line_coding             0x080027c1   Thumb Code    20  usbd_cdc.o(.text.usbd_cdc_acm_get_line_coding)
    usbd_cdc_acm_init_intf                   0x080027d5   Thumb Code    20  usbd_cdc.o(.text.usbd_cdc_acm_init_intf)
    usbd_cdc_acm_set_dtr                     0x080027e9   Thumb Code    12  cdc_acm_msc_template.o(.text.usbd_cdc_acm_set_dtr)
    usbd_cdc_acm_set_line_coding             0x080027f5   Thumb Code     2  usbd_cdc.o(.text.usbd_cdc_acm_set_line_coding)
    usbd_cdc_acm_set_rts                     0x080027f9   Thumb Code     2  usbd_cdc.o(.text.usbd_cdc_acm_set_rts)
    usbd_configure_done_callback             0x080028b9   Thumb Code    22  cdc_acm_msc_template.o(.text.usbd_configure_done_callback)
    usbd_desc_register                       0x080028d1   Thumb Code    74  usbd_core.o(.text.usbd_desc_register)
    usbd_ep_clear_stall                      0x0800291d   Thumb Code   120  usb_dc_dwc2.o(.text.usbd_ep_clear_stall)
    usbd_ep_close                            0x08002995   Thumb Code   128  usb_dc_dwc2.o(.text.usbd_ep_close)
    usbd_ep_open                             0x08002a15   Thumb Code   284  usb_dc_dwc2.o(.text.usbd_ep_open)
    usbd_ep_set_stall                        0x08002b31   Thumb Code    80  usb_dc_dwc2.o(.text.usbd_ep_set_stall)
    usbd_ep_start_read                       0x08002b81   Thumb Code   260  usb_dc_dwc2.o(.text.usbd_ep_start_read)
    usbd_ep_start_write                      0x08002c85   Thumb Code   264  usb_dc_dwc2.o(.text.usbd_ep_start_write)
    usbd_event_ep0_in_complete_handler       0x08002d8d   Thumb Code    82  usbd_core.o(.text.usbd_event_ep0_in_complete_handler)
    usbd_event_ep0_out_complete_handler      0x08002de1   Thumb Code    72  usbd_core.o(.text.usbd_event_ep0_out_complete_handler)
    usbd_event_ep0_setup_complete_handler    0x08002e29   Thumb Code   216  usbd_core.o(.text.usbd_event_ep0_setup_complete_handler)
    usbd_event_ep_in_complete_handler        0x08002f01   Thumb Code    32  usbd_core.o(.text.usbd_event_ep_in_complete_handler)
    usbd_event_ep_out_complete_handler       0x08002f21   Thumb Code    32  usbd_core.o(.text.usbd_event_ep_out_complete_handler)
    usbd_event_handler                       0x08002f41   Thumb Code    18  usbd_core.o(.text.usbd_event_handler)
    usbd_event_reset_handler                 0x08002f55   Thumb Code    68  usbd_core.o(.text.usbd_event_reset_handler)
    usbd_initialize                          0x08003131   Thumb Code     8  usbd_core.o(.text.usbd_initialize)
    usbd_msc_get_cap                         0x0800316d   Thumb Code    14  cdc_acm_msc_template.o(.text.usbd_msc_get_cap)
    usbd_msc_init_intf                       0x0800317d   Thumb Code   184  usbd_msc.o(.text.usbd_msc_init_intf)
    usbd_msc_sector_read                     0x08003249   Thumb Code    34  cdc_acm_msc_template.o(.text.usbd_msc_sector_read)
    usbd_msc_sector_write                    0x0800326d   Thumb Code    30  cdc_acm_msc_template.o(.text.usbd_msc_sector_write)
    usbd_set_address                         0x08003395   Thumb Code    32  usb_dc_dwc2.o(.text.usbd_set_address)
    vTaskSwitchContext                       0x08003a49   Thumb Code   108  tasks.o(.text.vTaskSwitchContext)
    xPortSysTickHandler                      0x08003ab5   Thumb Code    46  port.o(.text.xPortSysTickHandler)
    xTaskGetSchedulerState                   0x08003ae5   Thumb Code    38  tasks.o(.text.xTaskGetSchedulerState)
    xTaskIncrementTick                       0x08003b0d   Thumb Code   406  tasks.o(.text.xTaskIncrementTick)
    __0printf$8                              0x08003ca5   Thumb Code    22  printf8.o(i.__0printf$8)
    __1printf$8                              0x08003ca5   Thumb Code     0  printf8.o(i.__0printf$8)
    __2printf                                0x08003ca5   Thumb Code     0  printf8.o(i.__0printf$8)
    __scatterload_copy                       0x08003cc5   Thumb Code    14  handlers.o(i.__scatterload_copy)
    __scatterload_null                       0x08003cd3   Thumb Code     2  handlers.o(i.__scatterload_null)
    __scatterload_zeroinit                   0x08003cd5   Thumb Code    14  handlers.o(i.__scatterload_zeroinit)
    puts                                     0x08004149   Thumb Code    30  puts.o(i.puts)
    AHBPrescTable                            0x080041be   Data          16  system_stm32f4xx.o(.rodata.AHBPrescTable)
    APBPrescTable                            0x080041ce   Data           8  system_stm32f4xx.o(.rodata.APBPrescTable)
    Region$$Table$$Base                      0x0800432c   Number         0  anon$$obj.o(Region$$Table)
    Region$$Table$$Limit                     0x0800434c   Number         0  anon$$obj.o(Region$$Table)
    __stdout                                 0x20000000   Data           4  stdout.o(.data)
    SystemCoreClock                          0x20000004   Data           4  system_stm32f4xx.o(.data.SystemCoreClock)
    cdc_in_ep                                0x20000008   Data           8  cdc_acm_msc_template.o(.data.cdc_in_ep)
    cdc_out_ep                               0x20000010   Data           8  cdc_acm_msc_template.o(.data.cdc_out_ep)
    uwTickFreq                               0x20000018   Data           1  stm32f4xx_hal.o(.data.uwTickFreq)
    uwTickPrio                               0x2000001c   Data           4  stm32f4xx_hal.o(.data.uwTickPrio)
    write_buffer                             0x20000020   Data        2048  cdc_acm_msc_template.o(.noncacheable)
    read_buffer                              0x20000820   Data        2048  cdc_acm_msc_template.o(.noncacheable)
    usbd_msc_cfg                             0x20001020   Data         584  usbd_msc.o(.noncacheable)
    usbd_core_cfg                            0x20001268   Data         288  usbd_core.o(.noncacheable)
    g_dwc2_udc                               0x200013a0   Data         256  usb_dc_dwc2.o(.noncacheable)
    dtr_enable                               0x200014a4   Data           1  cdc_acm_msc_template.o(.bss.dtr_enable)
    ep_tx_busy_flag                          0x200014a5   Data           1  cdc_acm_msc_template.o(.bss.ep_tx_busy_flag)
    huart1                                   0x200014a8   Data          64  main.o(.bss.huart1)
    intf0                                    0x200014e8   Data          32  cdc_acm_msc_template.o(.bss.intf0)
    intf1                                    0x20001508   Data          32  cdc_acm_msc_template.o(.bss.intf1)
    intf2                                    0x20001528   Data          32  cdc_acm_msc_template.o(.bss.intf2)
    mass_block                               0x20001548   Data        5120  cdc_acm_msc_template.o(.bss.mass_block)
    pxCurrentTCB                             0x20002960   Data           4  tasks.o(.bss.pxCurrentTCB)
    rx_msg                                   0x20002bec   Data          96  usbd_core.o(.bss.rx_msg)
    tx_msg                                   0x20002c4c   Data          96  usbd_core.o(.bss.tx_msg)
    usbd_intf_head                           0x20002cac   Data           4  usbd_core.o(.bss.usbd_intf_head)
    uwTick                                   0x20002cb0   Data           4  stm32f4xx_hal.o(.bss.uwTick)
    __initial_sp                             0x200030d8   Data           0  startup_stm32f429xx.o(STACK)



==============================================================================

Memory Map of the image

  Image Entry point : 0x080001ad

  Load Region LR_IROM1 (Base: 0x08000000, Size: 0x00005800, Max: 0x00100000, ABSOLUTE, COMPRESSED[0x000043a8])

    Execution Region ER_IROM1 (Exec base: 0x08000000, Load base: 0x08000000, Size: 0x0000434c, Max: 0x00100000, ABSOLUTE)

    Exec Addr    Load Addr    Size         Type   Attr      Idx    E Section Name        Object

    0x08000000   0x08000000   0x000001ac   Data   RO            3    RESET               startup_stm32f429xx.o
    0x080001ac   0x080001ac   0x00000000   Code   RO         1482  * .ARM.Collect$$$$00000000  mc_w.l(entry.o)
    0x080001ac   0x080001ac   0x00000004   Code   RO         1760    .ARM.Collect$$$$00000001  mc_w.l(entry2.o)
    0x080001b0   0x080001b0   0x00000004   Code   RO         1763    .ARM.Collect$$$$00000004  mc_w.l(entry5.o)
    0x080001b4   0x080001b4   0x00000000   Code   RO         1765    .ARM.Collect$$$$00000008  mc_w.l(entry7b.o)
    0x080001b4   0x080001b4   0x00000000   Code   RO         1767    .ARM.Collect$$$$0000000A  mc_w.l(entry8b.o)
    0x080001b4   0x080001b4   0x00000008   Code   RO         1768    .ARM.Collect$$$$0000000B  mc_w.l(entry9a.o)
    0x080001bc   0x080001bc   0x00000000   Code   RO         1770    .ARM.Collect$$$$0000000D  mc_w.l(entry10a.o)
    0x080001bc   0x080001bc   0x00000000   Code   RO         1772    .ARM.Collect$$$$0000000F  mc_w.l(entry11a.o)
    0x080001bc   0x080001bc   0x00000004   Code   RO         1761    .ARM.Collect$$$$00002712  mc_w.l(entry2.o)
    0x080001c0   0x080001c0   0x00000024   Code   RO            4    .text               startup_stm32f429xx.o
    0x080001e4   0x080001e4   0x00000062   Code   RO         1489    .text               mc_w.l(uldiv.o)
    0x08000246   0x08000246   0x00000024   Code   RO         1491    .text               mc_w.l(memcpya.o)
    0x0800026a   0x0800026a   0x00000024   Code   RO         1493    .text               mc_w.l(memseta.o)
    0x0800028e   0x0800028e   0x0000001a   Code   RO         1495    .text               mc_w.l(memcmp.o)
    0x080002a8   0x080002a8   0x0000001e   Code   RO         1777    .text               mc_w.l(llshl.o)
    0x080002c6   0x080002c6   0x00000020   Code   RO         1779    .text               mc_w.l(llushr.o)
    0x080002e6   0x080002e6   0x00000002   PAD
    0x080002e8   0x080002e8   0x00000024   Code   RO         1792    .text               mc_w.l(init.o)
    0x0800030c   0x0800030c   0x0000003a   Code   RO         1806    .text               mc_w.l(__dczerorl.o)
    0x08000346   0x08000346   0x00000002   PAD
    0x08000348   0x08000348   0x00000002   Code   RO           42    .text.BusFault_Handler  stm32f4xx_it.o
    0x0800034a   0x0800034a   0x00000002   PAD
    0x0800034c   0x0800034c   0x00000002   Code   RO           46    .text.DebugMon_Handler  stm32f4xx_it.o
    0x0800034e   0x0800034e   0x00000002   PAD
    0x08000350   0x08000350   0x0000000a   Code   RO           23    .text.Error_Handler  main.o
    0x0800035a   0x0800035a   0x00000002   PAD
    0x0800035c   0x0800035c   0x00000028   Code   RO          629    .text.HAL_Delay     stm32f4xx_hal.o
    0x08000384   0x08000384   0x00000194   Code   RO          391    .text.HAL_GPIO_Init  stm32f4xx_hal_gpio.o
    0x08000518   0x08000518   0x0000000c   Code   RO          621    .text.HAL_GetTick   stm32f4xx_hal.o
    0x08000524   0x08000524   0x0000001a   Code   RO          619    .text.HAL_IncTick   stm32f4xx_hal.o
    0x0800053e   0x0800053e   0x00000002   PAD
    0x08000540   0x08000540   0x00000036   Code   RO          609    .text.HAL_Init      stm32f4xx_hal.o
    0x08000576   0x08000576   0x00000002   PAD
    0x08000578   0x08000578   0x00000050   Code   RO          611    .text.HAL_InitTick  stm32f4xx_hal.o
    0x080005c8   0x080005c8   0x00000038   Code   RO           57    .text.HAL_MspInit   stm32f4xx_hal_msp.o
    0x08000600   0x08000600   0x00000008   Code   RO          549    .text.HAL_NVIC_EnableIRQ  stm32f4xx_hal_cortex.o
    0x08000608   0x08000608   0x0000001e   Code   RO          541    .text.HAL_NVIC_SetPriority  stm32f4xx_hal_cortex.o
    0x08000626   0x08000626   0x00000002   PAD
    0x08000628   0x08000628   0x00000008   Code   RO          537    .text.HAL_NVIC_SetPriorityGrouping  stm32f4xx_hal_cortex.o
    0x08000630   0x08000630   0x00000160   Code   RO          235    .text.HAL_RCC_ClockConfig  stm32f4xx_hal_rcc.o
    0x08000790   0x08000790   0x0000000c   Code   RO          245    .text.HAL_RCC_GetHCLKFreq  stm32f4xx_hal_rcc.o
    0x0800079c   0x0800079c   0x00000022   Code   RO          247    .text.HAL_RCC_GetPCLK1Freq  stm32f4xx_hal_rcc.o
    0x080007be   0x080007be   0x00000002   PAD
    0x080007c0   0x080007c0   0x00000022   Code   RO          249    .text.HAL_RCC_GetPCLK2Freq  stm32f4xx_hal_rcc.o
    0x080007e2   0x080007e2   0x00000002   PAD
    0x080007e4   0x080007e4   0x00000068   Code   RO          237    .text.HAL_RCC_GetSysClockFreq  stm32f4xx_hal_rcc.o
    0x0800084c   0x0800084c   0x00000334   Code   RO          233    .text.HAL_RCC_OscConfig  stm32f4xx_hal_rcc.o
    0x08000b80   0x08000b80   0x00000008   Code   RO          561    .text.HAL_SYSTICK_Config  stm32f4xx_hal_cortex.o
    0x08000b88   0x08000b88   0x0000005e   Code   RO          113    .text.HAL_UART_Init  stm32f4xx_hal_uart.o
    0x08000be6   0x08000be6   0x00000002   PAD
    0x08000be8   0x08000be8   0x00000074   Code   RO           59    .text.HAL_UART_MspInit  stm32f4xx_hal_msp.o
    0x08000c5c   0x08000c5c   0x000000c2   Code   RO          129    .text.HAL_UART_Transmit  stm32f4xx_hal_uart.o
    0x08000d1e   0x08000d1e   0x00000002   PAD
    0x08000d20   0x08000d20   0x00000002   Code   RO           38    .text.HardFault_Handler  stm32f4xx_it.o
    0x08000d22   0x08000d22   0x00000002   PAD
    0x08000d24   0x08000d24   0x0000004c   Code   RO           19    .text.MX_GPIO_Init  main.o
    0x08000d70   0x08000d70   0x00000038   Code   RO           21    .text.MX_USART1_UART_Init  main.o
    0x08000da8   0x08000da8   0x00000002   Code   RO           40    .text.MemManage_Handler  stm32f4xx_it.o
    0x08000daa   0x08000daa   0x00000002   PAD
    0x08000dac   0x08000dac   0x00000002   Code   RO           36    .text.NMI_Handler   stm32f4xx_it.o
    0x08000dae   0x08000dae   0x00000002   PAD
    0x08000db0   0x08000db0   0x0000002c   Code   RO          547    .text.NVIC_EncodePriority  stm32f4xx_hal_cortex.o
    0x08000ddc   0x08000ddc   0x000002d2   Code   RO          967    .text.OTG_HS_IRQHandler  usb_dc_dwc2.o
    0x080010ae   0x080010ae   0x00000002   PAD
    0x080010b0   0x080010b0   0x00000064   Code   RO         1468    .text.PendSV_Handler  port.o
    0x08001114   0x08001114   0x00000238   Code   RO          748    .text.SCSI_CBWDecode  usbd_msc.o
    0x0800134c   0x0800134c   0x0000001a   Code   RO          766    .text.SCSI_SetSenseData  usbd_msc.o
    0x08001366   0x08001366   0x00000002   PAD
    0x08001368   0x08001368   0x000000b0   Code   RO          772    .text.SCSI_inquiry  usbd_msc.o
    0x08001418   0x08001418   0x0000003a   Code   RO          780    .text.SCSI_modeSense10  usbd_msc.o
    0x08001452   0x08001452   0x00000002   PAD
    0x08001454   0x08001454   0x0000004e   Code   RO          778    .text.SCSI_modeSense6  usbd_msc.o
    0x080014a2   0x080014a2   0x00000002   PAD
    0x080014a4   0x080014a4   0x00000024   Code   RO          776    .text.SCSI_preventAllowMediaRemoval  usbd_msc.o
    0x080014c8   0x080014c8   0x0000007a   Code   RO          758    .text.SCSI_processRead  usbd_msc.o
    0x08001542   0x08001542   0x00000002   PAD
    0x08001544   0x08001544   0x0000007a   Code   RO          752    .text.SCSI_processWrite  usbd_msc.o
    0x080015be   0x080015be   0x00000002   PAD
    0x080015c0   0x080015c0   0x000000d4   Code   RO          786    .text.SCSI_read10   usbd_msc.o
    0x08001694   0x08001694   0x000000d8   Code   RO          788    .text.SCSI_read12   usbd_msc.o
    0x0800176c   0x0800176c   0x0000004c   Code   RO          784    .text.SCSI_readCapacity10  usbd_msc.o
    0x080017b8   0x080017b8   0x00000050   Code   RO          782    .text.SCSI_readFormatCapacity  usbd_msc.o
    0x08001808   0x08001808   0x0000006e   Code   RO          770    .text.SCSI_requestSense  usbd_msc.o
    0x08001876   0x08001876   0x00000002   PAD
    0x08001878   0x08001878   0x00000024   Code   RO          774    .text.SCSI_startStopUnit  usbd_msc.o
    0x0800189c   0x0800189c   0x00000024   Code   RO          768    .text.SCSI_testUnitReady  usbd_msc.o
    0x080018c0   0x080018c0   0x000000a0   Code   RO          790    .text.SCSI_write10  usbd_msc.o
    0x08001960   0x08001960   0x000000a0   Code   RO          792    .text.SCSI_write12  usbd_msc.o
    0x08001a00   0x08001a00   0x00000024   Code   RO         1452    .text.SVC_Handler   port.o
    0x08001a24   0x08001a24   0x0000002e   Code   RO          563    .text.SysTick_Config  stm32f4xx_hal_cortex.o
    0x08001a52   0x08001a52   0x00000002   PAD
    0x08001a54   0x08001a54   0x00000014   Code   RO           48    .text.SysTick_Handler  stm32f4xx_it.o
    0x08001a68   0x08001a68   0x000000a6   Code   RO           17    .text.SystemClock_Config  main.o
    0x08001b0e   0x08001b0e   0x00000002   PAD
    0x08001b10   0x08001b10   0x0000001a   Code   RO          704    .text.SystemInit    system_stm32f4xx.o
    0x08001b2a   0x08001b2a   0x00000002   PAD
    0x08001b2c   0x08001b2c   0x0000016c   Code   RO          117    .text.UART_SetConfig  stm32f4xx_hal_uart.o
    0x08001c98   0x08001c98   0x00000064   Code   RO          131    .text.UART_WaitOnFlagUntilTimeout  stm32f4xx_hal_uart.o
    0x08001cfc   0x08001cfc   0x00000002   Code   RO           44    .text.UsageFault_Handler  stm32f4xx_it.o
    0x08001cfe   0x08001cfe   0x00000002   PAD
    0x08001d00   0x08001d00   0x00000020   Code   RO          551    .text.__NVIC_EnableIRQ  stm32f4xx_hal_cortex.o
    0x08001d20   0x08001d20   0x00000010   Code   RO          543    .text.__NVIC_GetPriorityGrouping  stm32f4xx_hal_cortex.o
    0x08001d30   0x08001d30   0x00000022   Code   RO          545    .text.__NVIC_SetPriority  stm32f4xx_hal_cortex.o
    0x08001d52   0x08001d52   0x00000002   PAD
    0x08001d54   0x08001d54   0x00000020   Code   RO          539    .text.__NVIC_SetPriorityGrouping  stm32f4xx_hal_cortex.o
    0x08001d74   0x08001d74   0x000000e0   Code   RO          721    .text.cdc_acm_class_interface_request_handler  usbd_cdc.o
    0x08001e54   0x08001e54   0x00000048   Code   RO           85    .text.cdc_acm_data_send_with_dtr_test  cdc_acm_msc_template.o
    0x08001e9c   0x08001e9c   0x00000060   Code   RO           81    .text.cdc_acm_msc_init  cdc_acm_msc_template.o
    0x08001efc   0x08001efc   0x0000001e   Code   RO          935    .text.dwc2_core_init  usb_dc_dwc2.o
    0x08001f1a   0x08001f1a   0x00000002   PAD
    0x08001f1c   0x08001f1c   0x0000003c   Code   RO          957    .text.dwc2_ep0_start_read_setup  usb_dc_dwc2.o
    0x08001f58   0x08001f58   0x0000002a   Code   RO          925    .text.dwc2_ep_write  usb_dc_dwc2.o
    0x08001f82   0x08001f82   0x00000002   PAD
    0x08001f84   0x08001f84   0x00000036   Code   RO          941    .text.dwc2_flush_rxfifo  usb_dc_dwc2.o
    0x08001fba   0x08001fba   0x00000002   PAD
    0x08001fbc   0x08001fbc   0x00000030   Code   RO          939    .text.dwc2_flush_txfifo  usb_dc_dwc2.o
    0x08001fec   0x08001fec   0x00000022   Code   RO          983    .text.dwc2_get_devspeed  usb_dc_dwc2.o
    0x0800200e   0x0800200e   0x00000002   PAD
    0x08002010   0x08002010   0x0000000e   Code   RO          969    .text.dwc2_get_glb_intstatus  usb_dc_dwc2.o
    0x0800201e   0x0800201e   0x00000002   PAD
    0x08002020   0x08002020   0x0000002a   Code   RO          977    .text.dwc2_get_inep_intstatus  usb_dc_dwc2.o
    0x0800204a   0x0800204a   0x00000002   PAD
    0x0800204c   0x0800204c   0x00000012   Code   RO          975    .text.dwc2_get_ineps_intstatus  usb_dc_dwc2.o
    0x0800205e   0x0800205e   0x00000002   PAD
    0x08002060   0x08002060   0x00000016   Code   RO          973    .text.dwc2_get_outep_intstatus  usb_dc_dwc2.o
    0x08002076   0x08002076   0x00000002   PAD
    0x08002078   0x08002078   0x00000012   Code   RO          971    .text.dwc2_get_outeps_intstatus  usb_dc_dwc2.o
    0x0800208a   0x0800208a   0x00000002   PAD
    0x0800208c   0x0800208c   0x00000048   Code   RO          985    .text.dwc2_reset    usb_dc_dwc2.o
    0x080020d4   0x080020d4   0x00000018   Code   RO          937    .text.dwc2_set_mode  usb_dc_dwc2.o
    0x080020ec   0x080020ec   0x00000118   Code   RO          981    .text.dwc2_set_turnaroundtime  usb_dc_dwc2.o
    0x08002204   0x08002204   0x00000050   Code   RO          943    .text.dwc2_set_txfifo  usb_dc_dwc2.o
    0x08002254   0x08002254   0x000000ba   Code   RO          979    .text.dwc2_tx_fifo_empty_procecss  usb_dc_dwc2.o
    0x0800230e   0x0800230e   0x00000002   PAD
    0x08002310   0x08002310   0x00000020   Code   RO           11    .text.fputc         main.o
    0x08002330   0x08002330   0x00000014   Code   RO          903    .text.is_device_configured  usbd_core.o
    0x08002344   0x08002344   0x00000022   Code   RO           15    .text.main          main.o
    0x08002366   0x08002366   0x00000002   PAD
    0x08002368   0x08002368   0x00000054   Code   RO          756    .text.mass_storage_bulk_in  usbd_msc.o
    0x080023bc   0x080023bc   0x0000007c   Code   RO          746    .text.mass_storage_bulk_out  usbd_msc.o
    0x08002438   0x08002438   0x0000007c   Code   RO          762    .text.msc_storage_class_interface_request_handler  usbd_msc.o
    0x080024b4   0x080024b4   0x0000002e   Code   RO          742    .text.msc_storage_notify_handler  usbd_msc.o
    0x080024e2   0x080024e2   0x00000002   PAD
    0x080024e4   0x080024e4   0x00000026   Code   RO         1221    .text.prvResetNextTaskUnblockTime  tasks.o
    0x0800250a   0x0800250a   0x00000002   PAD
    0x0800250c   0x0800250c   0x00000168   Code   RO          933    .text.usb_dc_init   usb_dc_dwc2.o
    0x08002674   0x08002674   0x00000074   Code   RO           13    .text.usb_dc_low_level_init  main.o
    0x080026e8   0x080026e8   0x00000018   Code   RO          871    .text.usb_slist_add_tail  usbd_core.o
    0x08002700   0x08002700   0x0000002e   Code   RO          873    .text.usbd_add_endpoint  usbd_core.o
    0x0800272e   0x0800272e   0x00000002   PAD
    0x08002730   0x08002730   0x00000020   Code   RO          869    .text.usbd_add_interface  usbd_core.o
    0x08002750   0x08002750   0x00000040   Code   RO           79    .text.usbd_cdc_acm_bulk_in  cdc_acm_msc_template.o
    0x08002790   0x08002790   0x00000030   Code   RO           77    .text.usbd_cdc_acm_bulk_out  cdc_acm_msc_template.o
    0x080027c0   0x080027c0   0x00000014   Code   RO          725    .text.usbd_cdc_acm_get_line_coding  usbd_cdc.o
    0x080027d4   0x080027d4   0x00000014   Code   RO          719    .text.usbd_cdc_acm_init_intf  usbd_cdc.o
    0x080027e8   0x080027e8   0x0000000c   Code   RO           83    .text.usbd_cdc_acm_set_dtr  cdc_acm_msc_template.o
    0x080027f4   0x080027f4   0x00000002   Code   RO          723    .text.usbd_cdc_acm_set_line_coding  usbd_cdc.o
    0x080027f6   0x080027f6   0x00000002   PAD
    0x080027f8   0x080027f8   0x00000002   Code   RO          729    .text.usbd_cdc_acm_set_rts  usbd_cdc.o
    0x080027fa   0x080027fa   0x00000002   PAD
    0x080027fc   0x080027fc   0x0000002c   Code   RO          847    .text.usbd_class_event_notify_handler  usbd_core.o
    0x08002828   0x08002828   0x00000090   Code   RO          887    .text.usbd_class_request_handler  usbd_core.o
    0x080028b8   0x080028b8   0x00000016   Code   RO           75    .text.usbd_configure_done_callback  cdc_acm_msc_template.o
    0x080028ce   0x080028ce   0x00000002   PAD
    0x080028d0   0x080028d0   0x0000004a   Code   RO          861    .text.usbd_desc_register  usbd_core.o
    0x0800291a   0x0800291a   0x00000002   PAD
    0x0800291c   0x0800291c   0x00000078   Code   RO          959    .text.usbd_ep_clear_stall  usb_dc_dwc2.o
    0x08002994   0x08002994   0x00000080   Code   RO          953    .text.usbd_ep_close  usb_dc_dwc2.o
    0x08002a14   0x08002a14   0x0000011c   Code   RO          951    .text.usbd_ep_open  usb_dc_dwc2.o
    0x08002b30   0x08002b30   0x00000050   Code   RO          955    .text.usbd_ep_set_stall  usb_dc_dwc2.o
    0x08002b80   0x08002b80   0x00000104   Code   RO          965    .text.usbd_ep_start_read  usb_dc_dwc2.o
    0x08002c84   0x08002c84   0x00000108   Code   RO          963    .text.usbd_ep_start_write  usb_dc_dwc2.o
    0x08002d8c   0x08002d8c   0x00000052   Code   RO          853    .text.usbd_event_ep0_in_complete_handler  usbd_core.o
    0x08002dde   0x08002dde   0x00000002   PAD
    0x08002de0   0x08002de0   0x00000048   Code   RO          855    .text.usbd_event_ep0_out_complete_handler  usbd_core.o
    0x08002e28   0x08002e28   0x000000d8   Code   RO          849    .text.usbd_event_ep0_setup_complete_handler  usbd_core.o
    0x08002f00   0x08002f00   0x00000020   Code   RO          857    .text.usbd_event_ep_in_complete_handler  usbd_core.o
    0x08002f20   0x08002f20   0x00000020   Code   RO          859    .text.usbd_event_ep_out_complete_handler  usbd_core.o
    0x08002f40   0x08002f40   0x00000012   Code   RO          837    .text.usbd_event_handler  usbd_core.o
    0x08002f52   0x08002f52   0x00000002   PAD
    0x08002f54   0x08002f54   0x00000044   Code   RO          845    .text.usbd_event_reset_handler  usbd_core.o
    0x08002f98   0x08002f98   0x00000198   Code   RO          897    .text.usbd_get_descriptor  usbd_core.o
    0x08003130   0x08003130   0x00000008   Code   RO          877    .text.usbd_initialize  usbd_core.o
    0x08003138   0x08003138   0x00000032   Code   RO          750    .text.usbd_msc_bot_abort  usbd_msc.o
    0x0800316a   0x0800316a   0x00000002   PAD
    0x0800316c   0x0800316c   0x0000000e   Code   RO           87    .text.usbd_msc_get_cap  cdc_acm_msc_template.o
    0x0800317a   0x0800317a   0x00000002   PAD
    0x0800317c   0x0800317c   0x000000b8   Code   RO          760    .text.usbd_msc_init_intf  usbd_msc.o
    0x08003234   0x08003234   0x00000012   Code   RO          744    .text.usbd_msc_reset  usbd_msc.o
    0x08003246   0x08003246   0x00000002   PAD
    0x08003248   0x08003248   0x00000022   Code   RO           89    .text.usbd_msc_sector_read  cdc_acm_msc_template.o
    0x0800326a   0x0800326a   0x00000002   PAD
    0x0800326c   0x0800326c   0x0000001e   Code   RO           91    .text.usbd_msc_sector_write  cdc_acm_msc_template.o
    0x0800328a   0x0800328a   0x00000002   PAD
    0x0800328c   0x0800328c   0x00000030   Code   RO          754    .text.usbd_msc_send_csw  usbd_msc.o
    0x080032bc   0x080032bc   0x00000038   Code   RO          794    .text.usbd_msc_send_info  usbd_msc.o
    0x080032f4   0x080032f4   0x0000004a   Code   RO          885    .text.usbd_print_setup  usbd_core.o
    0x0800333e   0x0800333e   0x00000002   PAD
    0x08003340   0x08003340   0x00000054   Code   RO          907    .text.usbd_reset_endpoint  usbd_core.o
    0x08003394   0x08003394   0x00000020   Code   RO          947    .text.usbd_set_address  usb_dc_dwc2.o
    0x080033b4   0x080033b4   0x0000005e   Code   RO          899    .text.usbd_set_configuration  usbd_core.o
    0x08003412   0x08003412   0x00000002   PAD
    0x08003414   0x08003414   0x00000078   Code   RO          901    .text.usbd_set_endpoint  usbd_core.o
    0x0800348c   0x0800348c   0x0000006c   Code   RO          905    .text.usbd_set_interface  usbd_core.o
    0x080034f8   0x080034f8   0x00000124   Code   RO          851    .text.usbd_setup_request_handler  usbd_core.o
    0x0800361c   0x0800361c   0x0000003a   Code   RO          883    .text.usbd_standard_request_handler  usbd_core.o
    0x08003656   0x08003656   0x00000002   PAD
    0x08003658   0x08003658   0x000000a0   Code   RO          891    .text.usbd_std_device_req_handler  usbd_core.o
    0x080036f8   0x080036f8   0x000000d0   Code   RO          895    .text.usbd_std_endpoint_req_handler  usbd_core.o
    0x080037c8   0x080037c8   0x000000e4   Code   RO          893    .text.usbd_std_interface_req_handler  usbd_core.o
    0x080038ac   0x080038ac   0x0000019c   Code   RO          889    .text.usbd_vendor_request_handler  usbd_core.o
    0x08003a48   0x08003a48   0x0000006c   Code   RO         1245    .text.vTaskSwitchContext  tasks.o
    0x08003ab4   0x08003ab4   0x0000002e   Code   RO         1470    .text.xPortSysTickHandler  port.o
    0x08003ae2   0x08003ae2   0x00000002   PAD
    0x08003ae4   0x08003ae4   0x00000026   Code   RO         1291    .text.xTaskGetSchedulerState  tasks.o
    0x08003b0a   0x08003b0a   0x00000002   PAD
    0x08003b0c   0x08003b0c   0x00000196   Code   RO         1259    .text.xTaskIncrementTick  tasks.o
    0x08003ca2   0x08003ca2   0x00000002   PAD
    0x08003ca4   0x08003ca4   0x00000020   Code   RO         1706    i.__0printf$8       mc_w.l(printf8.o)
    0x08003cc4   0x08003cc4   0x0000000e   Code   RO         1800    i.__scatterload_copy  mc_w.l(handlers.o)
    0x08003cd2   0x08003cd2   0x00000002   Code   RO         1801    i.__scatterload_null  mc_w.l(handlers.o)
    0x08003cd4   0x08003cd4   0x0000000e   Code   RO         1802    i.__scatterload_zeroinit  mc_w.l(handlers.o)
    0x08003ce2   0x08003ce2   0x00000002   PAD
    0x08003ce4   0x08003ce4   0x00000410   Code   RO         1713    i._printf_core      mc_w.l(printf8.o)
    0x080040f4   0x080040f4   0x00000024   Code   RO         1714    i._printf_post_padding  mc_w.l(printf8.o)
    0x08004118   0x08004118   0x0000002e   Code   RO         1715    i._printf_pre_padding  mc_w.l(printf8.o)
    0x08004146   0x08004146   0x00000002   PAD
    0x08004148   0x08004148   0x00000024   Code   RO         1485    i.puts              mc_w.l(puts.o)
    0x0800416c   0x0800416c   0x00000024   Data   RO          801    .rodata..L__const.SCSI_inquiry.inquiry  usbd_msc.o
    0x08004190   0x08004190   0x0000001b   Data   RO          802    .rodata..L__const.SCSI_modeSense10.sense10  usbd_msc.o
    0x080041ab   0x080041ab   0x00000001   PAD
    0x080041ac   0x080041ac   0x00000012   Data   RO          799    .rodata..L__const.SCSI_requestSense.request_sense  usbd_msc.o
    0x080041be   0x080041be   0x00000010   Data   RO          709    .rodata.AHBPrescTable  system_stm32f4xx.o
    0x080041ce   0x080041ce   0x00000008   Data   RO          710    .rodata.APBPrescTable  system_stm32f4xx.o
    0x080041d6   0x080041d6   0x000000c9   Data   RO           97    .rodata.cdc_msc_descriptor  cdc_acm_msc_template.o
    0x0800429f   0x0800429f   0x00000021   Data   RO          798    .rodata.str1.1      usbd_msc.o
    0x080042c0   0x080042c0   0x0000006b   Data   RO          911    .rodata.str1.1      usbd_core.o
    0x0800432b   0x0800432b   0x00000001   PAD
    0x0800432c   0x0800432c   0x00000020   Data   RO         1799    Region$$Table       anon$$obj.o


    Execution Region RW_IRAM2 (Exec base: 0x10000000, Load base: 0x080043a8, Size: 0x00000000, Max: 0x00010000, ABSOLUTE)

    **** No section assigned to this execution region ****


    Execution Region RW_IRAM1 (Exec base: 0x20000000, Load base: 0x08004360, Size: 0x000030d8, Max: 0x00030000, ABSOLUTE, COMPRESSED[0x00000048])

    Exec Addr    Load Addr    Size         Type   Attr      Idx    E Section Name        Object

    0x20000000   COMPRESSED   0x00000004   Data   RW         1774    .data               mc_w.l(stdout.o)
    0x20000004   COMPRESSED   0x00000004   Data   RW          708    .data.SystemCoreClock  system_stm32f4xx.o
    0x20000008   COMPRESSED   0x00000008   Data   RW           96    .data.cdc_in_ep     cdc_acm_msc_template.o
    0x20000010   COMPRESSED   0x00000008   Data   RW           95    .data.cdc_out_ep    cdc_acm_msc_template.o
    0x20000018   COMPRESSED   0x00000001   Data   RW          668    .data.uwTickFreq    stm32f4xx_hal.o
    0x20000019   COMPRESSED   0x00000003   PAD
    0x2000001c   COMPRESSED   0x00000004   Data   RW          667    .data.uwTickPrio    stm32f4xx_hal.o
    0x20000020   COMPRESSED   0x00001000   Data   RW           93    .noncacheable       cdc_acm_msc_template.o
    0x20001020   COMPRESSED   0x00000248   Data   RW          797    .noncacheable       usbd_msc.o
    0x20001268   COMPRESSED   0x00000120   Data   RW          910    .noncacheable       usbd_core.o
    0x20001388   COMPRESSED   0x00000018   PAD
    0x200013a0   COMPRESSED   0x00000100   Data   RW          987    .noncacheable       usb_dc_dwc2.o
    0x200014a0        -       0x00000004   Zero   RW          916    .bss.bos_desc       usbd_core.o
    0x200014a4        -       0x00000001   Zero   RW          101    .bss.dtr_enable     cdc_acm_msc_template.o
    0x200014a5        -       0x00000001   Zero   RW           94    .bss.ep_tx_busy_flag  cdc_acm_msc_template.o
    0x200014a6   COMPRESSED   0x00000002   PAD
    0x200014a8        -       0x00000040   Zero   RW           25    .bss.huart1         main.o
    0x200014e8        -       0x00000020   Zero   RW           98    .bss.intf0          cdc_acm_msc_template.o
    0x20001508        -       0x00000020   Zero   RW           99    .bss.intf1          cdc_acm_msc_template.o
    0x20001528        -       0x00000020   Zero   RW          100    .bss.intf2          cdc_acm_msc_template.o
    0x20001548        -       0x00001400   Zero   RW          102    .bss.mass_block     cdc_acm_msc_template.o
    0x20002948        -       0x00000010   Zero   RW          796    .bss.mass_ep_data   usbd_msc.o
    0x20002958        -       0x00000004   Zero   RW          914    .bss.msosv1_desc    usbd_core.o
    0x2000295c        -       0x00000004   Zero   RW          915    .bss.msosv2_desc    usbd_core.o
    0x20002960        -       0x00000004   Zero   RW         1321    .bss.pxCurrentTCB   tasks.o
    0x20002964        -       0x00000004   Zero   RW         1331    .bss.pxDelayedTaskList  tasks.o
    0x20002968        -       0x00000004   Zero   RW         1332    .bss.pxOverflowDelayedTaskList  tasks.o
    0x2000296c        -       0x00000280   Zero   RW         1323    .bss.pxReadyTasksLists  tasks.o
    0x20002bec        -       0x00000060   Zero   RW          913    .bss.rx_msg         usbd_core.o
    0x20002c4c        -       0x00000060   Zero   RW          912    .bss.tx_msg         usbd_core.o
    0x20002cac        -       0x00000004   Zero   RW          909    .bss.usbd_intf_head  usbd_core.o
    0x20002cb0        -       0x00000004   Zero   RW          669    .bss.uwTick         stm32f4xx_hal.o
    0x20002cb4        -       0x00000004   Zero   RW         1334    .bss.uxSchedulerSuspended  tasks.o
    0x20002cb8        -       0x00000004   Zero   RW         1324    .bss.uxTopReadyPriority  tasks.o
    0x20002cbc        -       0x00000004   Zero   RW         1338    .bss.xNextTaskUnblockTime  tasks.o
    0x20002cc0        -       0x00000004   Zero   RW         1340    .bss.xNumOfOverflows  tasks.o
    0x20002cc4        -       0x00000004   Zero   RW         1339    .bss.xPendedTicks   tasks.o
    0x20002cc8        -       0x00000004   Zero   RW         1329    .bss.xSchedulerRunning  tasks.o
    0x20002ccc        -       0x00000004   Zero   RW         1330    .bss.xTickCount     tasks.o
    0x20002cd0        -       0x00000004   Zero   RW         1335    .bss.xYieldPending  tasks.o
    0x20002cd4   COMPRESSED   0x00000004   PAD
    0x20002cd8        -       0x00000400   Zero   RW            1    STACK               startup_stm32f429xx.o


==============================================================================

Image component sizes


      Code (inc. data)   RO Data    RW Data    ZI Data      Debug   Object Name

       392         40        201       4112       5218       3727   cdc_acm_msc_template.o
       490          0          0          0         64      10285   main.o
       182          8          0          0          0       3515   port.o
        36          8        428          0       1024        848   startup_stm32f429xx.o
       212          0          0          5          4       7717   stm32f4xx_hal.o
       258          0          0          0          0      10516   stm32f4xx_hal_cortex.o
       404          0          0          0          0       5153   stm32f4xx_hal_gpio.o
       172          0          0          0          0       9112   stm32f4xx_hal_msp.o
      1356          0          0          0          0       7317   stm32f4xx_hal_rcc.o
       752          0          0          0          0      17221   stm32f4xx_hal_uart.o
        32          0          0          0          0       1058   stm32f4xx_it.o
        26          0         24          4          0       2703   system_stm32f4xx.o
       590          0          0          0        684      25226   tasks.o
      3274         92          0        256          0      12054   usb_dc_dwc2.o
       268         64          0          0          0       3055   usbd_cdc.o
      3158        494        107        288        208      12960   usbd_core.o
      3006        506        114        584         16      10372   usbd_msc.o

    ----------------------------------------------------------------------
     14720       1212        908       5276       7224     142839   Object Totals
         0          0         32          0          0          0   (incl. Generated)
       112          0          2         27          6          0   (incl. Padding)

    ----------------------------------------------------------------------

      Code (inc. data)   RO Data    RW Data    ZI Data      Debug   Library Member Name

        58          0          0          0          0          0   __dczerorl.o
         0          0          0          0          0          0   entry.o
         0          0          0          0          0          0   entry10a.o
         0          0          0          0          0          0   entry11a.o
         8          4          0          0          0          0   entry2.o
         4          0          0          0          0          0   entry5.o
         0          0          0          0          0          0   entry7b.o
         0          0          0          0          0          0   entry8b.o
         8          4          0          0          0          0   entry9a.o
        30          0          0          0          0          0   handlers.o
        36          8          0          0          0         68   init.o
        30          0          0          0          0         68   llshl.o
        32          0          0          0          0         68   llushr.o
        26          0          0          0          0         80   memcmp.o
        36          0          0          0          0         68   memcpya.o
        36          0          0          0          0        108   memseta.o
      1154         54          0          0          0        352   printf8.o
        36          6          0          0          0         80   puts.o
         0          0          0          4          0          0   stdout.o
        98          0          0          0          0         92   uldiv.o

    ----------------------------------------------------------------------
      1600         76          0          4          0        984   Library Totals
         8          0          0          0          0          0   (incl. Padding)

    ----------------------------------------------------------------------

      Code (inc. data)   RO Data    RW Data    ZI Data      Debug   Library Name

      1592         76          0          4          0        984   mc_w.l

    ----------------------------------------------------------------------
      1600         76          0          4          0        984   Library Totals

    ----------------------------------------------------------------------

==============================================================================


      Code (inc. data)   RO Data    RW Data    ZI Data      Debug   

     16320       1288        908       5280       7224     143399   Grand Totals
     16320       1288        908         72       7224     143399   ELF Image Totals (compressed)
     16320       1288        908         72          0          0   ROM Totals

==============================================================================

    Total RO  Size (Code + RO Data)                17228 (  16.82kB)
    Total RW  Size (RW Data + ZI Data)             12504 (  12.21kB)
    Total ROM Size (Code + RO Data + RW Data)      17300 (  16.89kB)

==============================================================================

