Component: ARM Compiler 6.14.1 Tool: armlink [5db06d00]

==============================================================================

Section Cross References

    startup_stm32h750xx.o(RESET) refers to startup_stm32h750xx.o(STACK) for __initial_sp
    startup_stm32h750xx.o(RESET) refers to startup_stm32h750xx.o(.text) for Reset_Handler
    startup_stm32h750xx.o(RESET) refers to stm32h7xx_it.o(.text.NMI_Handler) for NMI_Handler
    startup_stm32h750xx.o(RESET) refers to stm32h7xx_it.o(.text.HardFault_Handler) for HardFault_Handler
    startup_stm32h750xx.o(RESET) refers to stm32h7xx_it.o(.text.MemManage_Handler) for MemManage_Handler
    startup_stm32h750xx.o(RESET) refers to stm32h7xx_it.o(.text.BusFault_Handler) for BusFault_Handler
    startup_stm32h750xx.o(RESET) refers to stm32h7xx_it.o(.text.UsageFault_Handler) for UsageFault_Handler
    startup_stm32h750xx.o(RESET) refers to stm32h7xx_it.o(.text.SVC_Handler) for SVC_Handler
    startup_stm32h750xx.o(RESET) refers to stm32h7xx_it.o(.text.DebugMon_Handler) for DebugMon_Handler
    startup_stm32h750xx.o(RESET) refers to stm32h7xx_it.o(.text.PendSV_Handler) for PendSV_Handler
    startup_stm32h750xx.o(RESET) refers to stm32h7xx_it.o(.text.SysTick_Handler) for SysTick_Handler
    startup_stm32h750xx.o(RESET) refers to usb_dc_dwc2.o(.text.OTG_FS_IRQHandler) for OTG_FS_IRQHandler
    startup_stm32h750xx.o(.text) refers to system_stm32h7xx.o(.text.SystemInit) for SystemInit
    startup_stm32h750xx.o(.text) refers to entry.o(.ARM.Collect$$$$00000000) for __main
    cdc_acm_template.o(.text.usbd_configure_done_callback) refers to cdc_acm_template.o(.noncacheable) for read_buffer
    cdc_acm_template.o(.text.usbd_configure_done_callback) refers to usb_dc_dwc2.o(.text.usbd_ep_start_read) for usbd_ep_start_read
    cdc_acm_template.o(.ARM.exidx.text.usbd_configure_done_callback) refers to cdc_acm_template.o(.text.usbd_configure_done_callback) for [Anonymous Symbol]
    cdc_acm_template.o(.text.usbd_cdc_acm_bulk_out) refers to printf8.o(i.__0printf$8) for __2printf
    cdc_acm_template.o(.text.usbd_cdc_acm_bulk_out) refers to cdc_acm_template.o(.noncacheable) for read_buffer
    cdc_acm_template.o(.text.usbd_cdc_acm_bulk_out) refers to usb_dc_dwc2.o(.text.usbd_ep_start_read) for usbd_ep_start_read
    cdc_acm_template.o(.ARM.exidx.text.usbd_cdc_acm_bulk_out) refers to cdc_acm_template.o(.text.usbd_cdc_acm_bulk_out) for [Anonymous Symbol]
    cdc_acm_template.o(.text.usbd_cdc_acm_bulk_in) refers to printf8.o(i.__0printf$8) for __2printf
    cdc_acm_template.o(.text.usbd_cdc_acm_bulk_in) refers to usb_dc_dwc2.o(.text.usbd_ep_start_write) for usbd_ep_start_write
    cdc_acm_template.o(.text.usbd_cdc_acm_bulk_in) refers to cdc_acm_template.o(.bss.ep_tx_busy_flag) for ep_tx_busy_flag
    cdc_acm_template.o(.ARM.exidx.text.usbd_cdc_acm_bulk_in) refers to cdc_acm_template.o(.text.usbd_cdc_acm_bulk_in) for [Anonymous Symbol]
    cdc_acm_template.o(.text.cdc_acm_init) refers to cdc_acm_template.o(.noncacheable) for write_buffer
    cdc_acm_template.o(.text.cdc_acm_init) refers to memseta.o(.text) for __aeabi_memset
    cdc_acm_template.o(.text.cdc_acm_init) refers to cdc_acm_template.o(.rodata.cdc_descriptor) for cdc_descriptor
    cdc_acm_template.o(.text.cdc_acm_init) refers to usbd_core.o(.text.usbd_desc_register) for usbd_desc_register
    cdc_acm_template.o(.text.cdc_acm_init) refers to cdc_acm_template.o(.bss.intf0) for intf0
    cdc_acm_template.o(.text.cdc_acm_init) refers to usbd_cdc.o(.text.usbd_cdc_acm_init_intf) for usbd_cdc_acm_init_intf
    cdc_acm_template.o(.text.cdc_acm_init) refers to usbd_core.o(.text.usbd_add_interface) for usbd_add_interface
    cdc_acm_template.o(.text.cdc_acm_init) refers to cdc_acm_template.o(.bss.intf1) for intf1
    cdc_acm_template.o(.text.cdc_acm_init) refers to cdc_acm_template.o(.data.cdc_out_ep) for cdc_out_ep
    cdc_acm_template.o(.text.cdc_acm_init) refers to usbd_core.o(.text.usbd_add_endpoint) for usbd_add_endpoint
    cdc_acm_template.o(.text.cdc_acm_init) refers to cdc_acm_template.o(.data.cdc_in_ep) for cdc_in_ep
    cdc_acm_template.o(.text.cdc_acm_init) refers to usbd_core.o(.text.usbd_initialize) for usbd_initialize
    cdc_acm_template.o(.ARM.exidx.text.cdc_acm_init) refers to cdc_acm_template.o(.text.cdc_acm_init) for [Anonymous Symbol]
    cdc_acm_template.o(.text.usbd_cdc_acm_set_dtr) refers to cdc_acm_template.o(.bss.dtr_enable) for dtr_enable
    cdc_acm_template.o(.ARM.exidx.text.usbd_cdc_acm_set_dtr) refers to cdc_acm_template.o(.text.usbd_cdc_acm_set_dtr) for [Anonymous Symbol]
    cdc_acm_template.o(.text.cdc_acm_data_send_with_dtr_test) refers to cdc_acm_template.o(.bss.dtr_enable) for dtr_enable
    cdc_acm_template.o(.text.cdc_acm_data_send_with_dtr_test) refers to cdc_acm_template.o(.bss.ep_tx_busy_flag) for ep_tx_busy_flag
    cdc_acm_template.o(.text.cdc_acm_data_send_with_dtr_test) refers to cdc_acm_template.o(.noncacheable) for write_buffer
[...]
    handlers.s                               0x00000000   Number         0  handlers.o ABSOLUTE
    init.s                                   0x00000000   Number         0  init.o ABSOLUTE
    main.c                                   0x00000000   Number         0  main.o ABSOLUTE
    startup_stm32h750xx.s                    0x00000000   Number         0  startup_stm32h750xx.o ABSOLUTE
    stm32h7xx_hal.c                          0x00000000   Number         0  stm32h7xx_hal.o ABSOLUTE
    stm32h7xx_hal_cortex.c                   0x00000000   Number         0  stm32h7xx_hal_cortex.o ABSOLUTE
    stm32h7xx_hal_dma.c                      0x00000000   Number         0  stm32h7xx_hal_dma.o ABSOLUTE
    stm32h7xx_hal_dma_ex.c                   0x00000000   Number         0  stm32h7xx_hal_dma_ex.o ABSOLUTE
    stm32h7xx_hal_exti.c                     0x00000000   Number         0  stm32h7xx_hal_exti.o ABSOLUTE
    stm32h7xx_hal_flash.c                    0x00000000   Number         0  stm32h7xx_hal_flash.o ABSOLUTE
    stm32h7xx_hal_flash_ex.c                 0x00000000   Number         0  stm32h7xx_hal_flash_ex.o ABSOLUTE
    stm32h7xx_hal_gpio.c                     0x00000000   Number         0  stm32h7xx_hal_gpio.o ABSOLUTE
    stm32h7xx_hal_hsem.c                     0x00000000   Number         0  stm32h7xx_hal_hsem.o ABSOLUTE
    stm32h7xx_hal_i2c.c                      0x00000000   Number         0  stm32h7xx_hal_i2c.o ABSOLUTE
    stm32h7xx_hal_i2c_ex.c                   0x00000000   Number         0  stm32h7xx_hal_i2c_ex.o ABSOLUTE
    stm32h7xx_hal_mdma.c                     0x00000000   Number         0  stm32h7xx_hal_mdma.o ABSOLUTE
    stm32h7xx_hal_msp.c                      0x00000000   Number         0  stm32h7xx_hal_msp.o ABSOLUTE
    stm32h7xx_hal_pcd.c                      0x00000000   Number         0  stm32h7xx_hal_pcd.o ABSOLUTE
    stm32h7xx_hal_pcd_ex.c                   0x00000000   Number         0  stm32h7xx_hal_pcd_ex.o ABSOLUTE
    stm32h7xx_hal_pwr.c                      0x00000000   Number         0  stm32h7xx_hal_pwr.o ABSOLUTE
    stm32h7xx_hal_pwr_ex.c                   0x00000000   Number         0  stm32h7xx_hal_pwr_ex.o ABSOLUTE
    stm32h7xx_hal_rcc.c                      0x00000000   Number         0  stm32h7xx_hal_rcc.o ABSOLUTE
    stm32h7xx_hal_rcc_ex.c                   0x00000000   Number         0  stm32h7xx_hal_rcc_ex.o ABSOLUTE
    stm32h7xx_hal_tim.c                      0x00000000   Number         0  stm32h7xx_hal_tim.o ABSOLUTE
    stm32h7xx_hal_tim_ex.c                   0x00000000   Number         0  stm32h7xx_hal_tim_ex.o ABSOLUTE
    stm32h7xx_hal_uart.c                     0x00000000   Number         0  stm32h7xx_hal_uart.o ABSOLUTE
    stm32h7xx_hal_uart_ex.c                  0x00000000   Number         0  stm32h7xx_hal_uart_ex.o ABSOLUTE
    stm32h7xx_it.c                           0x00000000   Number         0  stm32h7xx_it.o ABSOLUTE
    stm32h7xx_ll_usb.c                       0x00000000   Number         0  stm32h7xx_ll_usb.o ABSOLUTE
    system_stm32h7xx.c                       0x00000000   Number         0  system_stm32h7xx.o ABSOLUTE
    usb_dc_dwc2.c                            0x00000000   Number         0  usb_dc_dwc2.o ABSOLUTE
    usbd_cdc.c                               0x00000000   Number         0  usbd_cdc.o ABSOLUTE
    usbd_core.c                              0x00000000   Number         0  usbd_core.o ABSOLUTE
    RESET                                    0x08000000   Section      664  startup_stm32h750xx.o(RESET)
    .ARM.Collect$$$$00000000                 0x08000298   Section        0  entry.o(.ARM.Collect$$$$00000000)
    .ARM.Collect$$$$00000001                 0x08000298   Section        4  entry2.o(.ARM.Collect$$$$00000001)
    .ARM.Collect$$$$00000004                 0x0800029c   Section        4  entry5.o(.ARM.Collect$$$$00000004)
    .ARM.Collect$$$$00000008                 0x080002a0   Section        0  entry7b.o(.ARM.Collect$$$$00000008)
    .ARM.Collect$$$$0000000A                 0x080002a0   Section        0  entry8b.o(.ARM.Collect$$$$0000000A)
    .ARM.Collect$$$$0000000B                 0x080002a0   Section        8  entry9a.o(.ARM.Collect$$$$0000000B)
    __lit__00000000                          0x080002a8   Data           4  entry2.o(.ARM.Collect$$$$00002712)
    .ARM.Collect$$$$0000000D                 0x080002a8   Section        0  entry10a.o(.ARM.Collect$$$$0000000D)
    .ARM.Collect$$$$0000000F                 0x080002a8   Section        0  entry11a.o(.ARM.Collect$$$$0000000F)
    .ARM.Collect$$$$00002712                 0x080002a8   Section        4  entry2.o(.ARM.Collect$$$$00002712)
    $v0                                      0x080002ac   Number         0  startup_stm32h750xx.o(.text)
    .text                                    0x080002ac   Section       36  startup_stm32h750xx.o(.text)
    .text                                    0x080002d0   Section        0  uldiv.o(.text)
    .text                                    0x08000332   Section        0  memcpya.o(.text)
    .text                                    0x08000356   Section        0  memseta.o(.text)
    .text                                    0x0800037a   Section        0  memcmp.o(.text)
    .text                                    0x08000394   Section        0  llshl.o(.text)
    .text                                    0x080003b2   Section        0  llushr.o(.text)
    .text                                    0x080003d4   Section       36  init.o(.text)
    .text                                    0x080003f8   Section        0  __dczerorl.o(.text)
    [Anonymous Symbol]                       0x08000438   Section        0  stm32h7xx_it.o(.text.BusFault_Handler)
    [Anonymous Symbol]                       0x08000440   Section        0  stm32h7xx_it.o(.text.DebugMon_Handler)
    [Anonymous Symbol]                       0x08000448   Section        0  main.o(.text.Error_Handler)
    [Anonymous Symbol]                       0x08000458   Section        0  stm32h7xx_hal.o(.text.HAL_Delay)
    [Anonymous Symbol]                       0x08000480   Section        0  stm32h7xx_hal_gpio.o(.text.HAL_GPIO_Init)
    [Anonymous Symbol]                       0x08000628   Section        0  stm32h7xx_hal.o(.text.HAL_GetREVID)
    [Anonymous Symbol]                       0x08000638   Section        0  stm32h7xx_hal.o(.text.HAL_GetTick)
    [Anonymous Symbol]                       0x08000648   Section        0  stm32h7xx_hal.o(.text.HAL_IncTick)
    [Anonymous Symbol]                       0x08000668   Section        0  stm32h7xx_hal.o(.text.HAL_Init)
    [Anonymous Symbol]                       0x080006d0   Section        0  stm32h7xx_hal.o(.text.HAL_InitTick)
    [Anonymous Symbol]                       0x08000728   Section        0  stm32h7xx_hal_msp.o(.text.HAL_MspInit)
    [Anonymous Symbol]                       0x08000748   Section        0  stm32h7xx_hal_cortex.o(.text.HAL_NVIC_EnableIRQ)
    [Anonymous Symbol]                       0x08000750   Section        0  stm32h7xx_hal_cortex.o(.text.HAL_NVIC_SetPriority)
    [Anonymous Symbol]                       0x08000770   Section        0  stm32h7xx_hal_cortex.o(.text.HAL_NVIC_SetPriorityGrouping)
    [Anonymous Symbol]                       0x08000778   Section        0  stm32h7xx_hal_pwr_ex.o(.text.HAL_PWREx_ConfigSupply)
    [Anonymous Symbol]                       0x080007c0   Section        0  stm32h7xx_hal_pwr_ex.o(.text.HAL_PWREx_EnableUSBVoltageDetector)
    [Anonymous Symbol]                       0x080007d8   Section        0  stm32h7xx_hal_rcc_ex.o(.text.HAL_RCCEx_GetD3PCLK1Freq)
    [Anonymous Symbol]                       0x08000800   Section        0  stm32h7xx_hal_rcc_ex.o(.text.HAL_RCCEx_GetPLL2ClockFreq)
    [Anonymous Symbol]                       0x08000928   Section        0  stm32h7xx_hal_rcc_ex.o(.text.HAL_RCCEx_GetPLL3ClockFreq)
    [Anonymous Symbol]                       0x08000a50   Section        0  stm32h7xx_hal_rcc_ex.o(.text.HAL_RCCEx_PeriphCLKConfig)
    [Anonymous Symbol]                       0x08001398   Section        0  stm32h7xx_hal_rcc.o(.text.HAL_RCC_ClockConfig)
    [Anonymous Symbol]                       0x080015e8   Section        0  stm32h7xx_hal_rcc.o(.text.HAL_RCC_GetHCLKFreq)
    [Anonymous Symbol]                       0x08001638   Section        0  stm32h7xx_hal_rcc.o(.text.HAL_RCC_GetPCLK1Freq)
    [Anonymous Symbol]                       0x08001660   Section        0  stm32h7xx_hal_rcc.o(.text.HAL_RCC_GetPCLK2Freq)
    [Anonymous Symbol]                       0x08001688   Section        0  stm32h7xx_hal_rcc.o(.text.HAL_RCC_GetSysClockFreq)
    [Anonymous Symbol]                       0x08001790   Section        0  stm32h7xx_hal_rcc.o(.text.HAL_RCC_OscConfig)
    [Anonymous Symbol]                       0x08001c58   Section        0  stm32h7xx_hal_cortex.o(.text.HAL_SYSTICK_Config)
    [Anonymous Symbol]                       0x08001c60   Section        0  stm32h7xx_hal_uart_ex.o(.text.HAL_UARTEx_DisableFifoMode)
    [Anonymous Symbol]                       0x08001c98   Section        0  stm32h7xx_hal_uart_ex.o(.text.HAL_UARTEx_SetRxFifoThreshold)
    [Anonymous Symbol]                       0x08001ce8   Section        0  stm32h7xx_hal_uart_ex.o(.text.HAL_UARTEx_SetTxFifoThreshold)
    [Anonymous Symbol]                       0x08001d38   Section        0  stm32h7xx_hal_uart.o(.text.HAL_UART_Init)
    [Anonymous Symbol]                       0x08001da0   Section        0  stm32h7xx_hal_msp.o(.text.HAL_UART_MspInit)
    [Anonymous Symbol]                       0x08001e30   Section        0  stm32h7xx_hal_uart.o(.text.HAL_UART_Transmit)
    [Anonymous Symbol]                       0x08001f10   Section        0  stm32h7xx_it.o(.text.HardFault_Handler)
    MX_GPIO_Init                             0x08001f19   Thumb Code    50  main.o(.text.MX_GPIO_Init)
    [Anonymous Symbol]                       0x08001f18   Section        0  main.o(.text.MX_GPIO_Init)
    MX_USART1_UART_Init                      0x08001f51   Thumb Code   108  main.o(.text.MX_USART1_UART_Init)
    [Anonymous Symbol]                       0x08001f50   Section        0  main.o(.text.MX_USART1_UART_Init)
    [Anonymous Symbol]                       0x08001fc0   Section        0  stm32h7xx_it.o(.text.MemManage_Handler)
    [Anonymous Symbol]                       0x08001fc8   Section        0  stm32h7xx_it.o(.text.NMI_Handler)
    NVIC_EncodePriority                      0x08001fd1   Thumb Code    46  stm32h7xx_hal_cortex.o(.text.NVIC_EncodePriority)
    [Anonymous Symbol]                       0x08001fd0   Section        0  stm32h7xx_hal_cortex.o(.text.NVIC_EncodePriority)
    [Anonymous Symbol]                       0x08002000   Section        0  usb_dc_dwc2.o(.text.OTG_FS_IRQHandler)
    [Anonymous Symbol]                       0x08002320   Section        0  stm32h7xx_it.o(.text.PendSV_Handler)
    RCCEx_PLL2_Config                        0x08002329   Thumb Code   286  stm32h7xx_hal_rcc_ex.o(.text.RCCEx_PLL2_Config)
    [Anonymous Symbol]                       0x08002328   Section        0  stm32h7xx_hal_rcc_ex.o(.text.RCCEx_PLL2_Config)
    RCCEx_PLL3_Config                        0x08002449   Thumb Code   286  stm32h7xx_hal_rcc_ex.o(.text.RCCEx_PLL3_Config)
    [Anonymous Symbol]                       0x08002448   Section        0  stm32h7xx_hal_rcc_ex.o(.text.RCCEx_PLL3_Config)
    [Anonymous Symbol]                       0x08002568   Section        0  stm32h7xx_it.o(.text.SVC_Handler)
    SysTick_Config                           0x08002571   Thumb Code    46  stm32h7xx_hal_cortex.o(.text.SysTick_Config)
    [Anonymous Symbol]                       0x08002570   Section        0  stm32h7xx_hal_cortex.o(.text.SysTick_Config)
    [Anonymous Symbol]                       0x080025a0   Section        0  stm32h7xx_it.o(.text.SysTick_Handler)
    [Anonymous Symbol]                       0x080025a8   Section        0  main.o(.text.SystemClock_Config)
    [Anonymous Symbol]                       0x08002668   Section        0  system_stm32h7xx.o(.text.SystemInit)
    UARTEx_SetNbDataToProcess                0x08002749   Thumb Code    84  stm32h7xx_hal_uart_ex.o(.text.UARTEx_SetNbDataToProcess)
    [Anonymous Symbol]                       0x08002748   Section        0  stm32h7xx_hal_uart_ex.o(.text.UARTEx_SetNbDataToProcess)
    [Anonymous Symbol]                       0x080027a0   Section        0  stm32h7xx_hal_uart.o(.text.UART_AdvFeatureConfig)
    [Anonymous Symbol]                       0x08002880   Section        0  stm32h7xx_hal_uart.o(.text.UART_CheckIdleState)
    [Anonymous Symbol]                       0x080028e8   Section        0  stm32h7xx_hal_uart.o(.text.UART_SetConfig)
    [Anonymous Symbol]                       0x08002e60   Section        0  stm32h7xx_hal_uart.o(.text.UART_WaitOnFlagUntilTimeout)
    [Anonymous Symbol]                       0x08002f18   Section        0  stm32h7xx_it.o(.text.UsageFault_Handler)
    __NVIC_EnableIRQ                         0x08002f21   Thumb Code    32  stm32h7xx_hal_cortex.o(.text.__NVIC_EnableIRQ)
    [Anonymous Symbol]                       0x08002f20   Section        0  stm32h7xx_hal_cortex.o(.text.__NVIC_EnableIRQ)
    __NVIC_GetPriorityGrouping               0x08002f41   Thumb Code    16  stm32h7xx_hal_cortex.o(.text.__NVIC_GetPriorityGrouping)
    [Anonymous Symbol]                       0x08002f40   Section        0  stm32h7xx_hal_cortex.o(.text.__NVIC_GetPriorityGrouping)
    __NVIC_SetPriority                       0x08002f51   Thumb Code    34  stm32h7xx_hal_cortex.o(.text.__NVIC_SetPriority)
    [Anonymous Symbol]                       0x08002f50   Section        0  stm32h7xx_hal_cortex.o(.text.__NVIC_SetPriority)
    __NVIC_SetPriorityGrouping               0x08002f79   Thumb Code    32  stm32h7xx_hal_cortex.o(.text.__NVIC_SetPriorityGrouping)
    [Anonymous Symbol]                       0x08002f78   Section        0  stm32h7xx_hal_cortex.o(.text.__NVIC_SetPriorityGrouping)
    cdc_acm_class_interface_request_handler  0x08002f99   Thumb Code   224  usbd_cdc.o(.text.cdc_acm_class_interface_request_handler)
    [Anonymous Symbol]                       0x08002f98   Section        0  usbd_cdc.o(.text.cdc_acm_class_interface_request_handler)
    [Anonymous Symbol]                       0x08003078   Section        0  cdc_acm_template.o(.text.cdc_acm_data_send_with_dtr_test)
    [Anonymous Symbol]                       0x080030b0   Section        0  cdc_acm_template.o(.text.cdc_acm_init)
    dwc2_core_init                           0x08003131   Thumb Code    30  usb_dc_dwc2.o(.text.dwc2_core_init)
    [Anonymous Symbol]                       0x08003130   Section        0  usb_dc_dwc2.o(.text.dwc2_core_init)
    dwc2_ep0_start_read_setup                0x08003151   Thumb Code    38  usb_dc_dwc2.o(.text.dwc2_ep0_start_read_setup)
    [Anonymous Symbol]                       0x08003150   Section        0  usb_dc_dwc2.o(.text.dwc2_ep0_start_read_setup)
    [Anonymous Symbol]                       0x08003178   Section        0  usb_dc_dwc2.o(.text.dwc2_ep_read)
    [Anonymous Symbol]                       0x080031a0   Section        0  usb_dc_dwc2.o(.text.dwc2_ep_write)
    dwc2_flush_rxfifo                        0x080031d1   Thumb Code    54  usb_dc_dwc2.o(.text.dwc2_flush_rxfifo)
    [Anonymous Symbol]                       0x080031d0   Section        0  usb_dc_dwc2.o(.text.dwc2_flush_rxfifo)
    dwc2_flush_txfifo                        0x08003209   Thumb Code    48  usb_dc_dwc2.o(.text.dwc2_flush_txfifo)
    [Anonymous Symbol]                       0x08003208   Section        0  usb_dc_dwc2.o(.text.dwc2_flush_txfifo)
    dwc2_get_devspeed                        0x08003239   Thumb Code    34  usb_dc_dwc2.o(.text.dwc2_get_devspeed)
    [Anonymous Symbol]                       0x08003238   Section        0  usb_dc_dwc2.o(.text.dwc2_get_devspeed)
    dwc2_get_glb_intstatus                   0x08003261   Thumb Code    14  usb_dc_dwc2.o(.text.dwc2_get_glb_intstatus)
    [Anonymous Symbol]                       0x08003260   Section        0  usb_dc_dwc2.o(.text.dwc2_get_glb_intstatus)
    dwc2_get_inep_intstatus                  0x08003271   Thumb Code    42  usb_dc_dwc2.o(.text.dwc2_get_inep_intstatus)
    [Anonymous Symbol]                       0x08003270   Section        0  usb_dc_dwc2.o(.text.dwc2_get_inep_intstatus)
    dwc2_get_ineps_intstatus                 0x080032a1   Thumb Code    18  usb_dc_dwc2.o(.text.dwc2_get_ineps_intstatus)
    [Anonymous Symbol]                       0x080032a0   Section        0  usb_dc_dwc2.o(.text.dwc2_get_ineps_intstatus)
    dwc2_get_outep_intstatus                 0x080032b9   Thumb Code    22  usb_dc_dwc2.o(.text.dwc2_get_outep_intstatus)
    [Anonymous Symbol]                       0x080032b8   Section        0  usb_dc_dwc2.o(.text.dwc2_get_outep_intstatus)
    dwc2_get_outeps_intstatus                0x080032d1   Thumb Code    18  usb_dc_dwc2.o(.text.dwc2_get_outeps_intstatus)
    [Anonymous Symbol]                       0x080032d0   Section        0  usb_dc_dwc2.o(.text.dwc2_get_outeps_intstatus)
    dwc2_reset                               0x080032e9   Thumb Code    72  usb_dc_dwc2.o(.text.dwc2_reset)
    [Anonymous Symbol]                       0x080032e8   Section        0  usb_dc_dwc2.o(.text.dwc2_reset)
    dwc2_set_mode                            0x08003331   Thumb Code    24  usb_dc_dwc2.o(.text.dwc2_set_mode)
    [Anonymous Symbol]                       0x08003330   Section        0  usb_dc_dwc2.o(.text.dwc2_set_mode)
    dwc2_set_turnaroundtime                  0x08003349   Thumb Code   280  usb_dc_dwc2.o(.text.dwc2_set_turnaroundtime)
    [Anonymous Symbol]                       0x08003348   Section        0  usb_dc_dwc2.o(.text.dwc2_set_turnaroundtime)
    dwc2_set_txfifo                          0x08003461   Thumb Code    80  usb_dc_dwc2.o(.text.dwc2_set_txfifo)
    [Anonymous Symbol]                       0x08003460   Section        0  usb_dc_dwc2.o(.text.dwc2_set_txfifo)
    dwc2_tx_fifo_empty_procecss              0x080034b1   Thumb Code   186  usb_dc_dwc2.o(.text.dwc2_tx_fifo_empty_procecss)
    [Anonymous Symbol]                       0x080034b0   Section        0  usb_dc_dwc2.o(.text.dwc2_tx_fifo_empty_procecss)
    [Anonymous Symbol]                       0x08003570   Section        0  main.o(.text.fputc)
    is_device_configured                     0x08003591   Thumb Code    20  usbd_core.o(.text.is_device_configured)
    [Anonymous Symbol]                       0x08003590   Section        0  usbd_core.o(.text.is_device_configured)
    [Anonymous Symbol]                       0x080035a8   Section        0  main.o(.text.main)
    [Anonymous Symbol]                       0x080035d8   Section        0  usb_dc_dwc2.o(.text.usb_dc_init)
    [Anonymous Symbol]                       0x080036c0   Section        0  main.o(.text.usb_dc_low_level_init)
    [Anonymous Symbol]                       0x08003758   Section        0  usbd_core.o(.text.usb_device_is_configured)
    usb_slist_add_tail                       0x08003769   Thumb Code    24  usbd_core.o(.text.usb_slist_add_tail)
    [Anonymous Symbol]                       0x08003768   Section        0  usbd_core.o(.text.usb_slist_add_tail)
    [Anonymous Symbol]                       0x08003780   Section        0  usbd_core.o(.text.usbd_add_endpoint)
    [Anonymous Symbol]                       0x080037b0   Section        0  usbd_core.o(.text.usbd_add_interface)
    [Anonymous Symbol]                       0x080037d0   Section        0  cdc_acm_template.o(.text.usbd_cdc_acm_bulk_in)
    [Anonymous Symbol]                       0x08003810   Section        0  cdc_acm_template.o(.text.usbd_cdc_acm_bulk_out)
    [Anonymous Symbol]                       0x08003840   Section        0  usbd_cdc.o(.text.usbd_cdc_acm_get_line_coding)
    [Anonymous Symbol]                       0x08003858   Section        0  usbd_cdc.o(.text.usbd_cdc_acm_init_intf)
    [Anonymous Symbol]                       0x08003870   Section        0  cdc_acm_template.o(.text.usbd_cdc_acm_set_dtr)
    [Anonymous Symbol]                       0x08003880   Section        0  usbd_cdc.o(.text.usbd_cdc_acm_set_line_coding)
    [Anonymous Symbol]                       0x08003888   Section        0  usbd_cdc.o(.text.usbd_cdc_acm_set_rts)
    usbd_class_event_notify_handler          0x08003891   Thumb Code    44  usbd_core.o(.text.usbd_class_event_notify_handler)
    [Anonymous Symbol]                       0x08003890   Section        0  usbd_core.o(.text.usbd_class_event_notify_handler)
    usbd_class_request_handler               0x080038c1   Thumb Code   144  usbd_core.o(.text.usbd_class_request_handler)
    [Anonymous Symbol]                       0x080038c0   Section        0  usbd_core.o(.text.usbd_class_request_handler)
    [Anonymous Symbol]                       0x08003950   Section        0  cdc_acm_template.o(.text.usbd_configure_done_callback)
    [Anonymous Symbol]                       0x08003968   Section        0  usbd_core.o(.text.usbd_desc_register)
    [Anonymous Symbol]                       0x080039b8   Section        0  usb_dc_dwc2.o(.text.usbd_ep_clear_stall)
    [Anonymous Symbol]                       0x08003a30   Section        0  usb_dc_dwc2.o(.text.usbd_ep_close)
    [Anonymous Symbol]                       0x08003ab0   Section        0  usb_dc_dwc2.o(.text.usbd_ep_open)
    [Anonymous Symbol]                       0x08003be0   Section        0  usb_dc_dwc2.o(.text.usbd_ep_set_stall)
    [Anonymous Symbol]                       0x08003c38   Section        0  usb_dc_dwc2.o(.text.usbd_ep_start_read)
    [Anonymous Symbol]                       0x08003d18   Section        0  usb_dc_dwc2.o(.text.usbd_ep_start_write)
    [Anonymous Symbol]                       0x08003e20   Section        0  usbd_core.o(.text.usbd_event_ep0_in_complete_handler)
    [Anonymous Symbol]                       0x08003e78   Section        0  usbd_core.o(.text.usbd_event_ep0_out_complete_handler)
    [Anonymous Symbol]                       0x08003ec0   Section        0  usbd_core.o(.text.usbd_event_ep0_setup_complete_handler)
    [Anonymous Symbol]                       0x08003f98   Section        0  usbd_core.o(.text.usbd_event_ep_in_complete_handler)
    [Anonymous Symbol]                       0x08003fc0   Section        0  usbd_core.o(.text.usbd_event_ep_out_complete_handler)
    [Anonymous Symbol]                       0x08003fe8   Section        0  usbd_core.o(.text.usbd_event_handler)
    [Anonymous Symbol]                       0x08004000   Section        0  usbd_core.o(.text.usbd_event_reset_handler)
    usbd_get_descriptor                      0x08004049   Thumb Code   404  usbd_core.o(.text.usbd_get_descriptor)
    [Anonymous Symbol]                       0x08004048   Section        0  usbd_core.o(.text.usbd_get_descriptor)
    [Anonymous Symbol]                       0x080041e0   Section        0  usbd_core.o(.text.usbd_initialize)
    usbd_print_setup                         0x080041e9   Thumb Code    74  usbd_core.o(.text.usbd_print_setup)
    [Anonymous Symbol]                       0x080041e8   Section        0  usbd_core.o(.text.usbd_print_setup)
    usbd_reset_endpoint                      0x08004239   Thumb Code    84  usbd_core.o(.text.usbd_reset_endpoint)
    [Anonymous Symbol]                       0x08004238   Section        0  usbd_core.o(.text.usbd_reset_endpoint)
    [Anonymous Symbol]                       0x08004290   Section        0  usb_dc_dwc2.o(.text.usbd_set_address)
    usbd_set_configuration                   0x080042b1   Thumb Code    94  usbd_core.o(.text.usbd_set_configuration)
    [Anonymous Symbol]                       0x080042b0   Section        0  usbd_core.o(.text.usbd_set_configuration)
    usbd_set_endpoint                        0x08004311   Thumb Code   120  usbd_core.o(.text.usbd_set_endpoint)
    [Anonymous Symbol]                       0x08004310   Section        0  usbd_core.o(.text.usbd_set_endpoint)
    usbd_set_interface                       0x08004389   Thumb Code   108  usbd_core.o(.text.usbd_set_interface)
    [Anonymous Symbol]                       0x08004388   Section        0  usbd_core.o(.text.usbd_set_interface)
    usbd_setup_request_handler               0x080043f9   Thumb Code   288  usbd_core.o(.text.usbd_setup_request_handler)
    [Anonymous Symbol]                       0x080043f8   Section        0  usbd_core.o(.text.usbd_setup_request_handler)
    usbd_standard_request_handler            0x08004519   Thumb Code    56  usbd_core.o(.text.usbd_standard_request_handler)
    [Anonymous Symbol]                       0x08004518   Section        0  usbd_core.o(.text.usbd_standard_request_handler)
    usbd_std_device_req_handler              0x08004551   Thumb Code   162  usbd_core.o(.text.usbd_std_device_req_handler)
    [Anonymous Symbol]                       0x08004550   Section        0  usbd_core.o(.text.usbd_std_device_req_handler)
    usbd_std_endpoint_req_handler            0x080045f9   Thumb Code   208  usbd_core.o(.text.usbd_std_endpoint_req_handler)
    [Anonymous Symbol]                       0x080045f8   Section        0  usbd_core.o(.text.usbd_std_endpoint_req_handler)
    usbd_std_interface_req_handler           0x080046c9   Thumb Code   228  usbd_core.o(.text.usbd_std_interface_req_handler)
    [Anonymous Symbol]                       0x080046c8   Section        0  usbd_core.o(.text.usbd_std_interface_req_handler)
    usbd_vendor_request_handler              0x080047b1   Thumb Code   412  usbd_core.o(.text.usbd_vendor_request_handler)
    [Anonymous Symbol]                       0x080047b0   Section        0  usbd_core.o(.text.usbd_vendor_request_handler)
    i.__0printf$8                            0x0800494c   Section        0  printf8.o(i.__0printf$8)
    i.__scatterload_copy                     0x0800496c   Section       14  handlers.o(i.__scatterload_copy)
    i.__scatterload_null                     0x0800497a   Section        2  handlers.o(i.__scatterload_null)
    i.__scatterload_zeroinit                 0x0800497c   Section       14  handlers.o(i.__scatterload_zeroinit)
    _printf_core                             0x0800498d   Thumb Code   996  printf8.o(i._printf_core)
    i._printf_core                           0x0800498c   Section        0  printf8.o(i._printf_core)
    _printf_post_padding                     0x08004d9d   Thumb Code    36  printf8.o(i._printf_post_padding)
    i._printf_post_padding                   0x08004d9c   Section        0  printf8.o(i._printf_post_padding)
    _printf_pre_padding                      0x08004dc1   Thumb Code    46  printf8.o(i._printf_pre_padding)
    i._printf_pre_padding                    0x08004dc0   Section        0  printf8.o(i._printf_pre_padding)
    i.puts                                   0x08004df0   Section        0  puts.o(i.puts)
    cdc_descriptor                           0x08004e3c   Data         178  cdc_acm_template.o(.rodata.cdc_descriptor)
    [Anonymous Symbol]                       0x08004e3c   Section        0  cdc_acm_template.o(.rodata.cdc_descriptor)
    .L__const.UARTEx_SetNbDataToProcess.numerator 0x08004eee   Data           8  stm32h7xx_hal_uart_ex.o(.rodata.cst8)
    .L__const.UARTEx_SetNbDataToProcess.denominator 0x08004ef6   Data           8  stm32h7xx_hal_uart_ex.o(.rodata.cst8)
    .L.str.17                                0x08004efe   Data          93  usbd_core.o(.rodata.str1.1)
    [Anonymous Symbol]                       0x08004efe   Section        0  usbd_core.o(.rodata.str1.1)
    .L.str                                   0x08004f5b   Data          14  usbd_core.o(.rodata.str1.1)
    .L.str.8                                 0x08004f69   Data          14  usbd_core.o(.rodata.str1.1)
    .L.str.2                                 0x08004f77   Data           5  usbd_core.o(.rodata.str1.1)
    .data                                    0x24000000   Section        4  stdout.o(.data)
    bos_desc                                 0x24001220   Data           4  usbd_core.o(.bss.bos_desc)
    [Anonymous Symbol]                       0x24001220   Section        0  usbd_core.o(.bss.bos_desc)
    msosv1_desc                              0x240012f4   Data           4  usbd_core.o(.bss.msosv1_desc)
    [Anonymous Symbol]                       0x240012f4   Section        0  usbd_core.o(.bss.msosv1_desc)
    msosv2_desc                              0x240012f8   Data           4  usbd_core.o(.bss.msosv2_desc)
    [Anonymous Symbol]                       0x240012f8   Section        0  usbd_core.o(.bss.msosv2_desc)
    STACK                                    0x240013c8   Section     1024  startup_stm32h750xx.o(STACK)

    Global Symbols

    Symbol Name                              Value     Ov Type        Size  Object(Section)

    BuildAttributes$$THM_ISAv4$E$P$D$K$B$S$7EM$VFPv5_D16$PE$PLD8$A:L22UL41UL21$X:L11$S22US41US21$IEEE1$IW$~IW$USESV6$~STKCKD$USESV7$~SHL$OTIME$ROPI$EBA8$MICROLIB$REQ8$PRES8$EABIv2 0x00000000   Number         0  anon$$obj.o ABSOLUTE
    _printf_a                                0x00000000   Number         0  printfstubs.o ABSOLUTE
    _printf_c                                0x00000000   Number         0  printfstubs.o ABSOLUTE
    _printf_charcount                        0x00000000   Number         0  printfstubs.o ABSOLUTE
    _printf_d                                0x00000000   Number         0  printfstubs.o ABSOLUTE
    _printf_e                                0x00000000   Number         0  printfstubs.o ABSOLUTE
    _printf_f                                0x00000000   Number         0  printfstubs.o ABSOLUTE
    _printf_flags                            0x00000000   Number         0  printfstubs.o ABSOLUTE
    _printf_fp_dec                           0x00000000   Number         0  printfstubs.o ABSOLUTE
    _printf_fp_hex                           0x00000000   Number         0  printfstubs.o ABSOLUTE
    _printf_g                                0x00000000   Number         0  printfstubs.o ABSOLUTE
    _printf_i                                0x00000000   Number         0  printfstubs.o ABSOLUTE
    _printf_int_dec                          0x00000000   Number         0  printfstubs.o ABSOLUTE
    _printf_l                                0x00000000   Number         0  printfstubs.o ABSOLUTE
    _printf_lc                               0x00000000   Number         0  printfstubs.o ABSOLUTE
    _printf_ll                               0x00000000   Number         0  printfstubs.o ABSOLUTE
    _printf_lld                              0x00000000   Number         0  printfstubs.o ABSOLUTE
    _printf_lli                              0x00000000   Number         0  printfstubs.o ABSOLUTE
    _printf_llo                              0x00000000   Number         0  printfstubs.o ABSOLUTE
    _printf_llu                              0x00000000   Number         0  printfstubs.o ABSOLUTE
    _printf_llx                              0x00000000   Number         0  printfstubs.o ABSOLUTE
    _printf_longlong_dec                     0x00000000   Number         0  printfstubs.o ABSOLUTE
    _printf_longlong_hex                     0x00000000   Number         0  printfstubs.o ABSOLUTE
    _printf_longlong_oct                     0x00000000   Number         0  printfstubs.o ABSOLUTE
    _printf_ls                               0x00000000   Number         0  printfstubs.o ABSOLUTE
    _printf_mbtowc                           0x00000000   Number         0  printfstubs.o ABSOLUTE
    _printf_n                                0x00000000   Number         0  printfstubs.o ABSOLUTE
    _printf_o                                0x00000000   Number         0  printfstubs.o ABSOLUTE
    _printf_p                                0x00000000   Number         0  printfstubs.o ABSOLUTE
    _printf_percent                          0x00000000   Number         0  printfstubs.o ABSOLUTE
    _printf_pre_padding                      0x00000000   Number         0  printfstubs.o ABSOLUTE
    _printf_return_value                     0x00000000   Number         0  printfstubs.o ABSOLUTE
    _printf_s                                0x00000000   Number         0  printfstubs.o ABSOLUTE
    _printf_sizespec                         0x00000000   Number         0  printfstubs.o ABSOLUTE
    _printf_str                              0x00000000   Number         0  printfstubs.o ABSOLUTE
    _printf_truncate_signed                  0x00000000   Number         0  printfstubs.o ABSOLUTE
    _printf_truncate_unsigned                0x00000000   Number         0  printfstubs.o ABSOLUTE
    _printf_u                                0x00000000   Number         0  printfstubs.o ABSOLUTE
    _printf_wc                               0x00000000   Number         0  printfstubs.o ABSOLUTE
    _printf_wctomb                           0x00000000   Number         0  printfstubs.o ABSOLUTE
    _printf_widthprec                        0x00000000   Number         0  printfstubs.o ABSOLUTE
    _printf_x                                0x00000000   Number         0  printfstubs.o ABSOLUTE
    __cpp_initialize__aeabi_                  - Undefined Weak Reference
    __cxa_finalize                            - Undefined Weak Reference
    _clock_init                               - Undefined Weak Reference
    _microlib_exit                            - Undefined Weak Reference
    __Vectors_Size                           0x00000298   Number         0  startup_stm32h750xx.o ABSOLUTE
    __Vectors                                0x08000000   Data           4  startup_stm32h750xx.o(RESET)
    __Vectors_End                            0x08000298   Data           0  startup_stm32h750xx.o(RESET)
    __main                                   0x08000299   Thumb Code     0  entry.o(.ARM.Collect$$$$00000000)
    _main_stk                                0x08000299   Thumb Code     0  entry2.o(.ARM.Collect$$$$00000001)
    _main_scatterload                        0x0800029d   Thumb Code     0  entry5.o(.ARM.Collect$$$$00000004)
    __main_after_scatterload                 0x080002a1   Thumb Code     0  entry5.o(.ARM.Collect$$$$00000004)
    _main_clock                              0x080002a1   Thumb Code     0  entry7b.o(.ARM.Collect$$$$00000008)
    _main_cpp_init                           0x080002a1   Thumb Code     0  entry8b.o(.ARM.Collect$$$$0000000A)
    _main_init                               0x080002a1   Thumb Code     0  entry9a.o(.ARM.Collect$$$$0000000B)
    __rt_final_cpp                           0x080002a9   Thumb Code     0  entry10a.o(.ARM.Collect$$$$0000000D)
    __rt_final_exit                          0x080002a9   Thumb Code     0  entry11a.o(.ARM.Collect$$$$0000000F)
    Reset_Handler                            0x080002ad   Thumb Code     8  startup_stm32h750xx.o(.text)
    ADC3_IRQHandler                          0x080002c7   Thumb Code     0  startup_stm32h750xx.o(.text)
    ADC_IRQHandler                           0x080002c7   Thumb Code     0  startup_stm32h750xx.o(.text)
    BDMA_Channel0_IRQHandler                 0x080002c7   Thumb Code     0  startup_stm32h750xx.o(.text)
    BDMA_Channel1_IRQHandler                 0x080002c7   Thumb Code     0  startup_stm32h750xx.o(.text)
    BDMA_Channel2_IRQHandler                 0x080002c7   Thumb Code     0  startup_stm32h750xx.o(.text)
    BDMA_Channel3_IRQHandler                 0x080002c7   Thumb Code     0  startup_stm32h750xx.o(.text)
    BDMA_Channel4_IRQHandler                 0x080002c7   Thumb Code     0  startup_stm32h750xx.o(.text)
    BDMA_Channel5_IRQHandler                 0x080002c7   Thumb Code     0  startup_stm32h750xx.o(.text)
    BDMA_Channel6_IRQHandler                 0x080002c7   Thumb Code     0  startup_stm32h750xx.o(.text)
    BDMA_Channel7_IRQHandler                 0x080002c7   Thumb Code     0  startup_stm32h750xx.o(.text)
    CEC_IRQHandler                           0x080002c7   Thumb Code     0  startup_stm32h750xx.o(.text)
    COMP1_IRQHandler                         0x080002c7   Thumb Code     0  startup_stm32h750xx.o(.text)
    CRS_IRQHandler                           0x080002c7   Thumb Code     0  startup_stm32h750xx.o(.text)
    CRYP_IRQHandler                          0x080002c7   Thumb Code     0  startup_stm32h750xx.o(.text)
    DCMI_IRQHandler                          0x080002c7   Thumb Code     0  startup_stm32h750xx.o(.text)
    DFSDM1_FLT0_IRQHandler                   0x080002c7   Thumb Code     0  startup_stm32h750xx.o(.text)
    DFSDM1_FLT1_IRQHandler                   0x080002c7   Thumb Code     0  startup_stm32h750xx.o(.text)
    DFSDM1_FLT2_IRQHandler                   0x080002c7   Thumb Code     0  startup_stm32h750xx.o(.text)
    DFSDM1_FLT3_IRQHandler                   0x080002c7   Thumb Code     0  startup_stm32h750xx.o(.text)
    DMA1_Stream0_IRQHandler                  0x080002c7   Thumb Code     0  startup_stm32h750xx.o(.text)
    DMA1_Stream1_IRQHandler                  0x080002c7   Thumb Code     0  startup_stm32h750xx.o(.text)
    DMA1_Stream2_IRQHandler                  0x080002c7   Thumb Code     0  startup_stm32h750xx.o(.text)
    DMA1_Stream3_IRQHandler                  0x080002c7   Thumb Code     0  startup_stm32h750xx.o(.text)
    DMA1_Stream4_IRQHandler                  0x080002c7   Thumb Code     0  startup_stm32h750xx.o(.text)
    DMA1_Stream5_IRQHandler                  0x080002c7   Thumb Code     0  startup_stm32h750xx.o(.text)
    DMA1_Stream6_IRQHandler                  0x080002c7   Thumb Code     0  startup_stm32h750xx.o(.text)
    DMA1_Stream7_IRQHandler                  0x080002c7   Thumb Code     0  startup_stm32h750xx.o(.text)
    DMA2D_IRQHandler                         0x080002c7   Thumb Code     0  startup_stm32h750xx.o(.text)
    DMA2_Stream0_IRQHandler                  0x080002c7   Thumb Code     0  startup_stm32h750xx.o(.text)
    DMA2_Stream1_IRQHandler                  0x080002c7   Thumb Code     0  startup_stm32h750xx.o(.text)
    DMA2_Stream2_IRQHandler                  0x080002c7   Thumb Code     0  startup_stm32h750xx.o(.text)
    DMA2_Stream3_IRQHandler                  0x080002c7   Thumb Code     0  startup_stm32h750xx.o(.text)
    DMA2_Stream4_IRQHandler                  0x080002c7   Thumb Code     0  startup_stm32h750xx.o(.text)
    DMA2_Stream5_IRQHandler                  0x080002c7   Thumb Code     0  startup_stm32h750xx.o(.text)
    DMA2_Stream6_IRQHandler                  0x080002c7   Thumb Code     0  startup_stm32h750xx.o(.text)
    DMA2_Stream7_IRQHandler                  0x080002c7   Thumb Code     0  startup_stm32h750xx.o(.text)
    DMAMUX1_OVR_IRQHandler                   0x080002c7   Thumb Code     0  startup_stm32h750xx.o(.text)
    DMAMUX2_OVR_IRQHandler                   0x080002c7   Thumb Code     0  startup_stm32h750xx.o(.text)
    ECC_IRQHandler                           0x080002c7   Thumb Code     0  startup_stm32h750xx.o(.text)
    ETH_IRQHandler                           0x080002c7   Thumb Code     0  startup_stm32h750xx.o(.text)
    ETH_WKUP_IRQHandler                      0x080002c7   Thumb Code     0  startup_stm32h750xx.o(.text)
    EXTI0_IRQHandler                         0x080002c7   Thumb Code     0  startup_stm32h750xx.o(.text)
    EXTI15_10_IRQHandler                     0x080002c7   Thumb Code     0  startup_stm32h750xx.o(.text)
    EXTI1_IRQHandler                         0x080002c7   Thumb Code     0  startup_stm32h750xx.o(.text)
    EXTI2_IRQHandler                         0x080002c7   Thumb Code     0  startup_stm32h750xx.o(.text)
    EXTI3_IRQHandler                         0x080002c7   Thumb Code     0  startup_stm32h750xx.o(.text)
    EXTI4_IRQHandler                         0x080002c7   Thumb Code     0  startup_stm32h750xx.o(.text)
    EXTI9_5_IRQHandler                       0x080002c7   Thumb Code     0  startup_stm32h750xx.o(.text)
    FDCAN1_IT0_IRQHandler                    0x080002c7   Thumb Code     0  startup_stm32h750xx.o(.text)
    FDCAN1_IT1_IRQHandler                    0x080002c7   Thumb Code     0  startup_stm32h750xx.o(.text)
    FDCAN2_IT0_IRQHandler                    0x080002c7   Thumb Code     0  startup_stm32h750xx.o(.text)
    FDCAN2_IT1_IRQHandler                    0x080002c7   Thumb Code     0  startup_stm32h750xx.o(.text)
    FDCAN_CAL_IRQHandler                     0x080002c7   Thumb Code     0  startup_stm32h750xx.o(.text)
    FLASH_IRQHandler                         0x080002c7   Thumb Code     0  startup_stm32h750xx.o(.text)
    FMC_IRQHandler                           0x080002c7   Thumb Code     0  startup_stm32h750xx.o(.text)
    FPU_IRQHandler                           0x080002c7   Thumb Code     0  startup_stm32h750xx.o(.text)
    HASH_RNG_IRQHandler                      0x080002c7   Thumb Code     0  startup_stm32h750xx.o(.text)
    HRTIM1_FLT_IRQHandler                    0x080002c7   Thumb Code     0  startup_stm32h750xx.o(.text)
    HRTIM1_Master_IRQHandler                 0x080002c7   Thumb Code     0  startup_stm32h750xx.o(.text)
    HRTIM1_TIMA_IRQHandler                   0x080002c7   Thumb Code     0  startup_stm32h750xx.o(.text)
    HRTIM1_TIMB_IRQHandler                   0x080002c7   Thumb Code     0  startup_stm32h750xx.o(.text)
    HRTIM1_TIMC_IRQHandler                   0x080002c7   Thumb Code     0  startup_stm32h750xx.o(.text)
    HRTIM1_TIMD_IRQHandler                   0x080002c7   Thumb Code     0  startup_stm32h750xx.o(.text)
    HRTIM1_TIME_IRQHandler                   0x080002c7   Thumb Code     0  startup_stm32h750xx.o(.text)
    HSEM1_IRQHandler                         0x080002c7   Thumb Code     0  startup_stm32h750xx.o(.text)
    I2C1_ER_IRQHandler                       0x080002c7   Thumb Code     0  startup_stm32h750xx.o(.text)
    I2C1_EV_IRQHandler                       0x080002c7   Thumb Code     0  startup_stm32h750xx.o(.text)
    I2C2_ER_IRQHandler                       0x080002c7   Thumb Code     0  startup_stm32h750xx.o(.text)
    I2C2_EV_IRQHandler                       0x080002c7   Thumb Code     0  startup_stm32h750xx.o(.text)
    I2C3_ER_IRQHandler                       0x080002c7   Thumb Code     0  startup_stm32h750xx.o(.text)
    I2C3_EV_IRQHandler                       0x080002c7   Thumb Code     0  startup_stm32h750xx.o(.text)
    I2C4_ER_IRQHandler                       0x080002c7   Thumb Code     0  startup_stm32h750xx.o(.text)
    I2C4_EV_IRQHandler                       0x080002c7   Thumb Code     0  startup_stm32h750xx.o(.text)
    JPEG_IRQHandler                          0x080002c7   Thumb Code     0  startup_stm32h750xx.o(.text)
    LPTIM1_IRQHandler                        0x080002c7   Thumb Code     0  startup_stm32h750xx.o(.text)
    LPTIM2_IRQHandler                        0x080002c7   Thumb Code     0  startup_stm32h750xx.o(.text)
    LPTIM3_IRQHandler                        0x080002c7   Thumb Code     0  startup_stm32h750xx.o(.text)
    LPTIM4_IRQHandler                        0x080002c7   Thumb Code     0  startup_stm32h750xx.o(.text)
    LPTIM5_IRQHandler                        0x080002c7   Thumb Code     0  startup_stm32h750xx.o(.text)
    LPUART1_IRQHandler                       0x080002c7   Thumb Code     0  startup_stm32h750xx.o(.text)
    LTDC_ER_IRQHandler                       0x080002c7   Thumb Code     0  startup_stm32h750xx.o(.text)
    LTDC_IRQHandler                          0x080002c7   Thumb Code     0  startup_stm32h750xx.o(.text)
    MDIOS_IRQHandler                         0x080002c7   Thumb Code     0  startup_stm32h750xx.o(.text)
    MDIOS_WKUP_IRQHandler                    0x080002c7   Thumb Code     0  startup_stm32h750xx.o(.text)
    MDMA_IRQHandler                          0x080002c7   Thumb Code     0  startup_stm32h750xx.o(.text)
    OTG_FS_EP1_IN_IRQHandler                 0x080002c7   Thumb Code     0  startup_stm32h750xx.o(.text)
    OTG_FS_EP1_OUT_IRQHandler                0x080002c7   Thumb Code     0  startup_stm32h750xx.o(.text)
    OTG_FS_WKUP_IRQHandler                   0x080002c7   Thumb Code     0  startup_stm32h750xx.o(.text)
    OTG_HS_EP1_IN_IRQHandler                 0x080002c7   Thumb Code     0  startup_stm32h750xx.o(.text)
    OTG_HS_EP1_OUT_IRQHandler                0x080002c7   Thumb Code     0  startup_stm32h750xx.o(.text)
    OTG_HS_IRQHandler                        0x080002c7   Thumb Code     0  startup_stm32h750xx.o(.text)
    OTG_HS_WKUP_IRQHandler                   0x080002c7   Thumb Code     0  startup_stm32h750xx.o(.text)
    PVD_AVD_IRQHandler                       0x080002c7   Thumb Code     0  startup_stm32h750xx.o(.text)
    QUADSPI_IRQHandler                       0x080002c7   Thumb Code     0  startup_stm32h750xx.o(.text)
    RCC_IRQHandler                           0x080002c7   Thumb Code     0  startup_stm32h750xx.o(.text)
    RTC_Alarm_IRQHandler                     0x080002c7   Thumb Code     0  startup_stm32h750xx.o(.text)
    RTC_WKUP_IRQHandler                      0x080002c7   Thumb Code     0  startup_stm32h750xx.o(.text)
    SAI1_IRQHandler                          0x080002c7   Thumb Code     0  startup_stm32h750xx.o(.text)
    SAI2_IRQHandler                          0x080002c7   Thumb Code     0  startup_stm32h750xx.o(.text)
    SAI3_IRQHandler                          0x080002c7   Thumb Code     0  startup_stm32h750xx.o(.text)
    SAI4_IRQHandler                          0x080002c7   Thumb Code     0  startup_stm32h750xx.o(.text)
    SDMMC1_IRQHandler                        0x080002c7   Thumb Code     0  startup_stm32h750xx.o(.text)
    SDMMC2_IRQHandler                        0x080002c7   Thumb Code     0  startup_stm32h750xx.o(.text)
    SPDIF_RX_IRQHandler                      0x080002c7   Thumb Code     0  startup_stm32h750xx.o(.text)
    SPI1_IRQHandler                          0x080002c7   Thumb Code     0  startup_stm32h750xx.o(.text)
    SPI2_IRQHandler                          0x080002c7   Thumb Code     0  startup_stm32h750xx.o(.text)
    SPI3_IRQHandler                          0x080002c7   Thumb Code     0  startup_stm32h750xx.o(.text)
    SPI4_IRQHandler                          0x080002c7   Thumb Code     0  startup_stm32h750xx.o(.text)
    SPI5_IRQHandler                          0x080002c7   Thumb Code     0  startup_stm32h750xx.o(.text)
    SPI6_IRQHandler                          0x080002c7   Thumb Code     0  startup_stm32h750xx.o(.text)
    SWPMI1_IRQHandler                        0x080002c7   Thumb Code     0  startup_stm32h750xx.o(.text)
    TAMP_STAMP_IRQHandler                    0x080002c7   Thumb Code     0  startup_stm32h750xx.o(.text)
    TIM15_IRQHandler                         0x080002c7   Thumb Code     0  startup_stm32h750xx.o(.text)
    TIM16_IRQHandler                         0x080002c7   Thumb Code     0  startup_stm32h750xx.o(.text)
    TIM17_IRQHandler                         0x080002c7   Thumb Code     0  startup_stm32h750xx.o(.text)
    TIM1_BRK_IRQHandler                      0x080002c7   Thumb Code     0  startup_stm32h750xx.o(.text)
    TIM1_CC_IRQHandler                       0x080002c7   Thumb Code     0  startup_stm32h750xx.o(.text)
    TIM1_TRG_COM_IRQHandler                  0x080002c7   Thumb Code     0  startup_stm32h750xx.o(.text)
    TIM1_UP_IRQHandler                       0x080002c7   Thumb Code     0  startup_stm32h750xx.o(.text)
    TIM2_IRQHandler                          0x080002c7   Thumb Code     0  startup_stm32h750xx.o(.text)
    TIM3_IRQHandler                          0x080002c7   Thumb Code     0  startup_stm32h750xx.o(.text)
    TIM4_IRQHandler                          0x080002c7   Thumb Code     0  startup_stm32h750xx.o(.text)
    TIM5_IRQHandler                          0x080002c7   Thumb Code     0  startup_stm32h750xx.o(.text)
    TIM6_DAC_IRQHandler                      0x080002c7   Thumb Code     0  startup_stm32h750xx.o(.text)
    TIM7_IRQHandler                          0x080002c7   Thumb Code     0  startup_stm32h750xx.o(.text)
    TIM8_BRK_TIM12_IRQHandler                0x080002c7   Thumb Code     0  startup_stm32h750xx.o(.text)
    TIM8_CC_IRQHandler                       0x080002c7   Thumb Code     0  startup_stm32h750xx.o(.text)
    TIM8_TRG_COM_TIM14_IRQHandler            0x080002c7   Thumb Code     0  startup_stm32h750xx.o(.text)
    TIM8_UP_TIM13_IRQHandler                 0x080002c7   Thumb Code     0  startup_stm32h750xx.o(.text)
    UART4_IRQHandler                         0x080002c7   Thumb Code     0  startup_stm32h750xx.o(.text)
    UART5_IRQHandler                         0x080002c7   Thumb Code     0  startup_stm32h750xx.o(.text)
    UART7_IRQHandler                         0x080002c7   Thumb Code     0  startup_stm32h750xx.o(.text)
    UART8_IRQHandler                         0x080002c7   Thumb Code     0  startup_stm32h750xx.o(.text)
    USART1_IRQHandler                        0x080002c7   Thumb Code     0  startup_stm32h750xx.o(.text)
    USART2_IRQHandler                        0x080002c7   Thumb Code     0  startup_stm32h750xx.o(.text)
    USART3_IRQHandler                        0x080002c7   Thumb Code     0  startup_stm32h750xx.o(.text)
    USART6_IRQHandler                        0x080002c7   Thumb Code     0  startup_stm32h750xx.o(.text)
    WAKEUP_PIN_IRQHandler                    0x080002c7   Thumb Code     0  startup_stm32h750xx.o(.text)
    WWDG_IRQHandler                          0x080002c7   Thumb Code     0  startup_stm32h750xx.o(.text)
    __aeabi_uldivmod                         0x080002d1   Thumb Code    98  uldiv.o(.text)
    __aeabi_memcpy                           0x08000333   Thumb Code    36  memcpya.o(.text)
    __aeabi_memcpy4                          0x08000333   Thumb Code     0  memcpya.o(.text)
    __aeabi_memcpy8                          0x08000333   Thumb Code     0  memcpya.o(.text)
    __aeabi_memset                           0x08000357   Thumb Code    14  memseta.o(.text)
    __aeabi_memset4                          0x08000357   Thumb Code     0  memseta.o(.text)
    __aeabi_memset8                          0x08000357   Thumb Code     0  memseta.o(.text)
    __aeabi_memclr                           0x08000365   Thumb Code     4  memseta.o(.text)
    __aeabi_memclr4                          0x08000365   Thumb Code     0  memseta.o(.text)
    __aeabi_memclr8                          0x08000365   Thumb Code     0  memseta.o(.text)
    _memset$wrapper                          0x08000369   Thumb Code    18  memseta.o(.text)
    memcmp                                   0x0800037b   Thumb Code    26  memcmp.o(.text)
    __aeabi_llsl                             0x08000395   Thumb Code    30  llshl.o(.text)
    _ll_shift_l                              0x08000395   Thumb Code     0  llshl.o(.text)
    __aeabi_llsr                             0x080003b3   Thumb Code    32  llushr.o(.text)
    _ll_ushift_r                             0x080003b3   Thumb Code     0  llushr.o(.text)
    __scatterload                            0x080003d5   Thumb Code    28  init.o(.text)
    __scatterload_rt2                        0x080003d5   Thumb Code     0  init.o(.text)
    __decompress                             0x080003f9   Thumb Code     0  __dczerorl.o(.text)
    __decompress0                            0x080003f9   Thumb Code    58  __dczerorl.o(.text)
    BusFault_Handler                         0x08000439   Thumb Code     2  stm32h7xx_it.o(.text.BusFault_Handler)
    DebugMon_Handler                         0x08000441   Thumb Code     2  stm32h7xx_it.o(.text.DebugMon_Handler)
    Error_Handler                            0x08000449   Thumb Code    10  main.o(.text.Error_Handler)
    HAL_Delay                                0x08000459   Thumb Code    40  stm32h7xx_hal.o(.text.HAL_Delay)
    HAL_GPIO_Init                            0x08000481   Thumb Code   422  stm32h7xx_hal_gpio.o(.text.HAL_GPIO_Init)
    HAL_GetREVID                             0x08000629   Thumb Code    14  stm32h7xx_hal.o(.text.HAL_GetREVID)
    HAL_GetTick                              0x08000639   Thumb Code    12  stm32h7xx_hal.o(.text.HAL_GetTick)
    HAL_IncTick                              0x08000649   Thumb Code    26  stm32h7xx_hal.o(.text.HAL_IncTick)
    HAL_Init                                 0x08000669   Thumb Code   100  stm32h7xx_hal.o(.text.HAL_Init)
    HAL_InitTick                             0x080006d1   Thumb Code    84  stm32h7xx_hal.o(.text.HAL_InitTick)
    HAL_MspInit                              0x08000729   Thumb Code    32  stm32h7xx_hal_msp.o(.text.HAL_MspInit)
    HAL_NVIC_EnableIRQ                       0x08000749   Thumb Code     8  stm32h7xx_hal_cortex.o(.text.HAL_NVIC_EnableIRQ)
    HAL_NVIC_SetPriority                     0x08000751   Thumb Code    30  stm32h7xx_hal_cortex.o(.text.HAL_NVIC_SetPriority)
    HAL_NVIC_SetPriorityGrouping             0x08000771   Thumb Code     8  stm32h7xx_hal_cortex.o(.text.HAL_NVIC_SetPriorityGrouping)
    HAL_PWREx_ConfigSupply                   0x08000779   Thumb Code    72  stm32h7xx_hal_pwr_ex.o(.text.HAL_PWREx_ConfigSupply)
    HAL_PWREx_EnableUSBVoltageDetector       0x080007c1   Thumb Code    18  stm32h7xx_hal_pwr_ex.o(.text.HAL_PWREx_EnableUSBVoltageDetector)
    HAL_RCCEx_GetD3PCLK1Freq                 0x080007d9   Thumb Code    38  stm32h7xx_hal_rcc_ex.o(.text.HAL_RCCEx_GetD3PCLK1Freq)
    HAL_RCCEx_GetPLL2ClockFreq               0x08000801   Thumb Code   296  stm32h7xx_hal_rcc_ex.o(.text.HAL_RCCEx_GetPLL2ClockFreq)
    HAL_RCCEx_GetPLL3ClockFreq               0x08000929   Thumb Code   296  stm32h7xx_hal_rcc_ex.o(.text.HAL_RCCEx_GetPLL3ClockFreq)
    HAL_RCCEx_PeriphCLKConfig                0x08000a51   Thumb Code  2374  stm32h7xx_hal_rcc_ex.o(.text.HAL_RCCEx_PeriphCLKConfig)
    HAL_RCC_ClockConfig                      0x08001399   Thumb Code   592  stm32h7xx_hal_rcc.o(.text.HAL_RCC_ClockConfig)
    HAL_RCC_GetHCLKFreq                      0x080015e9   Thumb Code    76  stm32h7xx_hal_rcc.o(.text.HAL_RCC_GetHCLKFreq)
    HAL_RCC_GetPCLK1Freq                     0x08001639   Thumb Code    38  stm32h7xx_hal_rcc.o(.text.HAL_RCC_GetPCLK1Freq)
    HAL_RCC_GetPCLK2Freq                     0x08001661   Thumb Code    38  stm32h7xx_hal_rcc.o(.text.HAL_RCC_GetPCLK2Freq)
    HAL_RCC_GetSysClockFreq                  0x08001689   Thumb Code   264  stm32h7xx_hal_rcc.o(.text.HAL_RCC_GetSysClockFreq)
    HAL_RCC_OscConfig                        0x08001791   Thumb Code  1224  stm32h7xx_hal_rcc.o(.text.HAL_RCC_OscConfig)
    HAL_SYSTICK_Config                       0x08001c59   Thumb Code     8  stm32h7xx_hal_cortex.o(.text.HAL_SYSTICK_Config)
    HAL_UARTEx_DisableFifoMode               0x08001c61   Thumb Code    54  stm32h7xx_hal_uart_ex.o(.text.HAL_UARTEx_DisableFifoMode)
    HAL_UARTEx_SetRxFifoThreshold            0x08001c99   Thumb Code    74  stm32h7xx_hal_uart_ex.o(.text.HAL_UARTEx_SetRxFifoThreshold)
    HAL_UARTEx_SetTxFifoThreshold            0x08001ce9   Thumb Code    74  stm32h7xx_hal_uart_ex.o(.text.HAL_UARTEx_SetTxFifoThreshold)
    HAL_UART_Init                            0x08001d39   Thumb Code    98  stm32h7xx_hal_uart.o(.text.HAL_UART_Init)
    HAL_UART_MspInit                         0x08001da1   Thumb Code   142  stm32h7xx_hal_msp.o(.text.HAL_UART_MspInit)
    HAL_UART_Transmit                        0x08001e31   Thumb Code   218  stm32h7xx_hal_uart.o(.text.HAL_UART_Transmit)
    HardFault_Handler                        0x08001f11   Thumb Code     2  stm32h7xx_it.o(.text.HardFault_Handler)
    MemManage_Handler                        0x08001fc1   Thumb Code     2  stm32h7xx_it.o(.text.MemManage_Handler)
    NMI_Handler                              0x08001fc9   Thumb Code     2  stm32h7xx_it.o(.text.NMI_Handler)
    OTG_FS_IRQHandler                        0x08002001   Thumb Code   798  usb_dc_dwc2.o(.text.OTG_FS_IRQHandler)
    PendSV_Handler                           0x08002321   Thumb Code     2  stm32h7xx_it.o(.text.PendSV_Handler)
    SVC_Handler                              0x08002569   Thumb Code     2  stm32h7xx_it.o(.text.SVC_Handler)
    SysTick_Handler                          0x080025a1   Thumb Code     8  stm32h7xx_it.o(.text.SysTick_Handler)
    SystemClock_Config                       0x080025a9   Thumb Code   192  main.o(.text.SystemClock_Config)
    SystemInit                               0x08002669   Thumb Code   218  system_stm32h7xx.o(.text.SystemInit)
    UART_AdvFeatureConfig                    0x080027a1   Thumb Code   224  stm32h7xx_hal_uart.o(.text.UART_AdvFeatureConfig)
    UART_CheckIdleState                      0x08002881   Thumb Code   104  stm32h7xx_hal_uart.o(.text.UART_CheckIdleState)
    UART_SetConfig                           0x080028e9   Thumb Code  1396  stm32h7xx_hal_uart.o(.text.UART_SetConfig)
    UART_WaitOnFlagUntilTimeout              0x08002e61   Thumb Code   184  stm32h7xx_hal_uart.o(.text.UART_WaitOnFlagUntilTimeout)
    UsageFault_Handler                       0x08002f19   Thumb Code     2  stm32h7xx_it.o(.text.UsageFault_Handler)
    cdc_acm_data_send_with_dtr_test          0x08003079   Thumb Code    56  cdc_acm_template.o(.text.cdc_acm_data_send_with_dtr_test)
    cdc_acm_init                             0x080030b1   Thumb Code   122  cdc_acm_template.o(.text.cdc_acm_init)
    dwc2_ep_read                             0x08003179   Thumb Code    36  usb_dc_dwc2.o(.text.dwc2_ep_read)
    dwc2_ep_write                            0x080031a1   Thumb Code    42  usb_dc_dwc2.o(.text.dwc2_ep_write)
    fputc                                    0x08003571   Thumb Code    32  main.o(.text.fputc)
    main                                     0x080035a9   Thumb Code    42  main.o(.text.main)
    usb_dc_init                              0x080035d9   Thumb Code   226  usb_dc_dwc2.o(.text.usb_dc_init)
    usb_dc_low_level_init                    0x080036c1   Thumb Code   150  main.o(.text.usb_dc_low_level_init)
    usb_device_is_configured                 0x08003759   Thumb Code    14  usbd_core.o(.text.usb_device_is_configured)
    usbd_add_endpoint                        0x08003781   Thumb Code    48  usbd_core.o(.text.usbd_add_endpoint)
    usbd_add_interface                       0x080037b1   Thumb Code    32  usbd_core.o(.text.usbd_add_interface)
    usbd_cdc_acm_bulk_in                     0x080037d1   Thumb Code    64  cdc_acm_template.o(.text.usbd_cdc_acm_bulk_in)
    usbd_cdc_acm_bulk_out                    0x08003811   Thumb Code    48  cdc_acm_template.o(.text.usbd_cdc_acm_bulk_out)
    usbd_cdc_acm_get_line_coding             0x08003841   Thumb Code    20  usbd_cdc.o(.text.usbd_cdc_acm_get_line_coding)
    usbd_cdc_acm_init_intf                   0x08003859   Thumb Code    20  usbd_cdc.o(.text.usbd_cdc_acm_init_intf)
    usbd_cdc_acm_set_dtr                     0x08003871   Thumb Code    12  cdc_acm_template.o(.text.usbd_cdc_acm_set_dtr)
    usbd_cdc_acm_set_line_coding             0x08003881   Thumb Code     2  usbd_cdc.o(.text.usbd_cdc_acm_set_line_coding)
    usbd_cdc_acm_set_rts                     0x08003889   Thumb Code     2  usbd_cdc.o(.text.usbd_cdc_acm_set_rts)
    usbd_configure_done_callback             0x08003951   Thumb Code    22  cdc_acm_template.o(.text.usbd_configure_done_callback)
    usbd_desc_register                       0x08003969   Thumb Code    74  usbd_core.o(.text.usbd_desc_register)
    usbd_ep_clear_stall                      0x080039b9   Thumb Code   120  usb_dc_dwc2.o(.text.usbd_ep_clear_stall)
    usbd_ep_close                            0x08003a31   Thumb Code   126  usb_dc_dwc2.o(.text.usbd_ep_close)
    usbd_ep_open                             0x08003ab1   Thumb Code   300  usb_dc_dwc2.o(.text.usbd_ep_open)
    usbd_ep_set_stall                        0x08003be1   Thumb Code    84  usb_dc_dwc2.o(.text.usbd_ep_set_stall)
    usbd_ep_start_read                       0x08003c39   Thumb Code   220  usb_dc_dwc2.o(.text.usbd_ep_start_read)
    usbd_ep_start_write                      0x08003d19   Thumb Code   264  usb_dc_dwc2.o(.text.usbd_ep_start_write)
    usbd_event_ep0_in_complete_handler       0x08003e21   Thumb Code    82  usbd_core.o(.text.usbd_event_ep0_in_complete_handler)
    usbd_event_ep0_out_complete_handler      0x08003e79   Thumb Code    72  usbd_core.o(.text.usbd_event_ep0_out_complete_handler)
    usbd_event_ep0_setup_complete_handler    0x08003ec1   Thumb Code   216  usbd_core.o(.text.usbd_event_ep0_setup_complete_handler)
    usbd_event_ep_in_complete_handler        0x08003f99   Thumb Code    34  usbd_core.o(.text.usbd_event_ep_in_complete_handler)
    usbd_event_ep_out_complete_handler       0x08003fc1   Thumb Code    34  usbd_core.o(.text.usbd_event_ep_out_complete_handler)
    usbd_event_handler                       0x08003fe9   Thumb Code    18  usbd_core.o(.text.usbd_event_handler)
    usbd_event_reset_handler                 0x08004001   Thumb Code    68  usbd_core.o(.text.usbd_event_reset_handler)
    usbd_initialize                          0x080041e1   Thumb Code     8  usbd_core.o(.text.usbd_initialize)
    usbd_set_address                         0x08004291   Thumb Code    32  usb_dc_dwc2.o(.text.usbd_set_address)
    __0printf$8                              0x0800494d   Thumb Code    22  printf8.o(i.__0printf$8)
    __1printf$8                              0x0800494d   Thumb Code     0  printf8.o(i.__0printf$8)
    __2printf                                0x0800494d   Thumb Code     0  printf8.o(i.__0printf$8)
    __scatterload_copy                       0x0800496d   Thumb Code    14  handlers.o(i.__scatterload_copy)
    __scatterload_null                       0x0800497b   Thumb Code     2  handlers.o(i.__scatterload_null)
    __scatterload_zeroinit                   0x0800497d   Thumb Code    14  handlers.o(i.__scatterload_zeroinit)
    puts                                     0x08004df1   Thumb Code    30  puts.o(i.puts)
    D1CorePrescTable                         0x08004e14   Data          16  system_stm32h7xx.o(.rodata.D1CorePrescTable)
    UARTPrescTable                           0x08004e24   Data          24  stm32h7xx_hal_uart.o(.rodata.UARTPrescTable)
    Region$$Table$$Base                      0x08004f7c   Number         0  anon$$obj.o(Region$$Table)
    Region$$Table$$Limit                     0x08004f9c   Number         0  anon$$obj.o(Region$$Table)
    __stdout                                 0x24000000   Data           4  stdout.o(.data)
    SystemCoreClock                          0x24000004   Data           4  system_stm32h7xx.o(.data.SystemCoreClock)
    SystemD2Clock                            0x24000008   Data           4  system_stm32h7xx.o(.data.SystemD2Clock)
    cdc_in_ep                                0x2400000c   Data           8  cdc_acm_template.o(.data.cdc_in_ep)
    cdc_out_ep                               0x24000014   Data           8  cdc_acm_template.o(.data.cdc_out_ep)
    uwTickFreq                               0x2400001c   Data           1  stm32h7xx_hal.o(.data.uwTickFreq)
    uwTickPrio                               0x24000020   Data           4  stm32h7xx_hal.o(.data.uwTickPrio)
    read_buffer                              0x24000024   Data        2048  cdc_acm_template.o(.noncacheable)
    write_buffer                             0x24000824   Data        2048  cdc_acm_template.o(.noncacheable)
    usbd_core_cfg                            0x24001024   Data         288  usbd_core.o(.noncacheable)
    g_dwc2_udc                               0x24001160   Data         192  usb_dc_dwc2.o(.noncacheable)
    dtr_enable                               0x24001224   Data           1  cdc_acm_template.o(.bss.dtr_enable)
    ep_tx_busy_flag                          0x24001225   Data           1  cdc_acm_template.o(.bss.ep_tx_busy_flag)
    huart1                                   0x24001228   Data         140  main.o(.bss.huart1)
    intf0                                    0x240012b4   Data          32  cdc_acm_template.o(.bss.intf0)
    intf1                                    0x240012d4   Data          32  cdc_acm_template.o(.bss.intf1)
    rx_msg                                   0x240012fc   Data          96  usbd_core.o(.bss.rx_msg)
    tx_msg                                   0x2400135c   Data          96  usbd_core.o(.bss.tx_msg)
    usbd_intf_head                           0x240013bc   Data           4  usbd_core.o(.bss.usbd_intf_head)
    uwTick                                   0x240013c0   Data           4  stm32h7xx_hal.o(.bss.uwTick)
    __initial_sp                             0x240017c8   Data           0  startup_stm32h750xx.o(STACK)



==============================================================================

Memory Map of the image

  Image Entry point : 0x08000299

  Load Region LR_IROM1 (Base: 0x08000000, Size: 0x000061c0, Max: 0x00020000, ABSOLUTE, COMPRESSED[0x00004fe0])

    Execution Region ER_IROM1 (Exec base: 0x08000000, Load base: 0x08000000, Size: 0x00004f9c, Max: 0x00020000, ABSOLUTE)

    Exec Addr    Load Addr    Size         Type   Attr      Idx    E Section Name        Object

    0x08000000   0x08000000   0x00000298   Data   RO            3    RESET               startup_stm32h750xx.o
    0x08000298   0x08000298   0x00000000   Code   RO         1597  * .ARM.Collect$$$$00000000  mc_w.l(entry.o)
    0x08000298   0x08000298   0x00000004   Code   RO         1875    .ARM.Collect$$$$00000001  mc_w.l(entry2.o)
    0x0800029c   0x0800029c   0x00000004   Code   RO         1878    .ARM.Collect$$$$00000004  mc_w.l(entry5.o)
    0x080002a0   0x080002a0   0x00000000   Code   RO         1880    .ARM.Collect$$$$00000008  mc_w.l(entry7b.o)
    0x080002a0   0x080002a0   0x00000000   Code   RO         1882    .ARM.Collect$$$$0000000A  mc_w.l(entry8b.o)
    0x080002a0   0x080002a0   0x00000008   Code   RO         1883    .ARM.Collect$$$$0000000B  mc_w.l(entry9a.o)
    0x080002a8   0x080002a8   0x00000000   Code   RO         1885    .ARM.Collect$$$$0000000D  mc_w.l(entry10a.o)
    0x080002a8   0x080002a8   0x00000000   Code   RO         1887    .ARM.Collect$$$$0000000F  mc_w.l(entry11a.o)
    0x080002a8   0x080002a8   0x00000004   Code   RO         1876    .ARM.Collect$$$$00002712  mc_w.l(entry2.o)
    0x080002ac   0x080002ac   0x00000024   Code   RO            4    .text               startup_stm32h750xx.o
    0x080002d0   0x080002d0   0x00000062   Code   RO         1604    .text               mc_w.l(uldiv.o)
    0x08000332   0x08000332   0x00000024   Code   RO         1606    .text               mc_w.l(memcpya.o)
    0x08000356   0x08000356   0x00000024   Code   RO         1608    .text               mc_w.l(memseta.o)
    0x0800037a   0x0800037a   0x0000001a   Code   RO         1610    .text               mc_w.l(memcmp.o)
    0x08000394   0x08000394   0x0000001e   Code   RO         1892    .text               mc_w.l(llshl.o)
    0x080003b2   0x080003b2   0x00000020   Code   RO         1894    .text               mc_w.l(llushr.o)
    0x080003d2   0x080003d2   0x00000002   PAD
    0x080003d4   0x080003d4   0x00000024   Code   RO         1907    .text               mc_w.l(init.o)
    0x080003f8   0x080003f8   0x0000003a   Code   RO         1921    .text               mc_w.l(__dczerorl.o)
    0x08000432   0x08000432   0x00000006   PAD
    0x08000438   0x08000438   0x00000002   Code   RO           71    .text.BusFault_Handler  stm32h7xx_it.o
    0x0800043a   0x0800043a   0x00000006   PAD
    0x08000440   0x08000440   0x00000002   Code   RO           77    .text.DebugMon_Handler  stm32h7xx_it.o
    0x08000442   0x08000442   0x00000006   PAD
    0x08000448   0x08000448   0x0000000a   Code   RO           44    .text.Error_Handler  main.o
    0x08000452   0x08000452   0x00000006   PAD
    0x08000458   0x08000458   0x00000028   Code   RO          883    .text.HAL_Delay     stm32h7xx_hal.o
    0x08000480   0x08000480   0x000001a6   Code   RO          561    .text.HAL_GPIO_Init  stm32h7xx_hal_gpio.o
    0x08000626   0x08000626   0x00000002   PAD
    0x08000628   0x08000628   0x0000000e   Code   RO          891    .text.HAL_GetREVID  stm32h7xx_hal.o
    0x08000636   0x08000636   0x00000002   PAD
    0x08000638   0x08000638   0x0000000c   Code   RO          875    .text.HAL_GetTick   stm32h7xx_hal.o
    0x08000644   0x08000644   0x00000004   PAD
    0x08000648   0x08000648   0x0000001a   Code   RO          873    .text.HAL_IncTick   stm32h7xx_hal.o
    0x08000662   0x08000662   0x00000006   PAD
    0x08000668   0x08000668   0x00000064   Code   RO          863    .text.HAL_Init      stm32h7xx_hal.o
    0x080006cc   0x080006cc   0x00000004   PAD
    0x080006d0   0x080006d0   0x00000054   Code   RO          865    .text.HAL_InitTick  stm32h7xx_hal.o
    0x08000724   0x08000724   0x00000004   PAD
    0x08000728   0x08000728   0x00000020   Code   RO           90    .text.HAL_MspInit   stm32h7xx_hal_msp.o
    0x08000748   0x08000748   0x00000008   Code   RO          120    .text.HAL_NVIC_EnableIRQ  stm32h7xx_hal_cortex.o
    0x08000750   0x08000750   0x0000001e   Code   RO          112    .text.HAL_NVIC_SetPriority  stm32h7xx_hal_cortex.o
    0x0800076e   0x0800076e   0x00000002   PAD
    0x08000770   0x08000770   0x00000008   Code   RO          108    .text.HAL_NVIC_SetPriorityGrouping  stm32h7xx_hal_cortex.o
    0x08000778   0x08000778   0x00000048   Code   RO          775    .text.HAL_PWREx_ConfigSupply  stm32h7xx_hal_pwr_ex.o
    0x080007c0   0x080007c0   0x00000012   Code   RO          829    .text.HAL_PWREx_EnableUSBVoltageDetector  stm32h7xx_hal_pwr_ex.o
    0x080007d2   0x080007d2   0x00000006   PAD
    0x080007d8   0x080007d8   0x00000026   Code   RO          416    .text.HAL_RCCEx_GetD3PCLK1Freq  stm32h7xx_hal_rcc_ex.o
    0x080007fe   0x080007fe   0x00000002   PAD
    0x08000800   0x08000800   0x00000128   Code   RO          412    .text.HAL_RCCEx_GetPLL2ClockFreq  stm32h7xx_hal_rcc_ex.o
    0x08000928   0x08000928   0x00000128   Code   RO          414    .text.HAL_RCCEx_GetPLL3ClockFreq  stm32h7xx_hal_rcc_ex.o
    0x08000a50   0x08000a50   0x00000946   Code   RO          400    .text.HAL_RCCEx_PeriphCLKConfig  stm32h7xx_hal_rcc_ex.o
    0x08001396   0x08001396   0x00000002   PAD
    0x08001398   0x08001398   0x00000250   Code   RO          368    .text.HAL_RCC_ClockConfig  stm32h7xx_hal_rcc.o
    0x080015e8   0x080015e8   0x0000004c   Code   RO          378    .text.HAL_RCC_GetHCLKFreq  stm32h7xx_hal_rcc.o
    0x08001634   0x08001634   0x00000004   PAD
    0x08001638   0x08001638   0x00000026   Code   RO          380    .text.HAL_RCC_GetPCLK1Freq  stm32h7xx_hal_rcc.o
    0x0800165e   0x0800165e   0x00000002   PAD
    0x08001660   0x08001660   0x00000026   Code   RO          382    .text.HAL_RCC_GetPCLK2Freq  stm32h7xx_hal_rcc.o
    0x08001686   0x08001686   0x00000002   PAD
    0x08001688   0x08001688   0x00000108   Code   RO          370    .text.HAL_RCC_GetSysClockFreq  stm32h7xx_hal_rcc.o
    0x08001790   0x08001790   0x000004c8   Code   RO          366    .text.HAL_RCC_OscConfig  stm32h7xx_hal_rcc.o
    0x08001c58   0x08001c58   0x00000008   Code   RO          132    .text.HAL_SYSTICK_Config  stm32h7xx_hal_cortex.o
    0x08001c60   0x08001c60   0x00000036   Code   RO          349    .text.HAL_UARTEx_DisableFifoMode  stm32h7xx_hal_uart_ex.o
    0x08001c96   0x08001c96   0x00000002   PAD
    0x08001c98   0x08001c98   0x0000004a   Code   RO          353    .text.HAL_UARTEx_SetRxFifoThreshold  stm32h7xx_hal_uart_ex.o
    0x08001ce2   0x08001ce2   0x00000006   PAD
    0x08001ce8   0x08001ce8   0x0000004a   Code   RO          351    .text.HAL_UARTEx_SetTxFifoThreshold  stm32h7xx_hal_uart_ex.o
    0x08001d32   0x08001d32   0x00000006   PAD
    0x08001d38   0x08001d38   0x00000062   Code   RO          184    .text.HAL_UART_Init  stm32h7xx_hal_uart.o
    0x08001d9a   0x08001d9a   0x00000006   PAD
    0x08001da0   0x08001da0   0x0000008e   Code   RO           92    .text.HAL_UART_MspInit  stm32h7xx_hal_msp.o
    0x08001e2e   0x08001e2e   0x00000002   PAD
    0x08001e30   0x08001e30   0x000000da   Code   RO          204    .text.HAL_UART_Transmit  stm32h7xx_hal_uart.o
    0x08001f0a   0x08001f0a   0x00000006   PAD
    0x08001f10   0x08001f10   0x00000002   Code   RO           67    .text.HardFault_Handler  stm32h7xx_it.o
    0x08001f12   0x08001f12   0x00000006   PAD
    0x08001f18   0x08001f18   0x00000032   Code   RO           50    .text.MX_GPIO_Init  main.o
    0x08001f4a   0x08001f4a   0x00000006   PAD
    0x08001f50   0x08001f50   0x0000006c   Code   RO           52    .text.MX_USART1_UART_Init  main.o
    0x08001fbc   0x08001fbc   0x00000004   PAD
    0x08001fc0   0x08001fc0   0x00000002   Code   RO           69    .text.MemManage_Handler  stm32h7xx_it.o
    0x08001fc2   0x08001fc2   0x00000006   PAD
    0x08001fc8   0x08001fc8   0x00000002   Code   RO           65    .text.NMI_Handler   stm32h7xx_it.o
    0x08001fca   0x08001fca   0x00000006   PAD
    0x08001fd0   0x08001fd0   0x0000002e   Code   RO          118    .text.NVIC_EncodePriority  stm32h7xx_hal_cortex.o
    0x08001ffe   0x08001ffe   0x00000002   PAD
    0x08002000   0x08002000   0x0000031e   Code   RO         1567    .text.OTG_FS_IRQHandler  usb_dc_dwc2.o
    0x0800231e   0x0800231e   0x00000002   PAD
    0x08002320   0x08002320   0x00000002   Code   RO           79    .text.PendSV_Handler  stm32h7xx_it.o
    0x08002322   0x08002322   0x00000006   PAD
    0x08002328   0x08002328   0x0000011e   Code   RO          402    .text.RCCEx_PLL2_Config  stm32h7xx_hal_rcc_ex.o
    0x08002446   0x08002446   0x00000002   PAD
    0x08002448   0x08002448   0x0000011e   Code   RO          404    .text.RCCEx_PLL3_Config  stm32h7xx_hal_rcc_ex.o
    0x08002566   0x08002566   0x00000002   PAD
    0x08002568   0x08002568   0x00000002   Code   RO           75    .text.SVC_Handler   stm32h7xx_it.o
    0x0800256a   0x0800256a   0x00000006   PAD
    0x08002570   0x08002570   0x0000002e   Code   RO          134    .text.SysTick_Config  stm32h7xx_hal_cortex.o
    0x0800259e   0x0800259e   0x00000002   PAD
    0x080025a0   0x080025a0   0x00000008   Code   RO           81    .text.SysTick_Handler  stm32h7xx_it.o
    0x080025a8   0x080025a8   0x000000c0   Code   RO           48    .text.SystemClock_Config  main.o
    0x08002668   0x08002668   0x000000da   Code   RO         1399    .text.SystemInit    system_stm32h7xx.o
    0x08002742   0x08002742   0x00000006   PAD
    0x08002748   0x08002748   0x00000054   Code   RO          347    .text.UARTEx_SetNbDataToProcess  stm32h7xx_hal_uart_ex.o
    0x0800279c   0x0800279c   0x00000004   PAD
    0x080027a0   0x080027a0   0x000000e0   Code   RO          190    .text.UART_AdvFeatureConfig  stm32h7xx_hal_uart.o
    0x08002880   0x08002880   0x00000068   Code   RO          192    .text.UART_CheckIdleState  stm32h7xx_hal_uart.o
    0x080028e8   0x080028e8   0x00000574   Code   RO          188    .text.UART_SetConfig  stm32h7xx_hal_uart.o
    0x08002e5c   0x08002e5c   0x00000004   PAD
    0x08002e60   0x08002e60   0x000000b8   Code   RO          206    .text.UART_WaitOnFlagUntilTimeout  stm32h7xx_hal_uart.o
    0x08002f18   0x08002f18   0x00000002   Code   RO           73    .text.UsageFault_Handler  stm32h7xx_it.o
    0x08002f1a   0x08002f1a   0x00000006   PAD
    0x08002f20   0x08002f20   0x00000020   Code   RO          122    .text.__NVIC_EnableIRQ  stm32h7xx_hal_cortex.o
    0x08002f40   0x08002f40   0x00000010   Code   RO          114    .text.__NVIC_GetPriorityGrouping  stm32h7xx_hal_cortex.o
    0x08002f50   0x08002f50   0x00000022   Code   RO          116    .text.__NVIC_SetPriority  stm32h7xx_hal_cortex.o
    0x08002f72   0x08002f72   0x00000006   PAD
    0x08002f78   0x08002f78   0x00000020   Code   RO          110    .text.__NVIC_SetPriorityGrouping  stm32h7xx_hal_cortex.o
    0x08002f98   0x08002f98   0x000000e0   Code   RO         1506    .text.cdc_acm_class_interface_request_handler  usbd_cdc.o
    0x08003078   0x08003078   0x00000038   Code   RO           21    .text.cdc_acm_data_send_with_dtr_test  cdc_acm_template.o
    0x080030b0   0x080030b0   0x0000007a   Code   RO           17    .text.cdc_acm_init  cdc_acm_template.o
    0x0800312a   0x0800312a   0x00000006   PAD
    0x08003130   0x08003130   0x0000001e   Code   RO         1537    .text.dwc2_core_init  usb_dc_dwc2.o
    0x0800314e   0x0800314e   0x00000002   PAD
    0x08003150   0x08003150   0x00000026   Code   RO         1575    .text.dwc2_ep0_start_read_setup  usb_dc_dwc2.o
    0x08003176   0x08003176   0x00000002   PAD
    0x08003178   0x08003178   0x00000024   Code   RO         1529    .text.dwc2_ep_read  usb_dc_dwc2.o
    0x0800319c   0x0800319c   0x00000004   PAD
    0x080031a0   0x080031a0   0x0000002a   Code   RO         1527    .text.dwc2_ep_write  usb_dc_dwc2.o
    0x080031ca   0x080031ca   0x00000006   PAD
    0x080031d0   0x080031d0   0x00000036   Code   RO         1543    .text.dwc2_flush_rxfifo  usb_dc_dwc2.o
    0x08003206   0x08003206   0x00000002   PAD
    0x08003208   0x08003208   0x00000030   Code   RO         1541    .text.dwc2_flush_txfifo  usb_dc_dwc2.o
    0x08003238   0x08003238   0x00000022   Code   RO         1585    .text.dwc2_get_devspeed  usb_dc_dwc2.o
    0x0800325a   0x0800325a   0x00000006   PAD
    0x08003260   0x08003260   0x0000000e   Code   RO         1569    .text.dwc2_get_glb_intstatus  usb_dc_dwc2.o
    0x0800326e   0x0800326e   0x00000002   PAD
    0x08003270   0x08003270   0x0000002a   Code   RO         1579    .text.dwc2_get_inep_intstatus  usb_dc_dwc2.o
    0x0800329a   0x0800329a   0x00000006   PAD
    0x080032a0   0x080032a0   0x00000012   Code   RO         1577    .text.dwc2_get_ineps_intstatus  usb_dc_dwc2.o
    0x080032b2   0x080032b2   0x00000006   PAD
    0x080032b8   0x080032b8   0x00000016   Code   RO         1573    .text.dwc2_get_outep_intstatus  usb_dc_dwc2.o
    0x080032ce   0x080032ce   0x00000002   PAD
    0x080032d0   0x080032d0   0x00000012   Code   RO         1571    .text.dwc2_get_outeps_intstatus  usb_dc_dwc2.o
    0x080032e2   0x080032e2   0x00000006   PAD
    0x080032e8   0x080032e8   0x00000048   Code   RO         1587    .text.dwc2_reset    usb_dc_dwc2.o
    0x08003330   0x08003330   0x00000018   Code   RO         1539    .text.dwc2_set_mode  usb_dc_dwc2.o
    0x08003348   0x08003348   0x00000118   Code   RO         1583    .text.dwc2_set_turnaroundtime  usb_dc_dwc2.o
    0x08003460   0x08003460   0x00000050   Code   RO         1545    .text.dwc2_set_txfifo  usb_dc_dwc2.o
    0x080034b0   0x080034b0   0x000000ba   Code   RO         1581    .text.dwc2_tx_fifo_empty_procecss  usb_dc_dwc2.o
    0x0800356a   0x0800356a   0x00000006   PAD
    0x08003570   0x08003570   0x00000020   Code   RO           40    .text.fputc         main.o
    0x08003590   0x08003590   0x00000014   Code   RO         1482    .text.is_device_configured  usbd_core.o
    0x080035a4   0x080035a4   0x00000004   PAD
    0x080035a8   0x080035a8   0x0000002a   Code   RO           46    .text.main          main.o
    0x080035d2   0x080035d2   0x00000006   PAD
    0x080035d8   0x080035d8   0x000000e2   Code   RO         1535    .text.usb_dc_init   usb_dc_dwc2.o
    0x080036ba   0x080036ba   0x00000006   PAD
    0x080036c0   0x080036c0   0x00000096   Code   RO           42    .text.usb_dc_low_level_init  main.o
    0x08003756   0x08003756   0x00000002   PAD
    0x08003758   0x08003758   0x0000000e   Code   RO         1454    .text.usb_device_is_configured  usbd_core.o
    0x08003766   0x08003766   0x00000002   PAD
    0x08003768   0x08003768   0x00000018   Code   RO         1450    .text.usb_slist_add_tail  usbd_core.o
    0x08003780   0x08003780   0x00000030   Code   RO         1452    .text.usbd_add_endpoint  usbd_core.o
    0x080037b0   0x080037b0   0x00000020   Code   RO         1448    .text.usbd_add_interface  usbd_core.o
    0x080037d0   0x080037d0   0x00000040   Code   RO           15    .text.usbd_cdc_acm_bulk_in  cdc_acm_template.o
    0x08003810   0x08003810   0x00000030   Code   RO           13    .text.usbd_cdc_acm_bulk_out  cdc_acm_template.o
    0x08003840   0x08003840   0x00000014   Code   RO         1510    .text.usbd_cdc_acm_get_line_coding  usbd_cdc.o
    0x08003854   0x08003854   0x00000004   PAD
    0x08003858   0x08003858   0x00000014   Code   RO         1504    .text.usbd_cdc_acm_init_intf  usbd_cdc.o
    0x0800386c   0x0800386c   0x00000004   PAD
    0x08003870   0x08003870   0x0000000c   Code   RO           19    .text.usbd_cdc_acm_set_dtr  cdc_acm_template.o
    0x0800387c   0x0800387c   0x00000004   PAD
    0x08003880   0x08003880   0x00000002   Code   RO         1508    .text.usbd_cdc_acm_set_line_coding  usbd_cdc.o
    0x08003882   0x08003882   0x00000006   PAD
    0x08003888   0x08003888   0x00000002   Code   RO         1514    .text.usbd_cdc_acm_set_rts  usbd_cdc.o
    0x0800388a   0x0800388a   0x00000006   PAD
    0x08003890   0x08003890   0x0000002c   Code   RO         1426    .text.usbd_class_event_notify_handler  usbd_core.o
    0x080038bc   0x080038bc   0x00000004   PAD
    0x080038c0   0x080038c0   0x00000090   Code   RO         1466    .text.usbd_class_request_handler  usbd_core.o
    0x08003950   0x08003950   0x00000016   Code   RO           11    .text.usbd_configure_done_callback  cdc_acm_template.o
    0x08003966   0x08003966   0x00000002   PAD
    0x08003968   0x08003968   0x0000004a   Code   RO         1440    .text.usbd_desc_register  usbd_core.o
    0x080039b2   0x080039b2   0x00000006   PAD
    0x080039b8   0x080039b8   0x00000078   Code   RO         1559    .text.usbd_ep_clear_stall  usb_dc_dwc2.o
    0x08003a30   0x08003a30   0x0000007e   Code   RO         1555    .text.usbd_ep_close  usb_dc_dwc2.o
    0x08003aae   0x08003aae   0x00000002   PAD
    0x08003ab0   0x08003ab0   0x0000012c   Code   RO         1553    .text.usbd_ep_open  usb_dc_dwc2.o
    0x08003bdc   0x08003bdc   0x00000004   PAD
    0x08003be0   0x08003be0   0x00000054   Code   RO         1557    .text.usbd_ep_set_stall  usb_dc_dwc2.o
    0x08003c34   0x08003c34   0x00000004   PAD
    0x08003c38   0x08003c38   0x000000dc   Code   RO         1565    .text.usbd_ep_start_read  usb_dc_dwc2.o
    0x08003d14   0x08003d14   0x00000004   PAD
    0x08003d18   0x08003d18   0x00000108   Code   RO         1563    .text.usbd_ep_start_write  usb_dc_dwc2.o
    0x08003e20   0x08003e20   0x00000052   Code   RO         1432    .text.usbd_event_ep0_in_complete_handler  usbd_core.o
    0x08003e72   0x08003e72   0x00000006   PAD
    0x08003e78   0x08003e78   0x00000048   Code   RO         1434    .text.usbd_event_ep0_out_complete_handler  usbd_core.o
    0x08003ec0   0x08003ec0   0x000000d8   Code   RO         1428    .text.usbd_event_ep0_setup_complete_handler  usbd_core.o
    0x08003f98   0x08003f98   0x00000022   Code   RO         1436    .text.usbd_event_ep_in_complete_handler  usbd_core.o
    0x08003fba   0x08003fba   0x00000006   PAD
    0x08003fc0   0x08003fc0   0x00000022   Code   RO         1438    .text.usbd_event_ep_out_complete_handler  usbd_core.o
    0x08003fe2   0x08003fe2   0x00000006   PAD
    0x08003fe8   0x08003fe8   0x00000012   Code   RO         1416    .text.usbd_event_handler  usbd_core.o
    0x08003ffa   0x08003ffa   0x00000006   PAD
    0x08004000   0x08004000   0x00000044   Code   RO         1424    .text.usbd_event_reset_handler  usbd_core.o
    0x08004044   0x08004044   0x00000004   PAD
    0x08004048   0x08004048   0x00000194   Code   RO         1476    .text.usbd_get_descriptor  usbd_core.o
    0x080041dc   0x080041dc   0x00000004   PAD
    0x080041e0   0x080041e0   0x00000008   Code   RO         1456    .text.usbd_initialize  usbd_core.o
    0x080041e8   0x080041e8   0x0000004a   Code   RO         1464    .text.usbd_print_setup  usbd_core.o
    0x08004232   0x08004232   0x00000006   PAD
    0x08004238   0x08004238   0x00000054   Code   RO         1486    .text.usbd_reset_endpoint  usbd_core.o
    0x0800428c   0x0800428c   0x00000004   PAD
    0x08004290   0x08004290   0x00000020   Code   RO         1549    .text.usbd_set_address  usb_dc_dwc2.o
    0x080042b0   0x080042b0   0x0000005e   Code   RO         1478    .text.usbd_set_configuration  usbd_core.o
    0x0800430e   0x0800430e   0x00000002   PAD
    0x08004310   0x08004310   0x00000078   Code   RO         1480    .text.usbd_set_endpoint  usbd_core.o
    0x08004388   0x08004388   0x0000006c   Code   RO         1484    .text.usbd_set_interface  usbd_core.o
    0x080043f4   0x080043f4   0x00000004   PAD
    0x080043f8   0x080043f8   0x00000120   Code   RO         1430    .text.usbd_setup_request_handler  usbd_core.o
    0x08004518   0x08004518   0x00000038   Code   RO         1462    .text.usbd_standard_request_handler  usbd_core.o
    0x08004550   0x08004550   0x000000a2   Code   RO         1470    .text.usbd_std_device_req_handler  usbd_core.o
    0x080045f2   0x080045f2   0x00000006   PAD
    0x080045f8   0x080045f8   0x000000d0   Code   RO         1474    .text.usbd_std_endpoint_req_handler  usbd_core.o
    0x080046c8   0x080046c8   0x000000e4   Code   RO         1472    .text.usbd_std_interface_req_handler  usbd_core.o
    0x080047ac   0x080047ac   0x00000004   PAD
    0x080047b0   0x080047b0   0x0000019c   Code   RO         1468    .text.usbd_vendor_request_handler  usbd_core.o
    0x0800494c   0x0800494c   0x00000020   Code   RO         1821    i.__0printf$8       mc_w.l(printf8.o)
    0x0800496c   0x0800496c   0x0000000e   Code   RO         1915    i.__scatterload_copy  mc_w.l(handlers.o)
    0x0800497a   0x0800497a   0x00000002   Code   RO         1916    i.__scatterload_null  mc_w.l(handlers.o)
    0x0800497c   0x0800497c   0x0000000e   Code   RO         1917    i.__scatterload_zeroinit  mc_w.l(handlers.o)
    0x0800498a   0x0800498a   0x00000002   PAD
    0x0800498c   0x0800498c   0x00000410   Code   RO         1828    i._printf_core      mc_w.l(printf8.o)
    0x08004d9c   0x08004d9c   0x00000024   Code   RO         1829    i._printf_post_padding  mc_w.l(printf8.o)
    0x08004dc0   0x08004dc0   0x0000002e   Code   RO         1830    i._printf_pre_padding  mc_w.l(printf8.o)
    0x08004dee   0x08004dee   0x00000002   PAD
    0x08004df0   0x08004df0   0x00000024   Code   RO         1600    i.puts              mc_w.l(puts.o)
    0x08004e14   0x08004e14   0x00000010   Data   RO         1405    .rodata.D1CorePrescTable  system_stm32h7xx.o
    0x08004e24   0x08004e24   0x00000018   Data   RO          318    .rodata.UARTPrescTable  stm32h7xx_hal_uart.o
    0x08004e3c   0x08004e3c   0x000000b2   Data   RO           28    .rodata.cdc_descriptor  cdc_acm_template.o
    0x08004eee   0x08004eee   0x00000010   Data   RO          355    .rodata.cst8        stm32h7xx_hal_uart_ex.o
    0x08004efe   0x08004efe   0x0000007e   Data   RO         1490    .rodata.str1.1      usbd_core.o
    0x08004f7c   0x08004f7c   0x00000020   Data   RO         1914    Region$$Table       anon$$obj.o


    Execution Region RW_IRAM1 (Exec base: 0x20000000, Load base: 0x08004f9c, Size: 0x00000000, Max: 0x00020000, ABSOLUTE)

    **** No section assigned to this execution region ****


    Execution Region RW_IRAM2 (Exec base: 0x24000000, Load base: 0x08004fa0, Size: 0x000017c8, Max: 0x00080000, ABSOLUTE, COMPRESSED[0x00000040])

    Exec Addr    Load Addr    Size         Type   Attr      Idx    E Section Name        Object

    0x24000000   COMPRESSED   0x00000004   Data   RW         1889    .data               mc_w.l(stdout.o)
    0x24000004   COMPRESSED   0x00000004   Data   RW         1403    .data.SystemCoreClock  system_stm32h7xx.o
    0x24000008   COMPRESSED   0x00000004   Data   RW         1404    .data.SystemD2Clock  system_stm32h7xx.o
    0x2400000c   COMPRESSED   0x00000008   Data   RW           26    .data.cdc_in_ep     cdc_acm_template.o
    0x24000014   COMPRESSED   0x00000008   Data   RW           25    .data.cdc_out_ep    cdc_acm_template.o
    0x2400001c   COMPRESSED   0x00000001   Data   RW          968    .data.uwTickFreq    stm32h7xx_hal.o
    0x2400001d   COMPRESSED   0x00000003   PAD
    0x24000020   COMPRESSED   0x00000004   Data   RW          967    .data.uwTickPrio    stm32h7xx_hal.o
    0x24000024   COMPRESSED   0x00001000   Data   RW           24    .noncacheable       cdc_acm_template.o
    0x24001024   COMPRESSED   0x00000120   Data   RW         1489    .noncacheable       usbd_core.o
    0x24001144   COMPRESSED   0x0000001c   PAD
    0x24001160   COMPRESSED   0x000000c0   Data   RW         1589    .noncacheable       usb_dc_dwc2.o
    0x24001220        -       0x00000004   Zero   RW         1495    .bss.bos_desc       usbd_core.o
    0x24001224        -       0x00000001   Zero   RW           31    .bss.dtr_enable     cdc_acm_template.o
    0x24001225        -       0x00000001   Zero   RW           23    .bss.ep_tx_busy_flag  cdc_acm_template.o
    0x24001226   COMPRESSED   0x00000002   PAD
    0x24001228        -       0x0000008c   Zero   RW           54    .bss.huart1         main.o
    0x240012b4        -       0x00000020   Zero   RW           29    .bss.intf0          cdc_acm_template.o
    0x240012d4        -       0x00000020   Zero   RW           30    .bss.intf1          cdc_acm_template.o
    0x240012f4        -       0x00000004   Zero   RW         1493    .bss.msosv1_desc    usbd_core.o
    0x240012f8        -       0x00000004   Zero   RW         1494    .bss.msosv2_desc    usbd_core.o
    0x240012fc        -       0x00000060   Zero   RW         1492    .bss.rx_msg         usbd_core.o
    0x2400135c        -       0x00000060   Zero   RW         1491    .bss.tx_msg         usbd_core.o
    0x240013bc        -       0x00000004   Zero   RW         1488    .bss.usbd_intf_head  usbd_core.o
    0x240013c0        -       0x00000004   Zero   RW          969    .bss.uwTick         stm32h7xx_hal.o
    0x240013c4   COMPRESSED   0x00000004   PAD
    0x240013c8        -       0x00000400   Zero   RW            1    STACK               startup_stm32h750xx.o


==============================================================================

Image component sizes


      Code (inc. data)   RO Data    RW Data    ZI Data      Debug   Object Name

       324         40        178       4112         66       2890   cdc_acm_template.o
       584          0          0          0        140      15555   main.o
        36          8        664          0       1024        848   startup_stm32h750xx.o
       276          0          0          5          4      15099   stm32h7xx_hal.o
       260          0          0          0          0      12298   stm32h7xx_hal_cortex.o
       422          0          0          0          0       6827   stm32h7xx_hal_gpio.o
       174          0          0          0          0      13483   stm32h7xx_hal_msp.o
        90          0          0          0          0      10272   stm32h7xx_hal_pwr_ex.o
      2232         16          0          0          0      11207   stm32h7xx_hal_rcc.o
      3576        122          0          0          0      16740   stm32h7xx_hal_rcc_ex.o
      2224        382         24          0          0      26320   stm32h7xx_hal_uart.o
       286          0         16          0          0       7872   stm32h7xx_hal_uart_ex.o
        24          0          0          0          0       1044   stm32h7xx_it.o
       218          0         16          8          0       5873   system_stm32h7xx.o
      3208         56          0        192          0      12210   usb_dc_dwc2.o
       268         64          0          0          0       3061   usbd_cdc.o
      3170        494        126        288        208      12953   usbd_core.o

    ----------------------------------------------------------------------
     17720       1198       1056       4636       1448     174552   Object Totals
         0          0         32          0          0          0   (incl. Generated)
       348         16          0         31          6          0   (incl. Padding)

    ----------------------------------------------------------------------

      Code (inc. data)   RO Data    RW Data    ZI Data      Debug   Library Member Name

        58          0          0          0          0          0   __dczerorl.o
         0          0          0          0          0          0   entry.o
         0          0          0          0          0          0   entry10a.o
         0          0          0          0          0          0   entry11a.o
         8          4          0          0          0          0   entry2.o
         4          0          0          0          0          0   entry5.o
         0          0          0          0          0          0   entry7b.o
         0          0          0          0          0          0   entry8b.o
         8          4          0          0          0          0   entry9a.o
        30          0          0          0          0          0   handlers.o
        36          8          0          0          0         68   init.o
        30          0          0          0          0         68   llshl.o
        32          0          0          0          0         68   llushr.o
        26          0          0          0          0         80   memcmp.o
        36          0          0          0          0         68   memcpya.o
        36          0          0          0          0        108   memseta.o
      1154         54          0          0          0        352   printf8.o
        36          6          0          0          0         80   puts.o
         0          0          0          4          0          0   stdout.o
        98          0          0          0          0         92   uldiv.o

    ----------------------------------------------------------------------
      1604         76          0          4          0        984   Library Totals
        12          0          0          0          0          0   (incl. Padding)

    ----------------------------------------------------------------------

      Code (inc. data)   RO Data    RW Data    ZI Data      Debug   Library Name

      1592         76          0          4          0        984   mc_w.l

    ----------------------------------------------------------------------
      1604         76          0          4          0        984   Library Totals

    ----------------------------------------------------------------------

==============================================================================


      Code (inc. data)   RO Data    RW Data    ZI Data      Debug   

     19324       1274       1056       4640       1448     175112   Grand Totals
     19324       1274       1056         64       1448     175112   ELF Image Totals (compressed)
     19324       1274       1056         64          0          0   ROM Totals

==============================================================================

    Total RO  Size (Code + RO Data)                20380 (  19.90kB)
    Total RW  Size (RW Data + ZI Data)              6088 (   5.95kB)
    Total ROM Size (Code + RO Data + RW Data)      20444 (  19.96kB)

==============================================================================

