Component: ARM Compiler 6.14.1 Tool: armlink [5db06d00]

==============================================================================

Section Cross References

    startup_stm32h743xx.o(RESET) refers to startup_stm32h743xx.o(STACK) for __initial_sp
    startup_stm32h743xx.o(RESET) refers to startup_stm32h743xx.o(.text) for Reset_Handler
    startup_stm32h743xx.o(RESET) refers to stm32h7xx_it.o(.text.NMI_Handler) for NMI_Handler
    startup_stm32h743xx.o(RESET) refers to stm32h7xx_it.o(.text.HardFault_Handler) for HardFault_Handler
    startup_stm32h743xx.o(RESET) refers to stm32h7xx_it.o(.text.MemManage_Handler) for MemManage_Handler
    startup_stm32h743xx.o(RESET) refers to stm32h7xx_it.o(.text.BusFault_Handler) for BusFault_Handler
    startup_stm32h743xx.o(RESET) refers to stm32h7xx_it.o(.text.UsageFault_Handler) for UsageFault_Handler
    startup_stm32h743xx.o(RESET) refers to port.o(.text.SVC_Handler) for SVC_Handler
    startup_stm32h743xx.o(RESET) refers to stm32h7xx_it.o(.text.DebugMon_Handler) for DebugMon_Handler
    startup_stm32h743xx.o(RESET) refers to port.o(.text.PendSV_Handler) for PendSV_Handler
    startup_stm32h743xx.o(RESET) refers to stm32h7xx_it.o(.text.SysTick_Handler) for SysTick_Handler
    startup_stm32h743xx.o(RESET) refers to usb_hc_dwc2.o(.text.OTG_HS_IRQHandler) for OTG_HS_IRQHandler
    startup_stm32h743xx.o(.text) refers to system_stm32h7xx.o(.text.SystemInit) for SystemInit
    startup_stm32h743xx.o(.text) refers to entry.o(.ARM.Collect$$$$00000000) for __main
    main.o(.text.fputc) refers to main.o(.bss.huart1) for huart1
    main.o(.text.fputc) refers to stm32h7xx_hal_uart.o(.text.HAL_UART_Transmit) for HAL_UART_Transmit
    main.o(.ARM.exidx.text.fputc) refers to main.o(.text.fputc) for [Anonymous Symbol]
    main.o(.text.usb_hc_low_level_init) refers to memseta.o(.text) for __aeabi_memclr4
    main.o(.text.usb_hc_low_level_init) refers to stm32h7xx_hal_rcc_ex.o(.text.HAL_RCCEx_PeriphCLKConfig) for HAL_RCCEx_PeriphCLKConfig
    main.o(.text.usb_hc_low_level_init) refers to stm32h7xx_hal_pwr_ex.o(.text.HAL_PWREx_EnableUSBVoltageDetector) for HAL_PWREx_EnableUSBVoltageDetector
    main.o(.text.usb_hc_low_level_init) refers to stm32h7xx_hal_gpio.o(.text.HAL_GPIO_Init) for HAL_GPIO_Init
    main.o(.text.usb_hc_low_level_init) refers to stm32h7xx_hal_cortex.o(.text.HAL_NVIC_SetPriority) for HAL_NVIC_SetPriority
    main.o(.text.usb_hc_low_level_init) refers to stm32h7xx_hal_cortex.o(.text.HAL_NVIC_EnableIRQ) for HAL_NVIC_EnableIRQ
    main.o(.text.usb_hc_low_level_init) refers to main.o(.text.Error_Handler) for Error_Handler
    main.o(.ARM.exidx.text.usb_hc_low_level_init) refers to main.o(.text.usb_hc_low_level_init) for [Anonymous Symbol]
    main.o(.ARM.exidx.text.Error_Handler) refers to main.o(.text.Error_Handler) for [Anonymous Symbol]
    main.o(.text.cpu_mpu_config) refers to main.o(.text.BSP_MPU_ConfigRegion) for BSP_MPU_ConfigRegion
    main.o(.ARM.exidx.text.cpu_mpu_config) refers to main.o(.text.cpu_mpu_config) for [Anonymous Symbol]
    main.o(.text.BSP_MPU_ConfigRegion) refers to stm32h7xx_hal_cortex.o(.text.HAL_MPU_Disable) for HAL_MPU_Disable
    main.o(.text.BSP_MPU_ConfigRegion) refers to stm32h7xx_hal_cortex.o(.text.HAL_MPU_ConfigRegion) for HAL_MPU_ConfigRegion
    main.o(.text.BSP_MPU_ConfigRegion) refers to stm32h7xx_hal_cortex.o(.text.HAL_MPU_Enable) for HAL_MPU_Enable
    main.o(.ARM.exidx.text.BSP_MPU_ConfigRegion) refers to main.o(.text.BSP_MPU_ConfigRegion) for [Anonymous Symbol]
    main.o(.text.main) refers to main.o(.text.SCB_EnableICache) for SCB_EnableICache
    main.o(.text.main) refers to main.o(.text.SCB_EnableDCache) for SCB_EnableDCache
    main.o(.text.main) refers to stm32h7xx_hal.o(.text.HAL_Init) for HAL_Init
    main.o(.text.main) refers to main.o(.text.SystemClock_Config) for SystemClock_Config
    main.o(.text.main) refers to main.o(.text.MX_GPIO_Init) for MX_GPIO_Init
    main.o(.text.main) refers to main.o(.text.MX_USART1_UART_Init) for MX_USART1_UART_Init
    main.o(.text.main) refers to main.o(.text.cpu_mpu_config) for cpu_mpu_config
    main.o(.text.main) refers to puts.o(i.puts) for puts
    main.o(.text.main) refers to usbh_core.o(.text.usbh_initialize) for usbh_initialize
    main.o(.text.main) refers to usb_host.o(.text.usbh_class_test) for usbh_class_test
    main.o(.text.main) refers to tasks.o(.text.vTaskStartScheduler) for vTaskStartScheduler
    main.o(.ARM.exidx.text.main) refers to main.o(.text.main) for [Anonymous Symbol]
    main.o(.ARM.exidx.text.SCB_EnableICache) refers to main.o(.text.SCB_EnableICache) for [Anonymous Symbol]
    main.o(.ARM.exidx.text.SCB_EnableDCache) refers to main.o(.text.SCB_EnableDCache) for [Anonymous Symbol]
    main.o(.text.SystemClock_Config) refers to memseta.o(.text) for __aeabi_memclr4
    main.o(.text.SystemClock_Config) refers to stm32h7xx_hal_pwr_ex.o(.text.HAL_PWREx_ConfigSupply) for HAL_PWREx_ConfigSupply
[...]
    RTC_Alarm_IRQHandler                     0x080002c7   Thumb Code     0  startup_stm32h743xx.o(.text)
    RTC_WKUP_IRQHandler                      0x080002c7   Thumb Code     0  startup_stm32h743xx.o(.text)
    SAI1_IRQHandler                          0x080002c7   Thumb Code     0  startup_stm32h743xx.o(.text)
    SAI2_IRQHandler                          0x080002c7   Thumb Code     0  startup_stm32h743xx.o(.text)
    SAI3_IRQHandler                          0x080002c7   Thumb Code     0  startup_stm32h743xx.o(.text)
    SAI4_IRQHandler                          0x080002c7   Thumb Code     0  startup_stm32h743xx.o(.text)
    SDMMC1_IRQHandler                        0x080002c7   Thumb Code     0  startup_stm32h743xx.o(.text)
    SDMMC2_IRQHandler                        0x080002c7   Thumb Code     0  startup_stm32h743xx.o(.text)
    SPDIF_RX_IRQHandler                      0x080002c7   Thumb Code     0  startup_stm32h743xx.o(.text)
    SPI1_IRQHandler                          0x080002c7   Thumb Code     0  startup_stm32h743xx.o(.text)
    SPI2_IRQHandler                          0x080002c7   Thumb Code     0  startup_stm32h743xx.o(.text)
    SPI3_IRQHandler                          0x080002c7   Thumb Code     0  startup_stm32h743xx.o(.text)
    SPI4_IRQHandler                          0x080002c7   Thumb Code     0  startup_stm32h743xx.o(.text)
    SPI5_IRQHandler                          0x080002c7   Thumb Code     0  startup_stm32h743xx.o(.text)
    SPI6_IRQHandler                          0x080002c7   Thumb Code     0  startup_stm32h743xx.o(.text)
    SWPMI1_IRQHandler                        0x080002c7   Thumb Code     0  startup_stm32h743xx.o(.text)
    TAMP_STAMP_IRQHandler                    0x080002c7   Thumb Code     0  startup_stm32h743xx.o(.text)
    TIM15_IRQHandler                         0x080002c7   Thumb Code     0  startup_stm32h743xx.o(.text)
    TIM16_IRQHandler                         0x080002c7   Thumb Code     0  startup_stm32h743xx.o(.text)
    TIM17_IRQHandler                         0x080002c7   Thumb Code     0  startup_stm32h743xx.o(.text)
    TIM1_BRK_IRQHandler                      0x080002c7   Thumb Code     0  startup_stm32h743xx.o(.text)
    TIM1_CC_IRQHandler                       0x080002c7   Thumb Code     0  startup_stm32h743xx.o(.text)
    TIM1_TRG_COM_IRQHandler                  0x080002c7   Thumb Code     0  startup_stm32h743xx.o(.text)
    TIM1_UP_IRQHandler                       0x080002c7   Thumb Code     0  startup_stm32h743xx.o(.text)
    TIM2_IRQHandler                          0x080002c7   Thumb Code     0  startup_stm32h743xx.o(.text)
    TIM3_IRQHandler                          0x080002c7   Thumb Code     0  startup_stm32h743xx.o(.text)
    TIM4_IRQHandler                          0x080002c7   Thumb Code     0  startup_stm32h743xx.o(.text)
    TIM5_IRQHandler                          0x080002c7   Thumb Code     0  startup_stm32h743xx.o(.text)
    TIM6_DAC_IRQHandler                      0x080002c7   Thumb Code     0  startup_stm32h743xx.o(.text)
    TIM7_IRQHandler                          0x080002c7   Thumb Code     0  startup_stm32h743xx.o(.text)
    TIM8_BRK_TIM12_IRQHandler                0x080002c7   Thumb Code     0  startup_stm32h743xx.o(.text)
    TIM8_CC_IRQHandler                       0x080002c7   Thumb Code     0  startup_stm32h743xx.o(.text)
    TIM8_TRG_COM_TIM14_IRQHandler            0x080002c7   Thumb Code     0  startup_stm32h743xx.o(.text)
    TIM8_UP_TIM13_IRQHandler                 0x080002c7   Thumb Code     0  startup_stm32h743xx.o(.text)
    UART4_IRQHandler                         0x080002c7   Thumb Code     0  startup_stm32h743xx.o(.text)
    UART5_IRQHandler                         0x080002c7   Thumb Code     0  startup_stm32h743xx.o(.text)
    UART7_IRQHandler                         0x080002c7   Thumb Code     0  startup_stm32h743xx.o(.text)
    UART8_IRQHandler                         0x080002c7   Thumb Code     0  startup_stm32h743xx.o(.text)
    USART1_IRQHandler                        0x080002c7   Thumb Code     0  startup_stm32h743xx.o(.text)
    USART2_IRQHandler                        0x080002c7   Thumb Code     0  startup_stm32h743xx.o(.text)
    USART3_IRQHandler                        0x080002c7   Thumb Code     0  startup_stm32h743xx.o(.text)
    USART6_IRQHandler                        0x080002c7   Thumb Code     0  startup_stm32h743xx.o(.text)
    WAKEUP_PIN_IRQHandler                    0x080002c7   Thumb Code     0  startup_stm32h743xx.o(.text)
    WWDG_IRQHandler                          0x080002c7   Thumb Code     0  startup_stm32h743xx.o(.text)
    __aeabi_uldivmod                         0x080002d1   Thumb Code    98  uldiv.o(.text)
    __aeabi_memcpy                           0x08000333   Thumb Code    36  memcpya.o(.text)
    __aeabi_memcpy4                          0x08000333   Thumb Code     0  memcpya.o(.text)
    __aeabi_memcpy8                          0x08000333   Thumb Code     0  memcpya.o(.text)
    __aeabi_memset                           0x08000357   Thumb Code    14  memseta.o(.text)
    __aeabi_memset4                          0x08000357   Thumb Code     0  memseta.o(.text)
    __aeabi_memset8                          0x08000357   Thumb Code     0  memseta.o(.text)
    __aeabi_memclr                           0x08000365   Thumb Code     4  memseta.o(.text)
    __aeabi_memclr4                          0x08000365   Thumb Code     0  memseta.o(.text)
    __aeabi_memclr8                          0x08000365   Thumb Code     0  memseta.o(.text)
    _memset$wrapper                          0x08000369   Thumb Code    18  memseta.o(.text)
    strncpy                                  0x0800037b   Thumb Code    24  strncpy.o(.text)
    strcmp                                   0x08000393   Thumb Code    28  strcmp.o(.text)
    strncmp                                  0x080003af   Thumb Code    30  strncmp.o(.text)
    __aeabi_llsl                             0x080003cd   Thumb Code    30  llshl.o(.text)
    _ll_shift_l                              0x080003cd   Thumb Code     0  llshl.o(.text)
    __aeabi_llsr                             0x080003eb   Thumb Code    32  llushr.o(.text)
    _ll_ushift_r                             0x080003eb   Thumb Code     0  llushr.o(.text)
    __scatterload                            0x0800040d   Thumb Code    28  init.o(.text)
    __scatterload_rt2                        0x0800040d   Thumb Code     0  init.o(.text)
    __decompress                             0x08000431   Thumb Code     0  __dczerorl.o(.text)
    __decompress0                            0x08000431   Thumb Code    58  __dczerorl.o(.text)
    BusFault_Handler                         0x080004c9   Thumb Code     2  stm32h7xx_it.o(.text.BusFault_Handler)
    DebugMon_Handler                         0x080004d1   Thumb Code     2  stm32h7xx_it.o(.text.DebugMon_Handler)
    Error_Handler                            0x080004d9   Thumb Code    10  main.o(.text.Error_Handler)
    HAL_GPIO_Init                            0x080004e9   Thumb Code   422  stm32h7xx_hal_gpio.o(.text.HAL_GPIO_Init)
    HAL_GetREVID                             0x08000691   Thumb Code    14  stm32h7xx_hal.o(.text.HAL_GetREVID)
    HAL_GetTick                              0x080006a1   Thumb Code    12  stm32h7xx_hal.o(.text.HAL_GetTick)
    HAL_IncTick                              0x080006b1   Thumb Code    26  stm32h7xx_hal.o(.text.HAL_IncTick)
    HAL_Init                                 0x080006d1   Thumb Code   100  stm32h7xx_hal.o(.text.HAL_Init)
    HAL_InitTick                             0x08000739   Thumb Code    84  stm32h7xx_hal.o(.text.HAL_InitTick)
    HAL_MPU_ConfigRegion                     0x08000791   Thumb Code    94  stm32h7xx_hal_cortex.o(.text.HAL_MPU_ConfigRegion)
    HAL_MPU_Disable                          0x080007f1   Thumb Code    26  stm32h7xx_hal_cortex.o(.text.HAL_MPU_Disable)
    HAL_MPU_Enable                           0x08000811   Thumb Code    32  stm32h7xx_hal_cortex.o(.text.HAL_MPU_Enable)
    HAL_MspInit                              0x08000831   Thumb Code    32  stm32h7xx_hal_msp.o(.text.HAL_MspInit)
    HAL_NVIC_EnableIRQ                       0x08000851   Thumb Code     8  stm32h7xx_hal_cortex.o(.text.HAL_NVIC_EnableIRQ)
    HAL_NVIC_SetPriority                     0x08000859   Thumb Code    30  stm32h7xx_hal_cortex.o(.text.HAL_NVIC_SetPriority)
    HAL_NVIC_SetPriorityGrouping             0x08000879   Thumb Code     8  stm32h7xx_hal_cortex.o(.text.HAL_NVIC_SetPriorityGrouping)
    HAL_PWREx_ConfigSupply                   0x08000881   Thumb Code    72  stm32h7xx_hal_pwr_ex.o(.text.HAL_PWREx_ConfigSupply)
    HAL_PWREx_EnableUSBVoltageDetector       0x080008c9   Thumb Code    18  stm32h7xx_hal_pwr_ex.o(.text.HAL_PWREx_EnableUSBVoltageDetector)
    HAL_RCCEx_GetD3PCLK1Freq                 0x080008e1   Thumb Code    38  stm32h7xx_hal_rcc_ex.o(.text.HAL_RCCEx_GetD3PCLK1Freq)
    HAL_RCCEx_GetPLL2ClockFreq               0x08000909   Thumb Code   296  stm32h7xx_hal_rcc_ex.o(.text.HAL_RCCEx_GetPLL2ClockFreq)
    HAL_RCCEx_GetPLL3ClockFreq               0x08000a31   Thumb Code   296  stm32h7xx_hal_rcc_ex.o(.text.HAL_RCCEx_GetPLL3ClockFreq)
    HAL_RCCEx_PeriphCLKConfig                0x08000b59   Thumb Code  2374  stm32h7xx_hal_rcc_ex.o(.text.HAL_RCCEx_PeriphCLKConfig)
    HAL_RCC_ClockConfig                      0x080014a1   Thumb Code   592  stm32h7xx_hal_rcc.o(.text.HAL_RCC_ClockConfig)
    HAL_RCC_GetHCLKFreq                      0x080016f1   Thumb Code    76  stm32h7xx_hal_rcc.o(.text.HAL_RCC_GetHCLKFreq)
    HAL_RCC_GetPCLK1Freq                     0x08001741   Thumb Code    38  stm32h7xx_hal_rcc.o(.text.HAL_RCC_GetPCLK1Freq)
    HAL_RCC_GetPCLK2Freq                     0x08001769   Thumb Code    38  stm32h7xx_hal_rcc.o(.text.HAL_RCC_GetPCLK2Freq)
    HAL_RCC_GetSysClockFreq                  0x08001791   Thumb Code   264  stm32h7xx_hal_rcc.o(.text.HAL_RCC_GetSysClockFreq)
    HAL_RCC_OscConfig                        0x08001899   Thumb Code  1224  stm32h7xx_hal_rcc.o(.text.HAL_RCC_OscConfig)
    HAL_SYSTICK_Config                       0x08001d61   Thumb Code     8  stm32h7xx_hal_cortex.o(.text.HAL_SYSTICK_Config)
    HAL_UARTEx_DisableFifoMode               0x08001d69   Thumb Code    54  stm32h7xx_hal_uart_ex.o(.text.HAL_UARTEx_DisableFifoMode)
    HAL_UARTEx_SetRxFifoThreshold            0x08001da1   Thumb Code    74  stm32h7xx_hal_uart_ex.o(.text.HAL_UARTEx_SetRxFifoThreshold)
    HAL_UARTEx_SetTxFifoThreshold            0x08001df1   Thumb Code    74  stm32h7xx_hal_uart_ex.o(.text.HAL_UARTEx_SetTxFifoThreshold)
    HAL_UART_Init                            0x08001e41   Thumb Code    98  stm32h7xx_hal_uart.o(.text.HAL_UART_Init)
    HAL_UART_MspInit                         0x08001ea9   Thumb Code   144  stm32h7xx_hal_msp.o(.text.HAL_UART_MspInit)
    HAL_UART_Transmit                        0x08001f39   Thumb Code   218  stm32h7xx_hal_uart.o(.text.HAL_UART_Transmit)
    HardFault_Handler                        0x08002019   Thumb Code     2  stm32h7xx_it.o(.text.HardFault_Handler)
    MemManage_Handler                        0x080020d9   Thumb Code     2  stm32h7xx_it.o(.text.MemManage_Handler)
    NMI_Handler                              0x080020e1   Thumb Code     2  stm32h7xx_it.o(.text.NMI_Handler)
    OTG_HS_IRQHandler                        0x08002119   Thumb Code   222  usb_hc_dwc2.o(.text.OTG_HS_IRQHandler)
    PendSV_Handler                           0x08002201   Thumb Code   100  port.o(.text.PendSV_Handler)
    SVC_Handler                              0x08002541   Thumb Code    36  port.o(.text.SVC_Handler)
    SysTick_Handler                          0x08002599   Thumb Code    12  stm32h7xx_it.o(.text.SysTick_Handler)
    SystemClock_Config                       0x080025a9   Thumb Code   204  main.o(.text.SystemClock_Config)
    SystemInit                               0x08002679   Thumb Code   218  system_stm32h7xx.o(.text.SystemInit)
    UART_AdvFeatureConfig                    0x080027b1   Thumb Code   224  stm32h7xx_hal_uart.o(.text.UART_AdvFeatureConfig)
    UART_CheckIdleState                      0x08002891   Thumb Code   104  stm32h7xx_hal_uart.o(.text.UART_CheckIdleState)
    UART_SetConfig                           0x080028f9   Thumb Code  1396  stm32h7xx_hal_uart.o(.text.UART_SetConfig)
    UART_WaitOnFlagUntilTimeout              0x08002e71   Thumb Code   184  stm32h7xx_hal_uart.o(.text.UART_WaitOnFlagUntilTimeout)
    UsageFault_Handler                       0x08002f29   Thumb Code     2  stm32h7xx_it.o(.text.UsageFault_Handler)
    cpu_mpu_config                           0x080030b9   Thumb Code    84  main.o(.text.cpu_mpu_config)
    fputc                                    0x08003b81   Thumb Code    32  main.o(.text.fputc)
    main                                     0x08003bb9   Thumb Code    88  main.o(.text.main)
    pvPortMalloc                             0x08004999   Thumb Code   264  heap_4.o(.text.pvPortMalloc)
    pvTaskIncrementMutexHeldCount            0x08004aa1   Thumb Code    24  tasks.o(.text.pvTaskIncrementMutexHeldCount)
    pxPortInitialiseStack                    0x08004ab9   Thumb Code    44  port.o(.text.pxPortInitialiseStack)
    usb_hc_init                              0x08004ae9   Thumb Code   584  usb_hc_dwc2.o(.text.usb_hc_init)
    usb_hc_low_level_init                    0x08004d31   Thumb Code   174  main.o(.text.usb_hc_low_level_init)
    usb_osal_enter_critical_section          0x08004de1   Thumb Code    24  usb_osal_freertos.o(.text.usb_osal_enter_critical_section)
    usb_osal_leave_critical_section          0x08004df9   Thumb Code     8  usb_osal_freertos.o(.text.usb_osal_leave_critical_section)
    usb_osal_mq_create                       0x08004e01   Thumb Code    12  usb_osal_freertos.o(.text.usb_osal_mq_create)
    usb_osal_mq_recv                         0x08004e11   Thumb Code    16  usb_osal_freertos.o(.text.usb_osal_mq_recv)
    usb_osal_mq_send                         0x08004e21   Thumb Code    62  usb_osal_freertos.o(.text.usb_osal_mq_send)
    usb_osal_msleep                          0x08004e61   Thumb Code    28  usb_osal_freertos.o(.text.usb_osal_msleep)
    usb_osal_sem_create                      0x08004e81   Thumb Code    12  usb_osal_freertos.o(.text.usb_osal_sem_create)
    usb_osal_sem_give                        0x08004e91   Thumb Code    56  usb_osal_freertos.o(.text.usb_osal_sem_give)
    usb_osal_sem_take                        0x08004ec9   Thumb Code    36  usb_osal_freertos.o(.text.usb_osal_sem_take)
    usb_osal_thread_create                   0x08004ef1   Thumb Code    38  usb_osal_freertos.o(.text.usb_osal_thread_create)
    usbh_audio_close                         0x08004fa1   Thumb Code   248  usbh_audio.o(.text.usbh_audio_close)
    usbh_audio_list_module                   0x08005541   Thumb Code   636  usbh_audio.o(.text.usbh_audio_list_module)
    usbh_audio_run                           0x080057c1   Thumb Code     2  usb_host.o(.text.usbh_audio_run)
    usbh_audio_stop                          0x080057c9   Thumb Code     2  usb_host.o(.text.usbh_audio_stop)
    usbh_bulk_cbw_csw_xfer                   0x080057d1   Thumb Code   352  usbh_msc.o(.text.usbh_bulk_cbw_csw_xfer)
    usbh_cdc_acm_callback                    0x08005971   Thumb Code    68  usb_host.o(.text.usbh_cdc_acm_callback)
    usbh_cdc_acm_run                         0x08005c51   Thumb Code     2  usb_host.o(.text.usbh_cdc_acm_run)
    usbh_cdc_acm_set_line_coding             0x08005c59   Thumb Code    58  usbh_cdc_acm.o(.text.usbh_cdc_acm_set_line_coding)
    usbh_cdc_acm_set_line_state              0x08005c99   Thumb Code    58  usbh_cdc_acm.o(.text.usbh_cdc_acm_set_line_state)
    usbh_cdc_acm_stop                        0x08005cd9   Thumb Code     2  usb_host.o(.text.usbh_cdc_acm_stop)
    usbh_class_test                          0x08005e81   Thumb Code   112  usb_host.o(.text.usbh_class_test)
    usbh_control_transfer                    0x08005ef1   Thumb Code    66  usbh_core.o(.text.usbh_control_transfer)
    usbh_enumerate                           0x08005f51   Thumb Code  1148  usbh_core.o(.text.usbh_enumerate)
    usbh_ep_pipe_reconfigure                 0x080063d1   Thumb Code    10  usb_hc_dwc2.o(.text.usbh_ep_pipe_reconfigure)
    usbh_find_class_instance                 0x080064a9   Thumb Code   178  usbh_core.o(.text.usbh_find_class_instance)
    usbh_hid_callback                        0x080065f9   Thumb Code    80  usb_host.o(.text.usbh_hid_callback)
    usbh_hid_connect                         0x08006649   Thumb Code   376  usbh_hid.o(.text.usbh_hid_connect)
    usbh_hid_disconnect                      0x08006819   Thumb Code   128  usbh_hid.o(.text.usbh_hid_disconnect)
    usbh_hid_run                             0x080068e9   Thumb Code     2  usb_host.o(.text.usbh_hid_run)
    usbh_hid_set_idle                        0x080068f1   Thumb Code    56  usbh_hid.o(.text.usbh_hid_set_idle)
    usbh_hid_stop                            0x08006929   Thumb Code     2  usb_host.o(.text.usbh_hid_stop)
    usbh_hport_activate_ep0                  0x080069a9   Thumb Code    44  usbh_core.o(.text.usbh_hport_activate_ep0)
    usbh_hport_activate_epx                  0x080069d9   Thumb Code   176  usbh_core.o(.text.usbh_hport_activate_epx)
    usbh_hport_deactivate_ep0                0x08006a89   Thumb Code    30  usbh_core.o(.text.usbh_hport_deactivate_ep0)
    usbh_hub_initialize                      0x08007339   Thumb Code    92  usbh_hub.o(.text.usbh_hub_initialize)
    usbh_initialize                          0x08007499   Thumb Code    68  usbh_core.o(.text.usbh_initialize)
    usbh_kill_urb                            0x08007531   Thumb Code    56  usb_hc_dwc2.o(.text.usbh_kill_urb)
    usbh_msc_run                             0x08007981   Thumb Code     2  usb_host.o(.text.usbh_msc_run)
    usbh_msc_scsi_read10                     0x080079c9   Thumb Code   116  usbh_msc.o(.text.usbh_msc_scsi_read10)
    usbh_msc_stop                            0x08007af9   Thumb Code     2  usb_host.o(.text.usbh_msc_stop)
    usbh_pipe_alloc                          0x08007bd1   Thumb Code   180  usb_hc_dwc2.o(.text.usbh_pipe_alloc)
    usbh_pipe_free                           0x08007c89   Thumb Code    30  usb_hc_dwc2.o(.text.usbh_pipe_free)
    usbh_rndis_query_msg_transfer            0x08008289   Thumb Code   228  usbh_rndis.o(.text.usbh_rndis_query_msg_transfer)
    usbh_rndis_run                           0x08008371   Thumb Code     2  usbh_rndis.o(.text.usbh_rndis_run)
    usbh_rndis_stop                          0x08008451   Thumb Code     2  usbh_rndis.o(.text.usbh_rndis_stop)
    usbh_roothub_control                     0x08008459   Thumb Code   362  usb_hc_dwc2.o(.text.usbh_roothub_control)
    usbh_roothub_thread_wakeup               0x080085f9   Thumb Code    50  usbh_hub.o(.text.usbh_roothub_thread_wakeup)
    usbh_submit_urb                          0x08008631   Thumb Code   178  usb_hc_dwc2.o(.text.usbh_submit_urb)
    usbh_video_close                         0x080086e9   Thumb Code   116  usbh_video.o(.text.usbh_video_close)
    usbh_video_list_info                     0x08008a29   Thumb Code   720  usbh_video.o(.text.usbh_video_list_info)
    usbh_video_run                           0x08008cf9   Thumb Code     2  usb_host.o(.text.usbh_video_run)
    usbh_video_stop                          0x08008d01   Thumb Code     2  usb_host.o(.text.usbh_video_stop)
    uxListRemove                             0x08008d19   Thumb Code    40  list.o(.text.uxListRemove)
    vListInitialise                          0x08008d41   Thumb Code    22  list.o(.text.vListInitialise)
    vListInitialiseItem                      0x08008d59   Thumb Code     6  list.o(.text.vListInitialiseItem)
    vListInsert                              0x08008d61   Thumb Code    58  list.o(.text.vListInsert)
    vPortEnterCritical                       0x08008db9   Thumb Code    36  port.o(.text.vPortEnterCritical)
    vPortExitCritical                        0x08008de1   Thumb Code    26  port.o(.text.vPortExitCritical)
    vPortFree                                0x08008e01   Thumb Code   100  heap_4.o(.text.vPortFree)
    vPortSetupTimerInterrupt                 0x08008e69   Thumb Code    52  port.o(.text.vPortSetupTimerInterrupt)
    vPortValidateInterruptPriority           0x08008ea1   Thumb Code    22  port.o(.text.vPortValidateInterruptPriority)
    vQueueAddToRegistry                      0x08008eb9   Thumb Code    74  queue.o(.text.vQueueAddToRegistry)
    vQueueWaitForMessageRestricted           0x08008f09   Thumb Code    68  queue.o(.text.vQueueWaitForMessageRestricted)
    vTaskDelay                               0x08008f51   Thumb Code    52  tasks.o(.text.vTaskDelay)
    vTaskInternalSetTimeOutState             0x08008f89   Thumb Code    26  tasks.o(.text.vTaskInternalSetTimeOutState)
    vTaskMissedYield                         0x08008fa9   Thumb Code    14  tasks.o(.text.vTaskMissedYield)
    vTaskPlaceOnEventList                    0x08008fb9   Thumb Code    32  tasks.o(.text.vTaskPlaceOnEventList)
    vTaskPlaceOnEventListRestricted          0x08008fd9   Thumb Code    90  tasks.o(.text.vTaskPlaceOnEventListRestricted)
    vTaskPriorityDisinheritAfterTimeout      0x08009039   Thumb Code   158  tasks.o(.text.vTaskPriorityDisinheritAfterTimeout)
    vTaskStartScheduler                      0x080090d9   Thumb Code   136  tasks.o(.text.vTaskStartScheduler)
    vTaskSuspendAll                          0x08009161   Thumb Code    16  tasks.o(.text.vTaskSuspendAll)
    vTaskSwitchContext                       0x08009171   Thumb Code   108  tasks.o(.text.vTaskSwitchContext)
    xPortStartScheduler                      0x080091e1   Thumb Code   140  port.o(.text.xPortStartScheduler)
    xPortSysTickHandler                      0x08009271   Thumb Code    50  port.o(.text.xPortSysTickHandler)
    xQueueCreateCountingSemaphore            0x080092a9   Thumb Code    36  queue.o(.text.xQueueCreateCountingSemaphore)
    xQueueGenericCreate                      0x080092d1   Thumb Code    58  queue.o(.text.xQueueGenericCreate)
    xQueueGenericReset                       0x08009311   Thumb Code   128  queue.o(.text.xQueueGenericReset)
    xQueueGenericSendFromISR                 0x08009391   Thumb Code   208  queue.o(.text.xQueueGenericSendFromISR)
    xQueueGiveFromISR                        0x08009461   Thumb Code   152  queue.o(.text.xQueueGiveFromISR)
    xQueueReceive                            0x080094f9   Thumb Code   296  queue.o(.text.xQueueReceive)
    xQueueSemaphoreTake                      0x08009621   Thumb Code   350  queue.o(.text.xQueueSemaphoreTake)
    xTaskCheckForTimeOut                     0x08009781   Thumb Code    96  tasks.o(.text.xTaskCheckForTimeOut)
    xTaskCreate                              0x080097e1   Thumb Code    96  tasks.o(.text.xTaskCreate)
    xTaskGetTickCount                        0x08009841   Thumb Code    12  tasks.o(.text.xTaskGetTickCount)
    xTaskIncrementTick                       0x08009851   Thumb Code   404  tasks.o(.text.xTaskIncrementTick)
    xTaskPriorityDisinherit                  0x080099e9   Thumb Code   142  tasks.o(.text.xTaskPriorityDisinherit)
    xTaskPriorityInherit                     0x08009a79   Thumb Code   198  tasks.o(.text.xTaskPriorityInherit)
    xTaskRemoveFromEventList                 0x08009b41   Thumb Code   218  tasks.o(.text.xTaskRemoveFromEventList)
    xTaskResumeAll                           0x08009c21   Thumb Code   340  tasks.o(.text.xTaskResumeAll)
    xTimerCreateTimerTask                    0x08009d79   Thumb Code    76  timers.o(.text.xTimerCreateTimerTask)
    __0printf$8                              0x08009dc5   Thumb Code    22  printf8.o(i.__0printf$8)
    __1printf$8                              0x08009dc5   Thumb Code     0  printf8.o(i.__0printf$8)
    __2printf                                0x08009dc5   Thumb Code     0  printf8.o(i.__0printf$8)
    __0snprintf$8                            0x08009de5   Thumb Code    48  printf8.o(i.__0snprintf$8)
    __1snprintf$8                            0x08009de5   Thumb Code     0  printf8.o(i.__0snprintf$8)
    __2snprintf                              0x08009de5   Thumb Code     0  printf8.o(i.__0snprintf$8)
    __scatterload_copy                       0x08009e19   Thumb Code    14  handlers.o(i.__scatterload_copy)
    __scatterload_null                       0x08009e27   Thumb Code     2  handlers.o(i.__scatterload_null)
    __scatterload_zeroinit                   0x08009e29   Thumb Code    14  handlers.o(i.__scatterload_zeroinit)
    free                                     0x0800a2b1   Thumb Code    76  malloc.o(i.free)
    malloc                                   0x0800a301   Thumb Code    92  malloc.o(i.malloc)
    puts                                     0x0800a36d   Thumb Code    30  puts.o(i.puts)
    D1CorePrescTable                         0x0800a390   Data          16  system_stm32h7xx.o(.rodata.D1CorePrescTable)
    UARTPrescTable                           0x0800a3a0   Data          24  stm32h7xx_hal_uart.o(.rodata.UARTPrescTable)
    audio_ctrl_class_driver                  0x0800a3b8   Data          12  usbh_audio.o(.rodata.audio_ctrl_class_driver)
    audio_streaming_class_driver             0x0800a3c4   Data          12  usbh_audio.o(.rodata.audio_streaming_class_driver)
    cdc_acm_class_driver                     0x0800a3d0   Data          12  usbh_cdc_acm.o(.rodata.cdc_acm_class_driver)
    cdc_data_class_driver                    0x0800a3dc   Data          12  usbh_cdc_acm.o(.rodata.cdc_data_class_driver)
    hid_class_driver                         0x0800a400   Data          12  usbh_hid.o(.rodata.hid_class_driver)
    hub_class_driver                         0x0800a40c   Data          12  usbh_hub.o(.rodata.hub_class_driver)
    msc_class_driver                         0x0800a418   Data          12  usbh_msc.o(.rodata.msc_class_driver)
    uxTopUsedPriority                        0x0800acf4   Data           4  tasks.o(.rodata.uxTopUsedPriority)
    video_ctrl_class_driver                  0x0800acf8   Data          12  usbh_video.o(.rodata.video_ctrl_class_driver)
    video_streaming_class_driver             0x0800ad04   Data          12  usbh_video.o(.rodata.video_streaming_class_driver)
    Region$$Table$$Base                      0x0800ad10   Number         0  anon$$obj.o(Region$$Table)
    Region$$Table$$Limit                     0x0800ad40   Number         0  anon$$obj.o(Region$$Table)
    hub_class_info                           0x0800ad40   Data          12  usbh_hub.o(usbh_class_info)
    usbh_class_info$$Base                    0x0800ad40   Number         0  usbh_hub.o(usbh_class_info)
    cdc_acm_class_info                       0x0800ad4c   Data          12  usbh_cdc_acm.o(usbh_class_info)
    cdc_data_class_info                      0x0800ad58   Data          12  usbh_cdc_acm.o(usbh_class_info)
    hid_custom_class_info                    0x0800ad64   Data          12  usbh_hid.o(usbh_class_info)
    msc_class_info                           0x0800ad70   Data          12  usbh_msc.o(usbh_class_info)
    rndis_class_info                         0x0800ad7c   Data          12  usbh_rndis.o(usbh_class_info)
    audio_ctrl_intf_class_info               0x0800ad88   Data          12  usbh_audio.o(usbh_class_info)
    audio_streaming_intf_class_info          0x0800ad94   Data          12  usbh_audio.o(usbh_class_info)
    video_ctrl_class_info                    0x0800ada0   Data          12  usbh_video.o(usbh_class_info)
    video_streaming_class_info               0x0800adac   Data          12  usbh_video.o(usbh_class_info)
    usbh_class_info$$Limit                   0x0800adb8   Number         0  usbh_video.o(usbh_class_info)
    __stdout                                 0x24000000   Data           4  stdout.o(.data)
    __microlib_freelist                      0x24000004   Data           4  mvars.o(.data)
    __microlib_freelist_initialised          0x24000008   Data           4  mvars.o(.data)
    SystemCoreClock                          0x2400000c   Data           4  system_stm32h7xx.o(.data.SystemCoreClock)
    SystemD2Clock                            0x24000010   Data           4  system_stm32h7xx.o(.data.SystemD2Clock)
    uwTickFreq                               0x24000014   Data           1  stm32h7xx_hal.o(.data.uwTickFreq)
    uwTickPrio                               0x24000018   Data           4  stm32h7xx_hal.o(.data.uwTickPrio)
    cdc_bulkin_urb                           0x24000020   Data          48  usb_host.o(.bss.cdc_bulkin_urb)
    cdc_bulkout_urb                          0x24000050   Data          48  usb_host.o(.bss.cdc_bulkout_urb)
    exthub                                   0x24000080   Data        1872  usbh_hub.o(.bss.exthub)
    g_dwc2_hcd                               0x240007e8   Data         580  usb_hc_dwc2.o(.bss.g_dwc2_hcd)
    g_usbh_bus                               0x24000a2c   Data          20  usbh_core.o(.bss.g_usbh_bus)
    hid_intin_urb                            0x24000a40   Data          48  usb_host.o(.bss.hid_intin_urb)
    huart1                                   0x24000a70   Data         140  main.o(.bss.huart1)
    hub_class_head                           0x24000afc   Data           4  usbh_hub.o(.bss.hub_class_head)
    hub_mq                                   0x24000b00   Data           4  usbh_hub.o(.bss.hub_mq)
    hub_thread                               0x24000b04   Data           4  usbh_hub.o(.bss.hub_thread)
    pxCurrentTCB                             0x24000b0c   Data           4  tasks.o(.bss.pxCurrentTCB)
    roothub                                  0x24000da4   Data        1872  usbh_hub.o(.bss.roothub)
    usbh_class_info_table_begin              0x2400a4f4   Data           4  usbh_core.o(.bss.usbh_class_info_table_begin)
    usbh_class_info_table_end                0x2400a4f8   Data           4  usbh_core.o(.bss.usbh_class_info_table_end)
    uwTick                                   0x2400a4fc   Data           4  stm32h7xx_hal.o(.bss.uwTick)
    xQueueRegistry                           0x2400a59c   Data          80  queue.o(.bss.xQueueRegistry)
    __heap_base                              0x2400a630   Data           0  startup_stm32h743xx.o(HEAP)
    __heap_limit                             0x2400b630   Data           0  startup_stm32h743xx.o(HEAP)
    __initial_sp                             0x2400c630   Data           0  startup_stm32h743xx.o(STACK)
    cdc_buffer                               0x24070000   Data         512  usb_host.o(.noncacheable)
    hid_buffer                               0x24070200   Data         128  usb_host.o(.noncacheable)
    partition_table                          0x24070280   Data         512  usb_host.o(.noncacheable)
    g_setup                                  0x24070480   Data          64  usbh_core.o(.noncacheable)
    ep0_request_buffer                       0x240704c0   Data         512  usbh_core.o(.noncacheable)
    g_hub_intbuf                             0x240706c0   Data           8  usbh_hub.o(.noncacheable)
    g_hub_buf                                0x240706c8   Data          32  usbh_hub.o(.noncacheable)
    g_cdc_line_coding                        0x240706e8   Data           7  usbh_cdc_acm.o(.noncacheable)
    g_hid_buf                                0x240706f0   Data         128  usbh_hid.o(.noncacheable)
    g_msc_buf                                0x24070770   Data          32  usbh_msc.o(.noncacheable)
    g_rndis_buf                              0x24070790   Data        4096  usbh_rndis.o(.noncacheable)



==============================================================================

Memory Map of the image

  Image Entry point : 0x08000299

  Load Region LR_IROM1 (Base: 0x08000000, Size: 0x0000c568, Max: 0x00200000, ABSOLUTE, COMPRESSED[0x0000ae08])

    Execution Region ER_IROM1 (Exec base: 0x08000000, Load base: 0x08000000, Size: 0x0000adb8, Max: 0x00200000, ABSOLUTE)

    Exec Addr    Load Addr    Size         Type   Attr      Idx    E Section Name        Object

    0x08000000   0x08000000   0x00000298   Data   RO            3    RESET               startup_stm32h743xx.o
    0x08000298   0x08000298   0x00000000   Code   RO         2268  * .ARM.Collect$$$$00000000  mc_w.l(entry.o)
    0x08000298   0x08000298   0x00000004   Code   RO         2578    .ARM.Collect$$$$00000001  mc_w.l(entry2.o)
    0x0800029c   0x0800029c   0x00000004   Code   RO         2581    .ARM.Collect$$$$00000004  mc_w.l(entry5.o)
    0x080002a0   0x080002a0   0x00000000   Code   RO         2583    .ARM.Collect$$$$00000008  mc_w.l(entry7b.o)
    0x080002a0   0x080002a0   0x00000000   Code   RO         2585    .ARM.Collect$$$$0000000A  mc_w.l(entry8b.o)
    0x080002a0   0x080002a0   0x00000008   Code   RO         2586    .ARM.Collect$$$$0000000B  mc_w.l(entry9a.o)
    0x080002a8   0x080002a8   0x00000000   Code   RO         2588    .ARM.Collect$$$$0000000D  mc_w.l(entry10a.o)
    0x080002a8   0x080002a8   0x00000000   Code   RO         2590    .ARM.Collect$$$$0000000F  mc_w.l(entry11a.o)
    0x080002a8   0x080002a8   0x00000004   Code   RO         2579    .ARM.Collect$$$$00002712  mc_w.l(entry2.o)
    0x080002ac   0x080002ac   0x00000024   Code   RO            4    .text               startup_stm32h743xx.o
    0x080002d0   0x080002d0   0x00000062   Code   RO         2275    .text               mc_w.l(uldiv.o)
    0x08000332   0x08000332   0x00000024   Code   RO         2277    .text               mc_w.l(memcpya.o)
    0x08000356   0x08000356   0x00000024   Code   RO         2279    .text               mc_w.l(memseta.o)
    0x0800037a   0x0800037a   0x00000018   Code   RO         2281    .text               mc_w.l(strncpy.o)
    0x08000392   0x08000392   0x0000001c   Code   RO         2283    .text               mc_w.l(strcmp.o)
    0x080003ae   0x080003ae   0x0000001e   Code   RO         2285    .text               mc_w.l(strncmp.o)
    0x080003cc   0x080003cc   0x0000001e   Code   RO         2595    .text               mc_w.l(llshl.o)
    0x080003ea   0x080003ea   0x00000020   Code   RO         2597    .text               mc_w.l(llushr.o)
    0x0800040a   0x0800040a   0x00000002   PAD
    0x0800040c   0x0800040c   0x00000024   Code   RO         2612    .text               mc_w.l(init.o)
    0x08000430   0x08000430   0x0000003a   Code   RO         2626    .text               mc_w.l(__dczerorl.o)
    0x0800046a   0x0800046a   0x00000006   PAD
    0x08000470   0x08000470   0x00000054   Code   RO           19    .text.BSP_MPU_ConfigRegion  main.o
    0x080004c4   0x080004c4   0x00000004   PAD
    0x080004c8   0x080004c8   0x00000002   Code   RO           50    .text.BusFault_Handler  stm32h7xx_it.o
    0x080004ca   0x080004ca   0x00000006   PAD
    0x080004d0   0x080004d0   0x00000002   Code   RO           54    .text.DebugMon_Handler  stm32h7xx_it.o
    0x080004d2   0x080004d2   0x00000006   PAD
    0x080004d8   0x080004d8   0x0000000a   Code   RO           15    .text.Error_Handler  main.o
    0x080004e2   0x080004e2   0x00000006   PAD
    0x080004e8   0x080004e8   0x000001a6   Code   RO          407    .text.HAL_GPIO_Init  stm32h7xx_hal_gpio.o
    0x0800068e   0x0800068e   0x00000002   PAD
    0x08000690   0x08000690   0x0000000e   Code   RO          737    .text.HAL_GetREVID  stm32h7xx_hal.o
    0x0800069e   0x0800069e   0x00000002   PAD
    0x080006a0   0x080006a0   0x0000000c   Code   RO          721    .text.HAL_GetTick   stm32h7xx_hal.o
    0x080006ac   0x080006ac   0x00000004   PAD
    0x080006b0   0x080006b0   0x0000001a   Code   RO          719    .text.HAL_IncTick   stm32h7xx_hal.o
    0x080006ca   0x080006ca   0x00000006   PAD
    0x080006d0   0x080006d0   0x00000064   Code   RO          709    .text.HAL_Init      stm32h7xx_hal.o
    0x08000734   0x08000734   0x00000004   PAD
    0x08000738   0x08000738   0x00000054   Code   RO          711    .text.HAL_InitTick  stm32h7xx_hal.o
    0x0800078c   0x0800078c   0x00000004   PAD
    0x08000790   0x08000790   0x0000005e   Code   RO          164    .text.HAL_MPU_ConfigRegion  stm32h7xx_hal_cortex.o
    0x080007ee   0x080007ee   0x00000002   PAD
    0x080007f0   0x080007f0   0x0000001a   Code   RO          160    .text.HAL_MPU_Disable  stm32h7xx_hal_cortex.o
    0x0800080a   0x0800080a   0x00000006   PAD
    0x08000810   0x08000810   0x00000020   Code   RO          162    .text.HAL_MPU_Enable  stm32h7xx_hal_cortex.o
    0x08000830   0x08000830   0x00000020   Code   RO           65    .text.HAL_MspInit   stm32h7xx_hal_msp.o
    0x08000850   0x08000850   0x00000008   Code   RO          144    .text.HAL_NVIC_EnableIRQ  stm32h7xx_hal_cortex.o
    0x08000858   0x08000858   0x0000001e   Code   RO          136    .text.HAL_NVIC_SetPriority  stm32h7xx_hal_cortex.o
    0x08000876   0x08000876   0x00000002   PAD
    0x08000878   0x08000878   0x00000008   Code   RO          132    .text.HAL_NVIC_SetPriorityGrouping  stm32h7xx_hal_cortex.o
    0x08000880   0x08000880   0x00000048   Code   RO          621    .text.HAL_PWREx_ConfigSupply  stm32h7xx_hal_pwr_ex.o
    0x080008c8   0x080008c8   0x00000012   Code   RO          675    .text.HAL_PWREx_EnableUSBVoltageDetector  stm32h7xx_hal_pwr_ex.o
    0x080008da   0x080008da   0x00000006   PAD
    0x080008e0   0x080008e0   0x00000026   Code   RO          258    .text.HAL_RCCEx_GetD3PCLK1Freq  stm32h7xx_hal_rcc_ex.o
    0x08000906   0x08000906   0x00000002   PAD
    0x08000908   0x08000908   0x00000128   Code   RO          254    .text.HAL_RCCEx_GetPLL2ClockFreq  stm32h7xx_hal_rcc_ex.o
    0x08000a30   0x08000a30   0x00000128   Code   RO          256    .text.HAL_RCCEx_GetPLL3ClockFreq  stm32h7xx_hal_rcc_ex.o
    0x08000b58   0x08000b58   0x00000946   Code   RO          242    .text.HAL_RCCEx_PeriphCLKConfig  stm32h7xx_hal_rcc_ex.o
    0x0800149e   0x0800149e   0x00000002   PAD
    0x080014a0   0x080014a0   0x00000250   Code   RO          210    .text.HAL_RCC_ClockConfig  stm32h7xx_hal_rcc.o
    0x080016f0   0x080016f0   0x0000004c   Code   RO          220    .text.HAL_RCC_GetHCLKFreq  stm32h7xx_hal_rcc.o
    0x0800173c   0x0800173c   0x00000004   PAD
    0x08001740   0x08001740   0x00000026   Code   RO          222    .text.HAL_RCC_GetPCLK1Freq  stm32h7xx_hal_rcc.o
    0x08001766   0x08001766   0x00000002   PAD
    0x08001768   0x08001768   0x00000026   Code   RO          224    .text.HAL_RCC_GetPCLK2Freq  stm32h7xx_hal_rcc.o
    0x0800178e   0x0800178e   0x00000002   PAD
    0x08001790   0x08001790   0x00000108   Code   RO          212    .text.HAL_RCC_GetSysClockFreq  stm32h7xx_hal_rcc.o
    0x08001898   0x08001898   0x000004c8   Code   RO          208    .text.HAL_RCC_OscConfig  stm32h7xx_hal_rcc.o
    0x08001d60   0x08001d60   0x00000008   Code   RO          156    .text.HAL_SYSTICK_Config  stm32h7xx_hal_cortex.o
    0x08001d68   0x08001d68   0x00000036   Code   RO         1203    .text.HAL_UARTEx_DisableFifoMode  stm32h7xx_hal_uart_ex.o
    0x08001d9e   0x08001d9e   0x00000002   PAD
    0x08001da0   0x08001da0   0x0000004a   Code   RO         1207    .text.HAL_UARTEx_SetRxFifoThreshold  stm32h7xx_hal_uart_ex.o
    0x08001dea   0x08001dea   0x00000006   PAD
    0x08001df0   0x08001df0   0x0000004a   Code   RO         1205    .text.HAL_UARTEx_SetTxFifoThreshold  stm32h7xx_hal_uart_ex.o
    0x08001e3a   0x08001e3a   0x00000006   PAD
    0x08001e40   0x08001e40   0x00000062   Code   RO         1038    .text.HAL_UART_Init  stm32h7xx_hal_uart.o
    0x08001ea2   0x08001ea2   0x00000006   PAD
    0x08001ea8   0x08001ea8   0x00000090   Code   RO           67    .text.HAL_UART_MspInit  stm32h7xx_hal_msp.o
    0x08001f38   0x08001f38   0x000000da   Code   RO         1058    .text.HAL_UART_Transmit  stm32h7xx_hal_uart.o
    0x08002012   0x08002012   0x00000006   PAD
    0x08002018   0x08002018   0x00000002   Code   RO           46    .text.HardFault_Handler  stm32h7xx_it.o
    0x0800201a   0x0800201a   0x00000006   PAD
    0x08002020   0x08002020   0x00000044   Code   RO           29    .text.MX_GPIO_Init  main.o
    0x08002064   0x08002064   0x00000004   PAD
    0x08002068   0x08002068   0x0000006c   Code   RO           31    .text.MX_USART1_UART_Init  main.o
    0x080020d4   0x080020d4   0x00000004   PAD
    0x080020d8   0x080020d8   0x00000002   Code   RO           48    .text.MemManage_Handler  stm32h7xx_it.o
    0x080020da   0x080020da   0x00000006   PAD
    0x080020e0   0x080020e0   0x00000002   Code   RO           44    .text.NMI_Handler   stm32h7xx_it.o
    0x080020e2   0x080020e2   0x00000006   PAD
    0x080020e8   0x080020e8   0x0000002e   Code   RO          142    .text.NVIC_EncodePriority  stm32h7xx_hal_cortex.o
    0x08002116   0x08002116   0x00000002   PAD
    0x08002118   0x08002118   0x000000de   Code   RO         2241    .text.OTG_HS_IRQHandler  usb_hc_dwc2.o
    0x080021f6   0x080021f6   0x0000000a   PAD
    0x08002200   0x08002200   0x00000064   Code   RO         1783    .text.PendSV_Handler  port.o
    0x08002264   0x08002264   0x00000004   PAD
    0x08002268   0x08002268   0x0000011e   Code   RO          244    .text.RCCEx_PLL2_Config  stm32h7xx_hal_rcc_ex.o
    0x08002386   0x08002386   0x00000002   PAD
    0x08002388   0x08002388   0x0000011e   Code   RO          246    .text.RCCEx_PLL3_Config  stm32h7xx_hal_rcc_ex.o
    0x080024a6   0x080024a6   0x00000002   PAD
    0x080024a8   0x080024a8   0x0000005e   Code   RO           25    .text.SCB_EnableDCache  main.o
    0x08002506   0x08002506   0x00000002   PAD
    0x08002508   0x08002508   0x00000030   Code   RO           23    .text.SCB_EnableICache  main.o
    0x08002538   0x08002538   0x00000008   PAD
    0x08002540   0x08002540   0x00000024   Code   RO         1767    .text.SVC_Handler   port.o
    0x08002564   0x08002564   0x00000004   PAD
    0x08002568   0x08002568   0x0000002e   Code   RO          158    .text.SysTick_Config  stm32h7xx_hal_cortex.o
    0x08002596   0x08002596   0x00000002   PAD
    0x08002598   0x08002598   0x0000000c   Code   RO           56    .text.SysTick_Handler  stm32h7xx_it.o
    0x080025a4   0x080025a4   0x00000004   PAD
    0x080025a8   0x080025a8   0x000000cc   Code   RO           27    .text.SystemClock_Config  main.o
    0x08002674   0x08002674   0x00000004   PAD
    0x08002678   0x08002678   0x000000da   Code   RO         1385    .text.SystemInit    system_stm32h7xx.o
    0x08002752   0x08002752   0x00000006   PAD
    0x08002758   0x08002758   0x00000054   Code   RO         1201    .text.UARTEx_SetNbDataToProcess  stm32h7xx_hal_uart_ex.o
    0x080027ac   0x080027ac   0x00000004   PAD
    0x080027b0   0x080027b0   0x000000e0   Code   RO         1044    .text.UART_AdvFeatureConfig  stm32h7xx_hal_uart.o
    0x08002890   0x08002890   0x00000068   Code   RO         1046    .text.UART_CheckIdleState  stm32h7xx_hal_uart.o
    0x080028f8   0x080028f8   0x00000574   Code   RO         1042    .text.UART_SetConfig  stm32h7xx_hal_uart.o
    0x08002e6c   0x08002e6c   0x00000004   PAD
    0x08002e70   0x08002e70   0x000000b8   Code   RO         1060    .text.UART_WaitOnFlagUntilTimeout  stm32h7xx_hal_uart.o
    0x08002f28   0x08002f28   0x00000002   Code   RO           52    .text.UsageFault_Handler  stm32h7xx_it.o
    0x08002f2a   0x08002f2a   0x00000006   PAD
    0x08002f30   0x08002f30   0x00000020   Code   RO          146    .text.__NVIC_EnableIRQ  stm32h7xx_hal_cortex.o
    0x08002f50   0x08002f50   0x00000010   Code   RO          138    .text.__NVIC_GetPriorityGrouping  stm32h7xx_hal_cortex.o
    0x08002f60   0x08002f60   0x00000022   Code   RO          140    .text.__NVIC_SetPriority  stm32h7xx_hal_cortex.o
    0x08002f82   0x08002f82   0x00000006   PAD
    0x08002f88   0x08002f88   0x00000020   Code   RO          134    .text.__NVIC_SetPriorityGrouping  stm32h7xx_hal_cortex.o
    0x08002fa8   0x08002fa8   0x0000002c   Code   RO         1875    .text._usbh_hub_clear_feature  usbh_hub.o
    0x08002fd4   0x08002fd4   0x00000004   PAD
    0x08002fd8   0x08002fd8   0x00000050   Code   RO         1883    .text._usbh_hub_get_hub_descriptor  usbh_hub.o
    0x08003028   0x08003028   0x00000032   Code   RO         1873    .text._usbh_hub_get_portstatus  usbh_hub.o
    0x0800305a   0x0800305a   0x00000006   PAD
    0x08003060   0x08003060   0x00000022   Code   RO         1893    .text._usbh_hub_set_depth  usbh_hub.o
    0x08003082   0x08003082   0x00000006   PAD
    0x08003088   0x08003088   0x0000002c   Code   RO         1877    .text._usbh_hub_set_feature  usbh_hub.o
    0x080030b4   0x080030b4   0x00000004   PAD
    0x080030b8   0x080030b8   0x00000054   Code   RO           17    .text.cpu_mpu_config  main.o
    0x0800310c   0x0800310c   0x00000004   PAD
    0x08003110   0x08003110   0x00000036   Code   RO         2235    .text.dwc2_bulk_intr_pipe_init  usb_hc_dwc2.o
    0x08003146   0x08003146   0x00000002   PAD
    0x08003148   0x08003148   0x0000003c   Code   RO         2253    .text.dwc2_calculate_packet_num  usb_hc_dwc2.o
    0x08003184   0x08003184   0x00000004   PAD
    0x08003188   0x08003188   0x00000148   Code   RO         2233    .text.dwc2_control_pipe_init  usb_hc_dwc2.o
    0x080032d0   0x080032d0   0x0000001e   Code   RO         2199    .text.dwc2_core_init  usb_hc_dwc2.o
    0x080032ee   0x080032ee   0x00000002   PAD
    0x080032f0   0x080032f0   0x0000002e   Code   RO         2207    .text.dwc2_drivebus  usb_hc_dwc2.o
    0x0800331e   0x0800331e   0x00000002   PAD
    0x08003320   0x08003320   0x0000002c   Code   RO         2205    .text.dwc2_flush_rxfifo  usb_hc_dwc2.o
    0x0800334c   0x0800334c   0x00000004   PAD
    0x08003350   0x08003350   0x00000030   Code   RO         2203    .text.dwc2_flush_txfifo  usb_hc_dwc2.o
    0x08003380   0x08003380   0x0000000e   Code   RO         2243    .text.dwc2_get_glb_intstatus  usb_hc_dwc2.o
    0x0800338e   0x0800338e   0x00000002   PAD
    0x08003390   0x08003390   0x000000a8   Code   RO         2239    .text.dwc2_halt     usb_hc_dwc2.o
    0x08003438   0x08003438   0x00000208   Code   RO         2247    .text.dwc2_inchan_irq_handler  usb_hc_dwc2.o
    0x08003640   0x08003640   0x00000032   Code   RO         2237    .text.dwc2_iso_pipe_init  usb_hc_dwc2.o
    0x08003672   0x08003672   0x00000006   PAD
    0x08003678   0x08003678   0x00000258   Code   RO         2249    .text.dwc2_outchan_irq_handler  usb_hc_dwc2.o
    0x080038d0   0x080038d0   0x00000028   Code   RO         2221    .text.dwc2_pipe_alloc  usb_hc_dwc2.o
    0x080038f8   0x080038f8   0x00000006   Code   RO         2229    .text.dwc2_pipe_free  usb_hc_dwc2.o
    0x080038fe   0x080038fe   0x00000002   PAD
    0x08003900   0x08003900   0x0000009c   Code   RO         2223    .text.dwc2_pipe_init  usb_hc_dwc2.o
    0x0800399c   0x0800399c   0x00000004   PAD
    0x080039a0   0x080039a0   0x0000007a   Code   RO         2255    .text.dwc2_pipe_transfer  usb_hc_dwc2.o
    0x08003a1a   0x08003a1a   0x00000006   PAD
    0x08003a20   0x08003a20   0x0000002a   Code   RO         2257    .text.dwc2_pipe_waitup  usb_hc_dwc2.o
    0x08003a4a   0x08003a4a   0x00000006   PAD
    0x08003a50   0x08003a50   0x000000cc   Code   RO         2245    .text.dwc2_port_irq_handler  usb_hc_dwc2.o
    0x08003b1c   0x08003b1c   0x00000004   PAD
    0x08003b20   0x08003b20   0x00000048   Code   RO         2251    .text.dwc2_reset    usb_hc_dwc2.o
    0x08003b68   0x08003b68   0x00000018   Code   RO         2201    .text.dwc2_set_mode  usb_hc_dwc2.o
    0x08003b80   0x08003b80   0x00000020   Code   RO           11    .text.fputc         main.o
    0x08003ba0   0x08003ba0   0x00000012   Code   RO         1891    .text.hub_int_complete_callback  usbh_hub.o
    0x08003bb2   0x08003bb2   0x00000006   PAD
    0x08003bb8   0x08003bb8   0x00000058   Code   RO           21    .text.main          main.o
    0x08003c10   0x08003c10   0x000001ec   Code   RO         1816    .text.parse_config_descriptor  usbh_core.o
    0x08003dfc   0x08003dfc   0x00000004   PAD
    0x08003e00   0x08003e00   0x000000c4   Code   RO         1812    .text.parse_device_descriptor  usbh_core.o
    0x08003ec4   0x08003ec4   0x00000004   PAD
    0x08003ec8   0x08003ec8   0x00000138   Code   RO         1885    .text.parse_hub_descriptor  usbh_hub.o
    0x08004000   0x08004000   0x000000be   Code   RO         1544    .text.prvAddCurrentTaskToDelayedList  tasks.o
    0x080040be   0x080040be   0x00000002   PAD
    0x080040c0   0x080040c0   0x000000cc   Code   RO         1532    .text.prvAddNewTaskToReadyList  tasks.o
    0x0800418c   0x0800418c   0x00000004   PAD
    0x08004190   0x08004190   0x0000006c   Code   RO         1668    .text.prvCheckForValidListAndQueue  timers.o
    0x080041fc   0x080041fc   0x00000004   PAD
    0x08004200   0x08004200   0x0000004e   Code   RO         1634    .text.prvCheckTasksWaitingTermination  tasks.o
    0x0800424e   0x0800424e   0x00000002   PAD
    0x08004250   0x08004250   0x00000026   Code   RO         1475    .text.prvCopyDataFromQueue  queue.o
    0x08004276   0x08004276   0x00000002   PAD
    0x08004278   0x08004278   0x00000080   Code   RO         1461    .text.prvCopyDataToQueue  queue.o
    0x080042f8   0x080042f8   0x00000012   Code   RO         1538    .text.prvDeleteTCB  tasks.o
    0x0800430a   0x0800430a   0x00000006   PAD
    0x08004310   0x08004310   0x00000012   Code   RO         1481    .text.prvGetDisinheritPriorityAfterTimeout  queue.o
    0x08004322   0x08004322   0x00000006   PAD
    0x08004328   0x08004328   0x00000022   Code   RO         1700    .text.prvGetNextExpireTime  timers.o
    0x0800434a   0x0800434a   0x00000006   PAD
    0x08004350   0x08004350   0x00000074   Code   RO         1733    .text.prvHeapInit   heap_4.o
    0x080043c4   0x080043c4   0x00000004   PAD
    0x080043c8   0x080043c8   0x0000002a   Code   RO         1570    .text.prvIdleTask   tasks.o
    0x080043f2   0x080043f2   0x00000006   PAD
    0x080043f8   0x080043f8   0x0000001e   Code   RO         1451    .text.prvInitialiseNewQueue  queue.o
    0x08004416   0x08004416   0x00000002   PAD
    0x08004418   0x08004418   0x0000008e   Code   RO         1530    .text.prvInitialiseNewTask  tasks.o
    0x080044a6   0x080044a6   0x00000002   PAD
    0x080044a8   0x080044a8   0x00000070   Code   RO         1632    .text.prvInitialiseTaskLists  tasks.o
    0x08004518   0x08004518   0x0000005e   Code   RO         1735    .text.prvInsertBlockIntoFreeList  heap_4.o
    0x08004576   0x08004576   0x00000002   PAD
    0x08004578   0x08004578   0x00000040   Code   RO         1714    .text.prvInsertTimerInActiveList  timers.o
    0x080045b8   0x080045b8   0x00000018   Code   RO         1477    .text.prvIsQueueEmpty  queue.o
    0x080045d0   0x080045d0   0x00000048   Code   RO         1463    .text.prvNotifyQueueSetContainer  queue.o
    0x08004618   0x08004618   0x00000028   Code   RO         1775    .text.prvPortStartFirstTask  port.o
    0x08004640   0x08004640   0x0000003e   Code   RO         1708    .text.prvProcessExpiredTimer  timers.o
    0x0800467e   0x0800467e   0x00000002   PAD
    0x08004680   0x08004680   0x000000fa   Code   RO         1704    .text.prvProcessReceivedCommands  timers.o
    0x0800477a   0x0800477a   0x00000006   PAD
    0x08004780   0x08004780   0x00000080   Code   RO         1702    .text.prvProcessTimerOrBlockTask  timers.o
    0x08004800   0x08004800   0x0000003a   Code   RO         1712    .text.prvReloadTimer  timers.o
    0x0800483a   0x0800483a   0x00000006   PAD
    0x08004840   0x08004840   0x00000026   Code   RO         1536    .text.prvResetNextTaskUnblockTime  tasks.o
    0x08004866   0x08004866   0x00000002   PAD
    0x08004868   0x08004868   0x0000002a   Code   RO         1706    .text.prvSampleTimeNow  timers.o
    0x08004892   0x08004892   0x00000006   PAD
    0x08004898   0x08004898   0x00000034   Code   RO         1710    .text.prvSwitchTimerLists  timers.o
    0x080048cc   0x080048cc   0x00000004   PAD
    0x080048d0   0x080048d0   0x00000026   Code   RO         1765    .text.prvTaskExitError  port.o
    0x080048f6   0x080048f6   0x00000002   PAD
    0x080048f8   0x080048f8   0x00000016   Code   RO         1670    .text.prvTimerTask  timers.o
    0x0800490e   0x0800490e   0x00000002   PAD
    0x08004910   0x08004910   0x00000088   Code   RO         1467    .text.prvUnlockQueue  queue.o
    0x08004998   0x08004998   0x00000108   Code   RO         1731    .text.pvPortMalloc  heap_4.o
    0x08004aa0   0x08004aa0   0x00000018   Code   RO         1616    .text.pvTaskIncrementMutexHeldCount  tasks.o
    0x08004ab8   0x08004ab8   0x0000002c   Code   RO         1763    .text.pxPortInitialiseStack  port.o
    0x08004ae4   0x08004ae4   0x00000004   PAD
    0x08004ae8   0x08004ae8   0x00000248   Code   RO         2197    .text.usb_hc_init   usb_hc_dwc2.o
    0x08004d30   0x08004d30   0x000000ae   Code   RO           13    .text.usb_hc_low_level_init  main.o
    0x08004dde   0x08004dde   0x00000002   PAD
    0x08004de0   0x08004de0   0x00000018   Code   RO         2181    .text.usb_osal_enter_critical_section  usb_osal_freertos.o
    0x08004df8   0x08004df8   0x00000008   Code   RO         2183    .text.usb_osal_leave_critical_section  usb_osal_freertos.o
    0x08004e00   0x08004e00   0x0000000c   Code   RO         2175    .text.usb_osal_mq_create  usb_osal_freertos.o
    0x08004e0c   0x08004e0c   0x00000004   PAD
    0x08004e10   0x08004e10   0x00000010   Code   RO         2179    .text.usb_osal_mq_recv  usb_osal_freertos.o
    0x08004e20   0x08004e20   0x0000003e   Code   RO         2177    .text.usb_osal_mq_send  usb_osal_freertos.o
    0x08004e5e   0x08004e5e   0x00000002   PAD
    0x08004e60   0x08004e60   0x0000001c   Code   RO         2185    .text.usb_osal_msleep  usb_osal_freertos.o
    0x08004e7c   0x08004e7c   0x00000004   PAD
    0x08004e80   0x08004e80   0x0000000c   Code   RO         2159    .text.usb_osal_sem_create  usb_osal_freertos.o
    0x08004e8c   0x08004e8c   0x00000004   PAD
    0x08004e90   0x08004e90   0x00000038   Code   RO         2165    .text.usb_osal_sem_give  usb_osal_freertos.o
    0x08004ec8   0x08004ec8   0x00000024   Code   RO         2163    .text.usb_osal_sem_take  usb_osal_freertos.o
    0x08004eec   0x08004eec   0x00000004   PAD
    0x08004ef0   0x08004ef0   0x00000026   Code   RO         2157    .text.usb_osal_thread_create  usb_osal_freertos.o
    0x08004f16   0x08004f16   0x00000002   PAD
    0x08004f18   0x08004f18   0x00000018   Code   RO         1861    .text.usb_slist_add_tail  usbh_hub.o
    0x08004f30   0x08004f30   0x0000001e   Code   RO         1897    .text.usb_slist_remove  usbh_hub.o
    0x08004f4e   0x08004f4e   0x00000002   PAD
    0x08004f50   0x08004f50   0x00000050   Code   RO         1814    .text.usbh_allocate_devaddr  usbh_core.o
    0x08004fa0   0x08004fa0   0x000000f8   Code   RO         2070    .text.usbh_audio_close  usbh_audio.o
    0x08005098   0x08005098   0x000003c4   Code   RO         2082    .text.usbh_audio_ctrl_connect  usbh_audio.o
    0x0800545c   0x0800545c   0x00000004   PAD
    0x08005460   0x08005460   0x0000007c   Code   RO         2084    .text.usbh_audio_ctrl_disconnect  usbh_audio.o
    0x080054dc   0x080054dc   0x00000004   PAD
    0x080054e0   0x080054e0   0x00000004   Code   RO         2086    .text.usbh_audio_data_connect  usbh_audio.o
    0x080054e4   0x080054e4   0x00000004   PAD
    0x080054e8   0x080054e8   0x00000004   Code   RO         2088    .text.usbh_audio_data_disconnect  usbh_audio.o
    0x080054ec   0x080054ec   0x00000004   PAD
    0x080054f0   0x080054f0   0x0000002e   Code   RO         2090    .text.usbh_audio_devno_alloc  usbh_audio.o
    0x0800551e   0x0800551e   0x00000002   PAD
    0x08005520   0x08005520   0x00000020   Code   RO         2092    .text.usbh_audio_devno_free  usbh_audio.o
    0x08005540   0x08005540   0x0000027c   Code   RO         2076    .text.usbh_audio_list_module  usbh_audio.o
    0x080057bc   0x080057bc   0x00000004   PAD
    0x080057c0   0x080057c0   0x00000002   Code   RO           99    .text.usbh_audio_run  usb_host.o
    0x080057c2   0x080057c2   0x00000006   PAD
    0x080057c8   0x080057c8   0x00000002   Code   RO          101    .text.usbh_audio_stop  usb_host.o
    0x080057ca   0x080057ca   0x00000006   PAD
    0x080057d0   0x080057d0   0x00000160   Code   RO         1986    .text.usbh_bulk_cbw_csw_xfer  usbh_msc.o
    0x08005930   0x08005930   0x00000022   Code   RO          115    .text.usbh_bulk_urb_fill  usb_host.o
    0x08005952   0x08005952   0x00000006   PAD
    0x08005958   0x08005958   0x00000018   Code   RO         2004    .text.usbh_bulk_urb_fill  usbh_msc.o
    0x08005970   0x08005970   0x00000044   Code   RO           83    .text.usbh_cdc_acm_callback  usb_host.o
    0x080059b4   0x080059b4   0x00000004   PAD
    0x080059b8   0x080059b8   0x000001c0   Code   RO         1927    .text.usbh_cdc_acm_connect  usbh_cdc_acm.o
    0x08005b78   0x08005b78   0x0000002e   Code   RO         1935    .text.usbh_cdc_acm_devno_alloc  usbh_cdc_acm.o
    0x08005ba6   0x08005ba6   0x00000002   PAD
    0x08005ba8   0x08005ba8   0x00000020   Code   RO         1937    .text.usbh_cdc_acm_devno_free  usbh_cdc_acm.o
    0x08005bc8   0x08005bc8   0x00000084   Code   RO         1929    .text.usbh_cdc_acm_disconnect  usbh_cdc_acm.o
    0x08005c4c   0x08005c4c   0x00000004   PAD
    0x08005c50   0x08005c50   0x00000002   Code   RO           87    .text.usbh_cdc_acm_run  usb_host.o
    0x08005c52   0x08005c52   0x00000006   PAD
    0x08005c58   0x08005c58   0x0000003a   Code   RO         1917    .text.usbh_cdc_acm_set_line_coding  usbh_cdc_acm.o
    0x08005c92   0x08005c92   0x00000006   PAD
    0x08005c98   0x08005c98   0x0000003a   Code   RO         1921    .text.usbh_cdc_acm_set_line_state  usbh_cdc_acm.o
    0x08005cd2   0x08005cd2   0x00000006   PAD
    0x08005cd8   0x08005cd8   0x00000002   Code   RO           89    .text.usbh_cdc_acm_stop  usb_host.o
    0x08005cda   0x08005cda   0x00000006   PAD
    0x08005ce0   0x08005ce0   0x0000018c   Code   RO          109    .text.usbh_cdc_acm_thread  usb_host.o
    0x08005e6c   0x08005e6c   0x00000004   PAD
    0x08005e70   0x08005e70   0x00000004   Code   RO         1931    .text.usbh_cdc_data_connect  usbh_cdc_acm.o
    0x08005e74   0x08005e74   0x00000004   PAD
    0x08005e78   0x08005e78   0x00000004   Code   RO         1933    .text.usbh_cdc_data_disconnect  usbh_cdc_acm.o
    0x08005e7c   0x08005e7c   0x00000004   PAD
    0x08005e80   0x08005e80   0x00000070   Code   RO          107    .text.usbh_class_test  usb_host.o
    0x08005ef0   0x08005ef0   0x00000042   Code   RO         1810    .text.usbh_control_transfer  usbh_core.o
    0x08005f32   0x08005f32   0x00000006   PAD
    0x08005f38   0x08005f38   0x00000016   Code   RO         1826    .text.usbh_control_urb_fill  usbh_core.o
    0x08005f4e   0x08005f4e   0x00000002   PAD
    0x08005f50   0x08005f50   0x0000047c   Code   RO         1808    .text.usbh_enumerate  usbh_core.o
    0x080063cc   0x080063cc   0x00000004   PAD
    0x080063d0   0x080063d0   0x0000000a   Code   RO         2217    .text.usbh_ep_pipe_reconfigure  usb_hc_dwc2.o
    0x080063da   0x080063da   0x00000006   PAD
    0x080063e0   0x080063e0   0x000000c8   Code   RO         1818    .text.usbh_find_class_driver  usbh_core.o
    0x080064a8   0x080064a8   0x000000b2   Code   RO         1822    .text.usbh_find_class_instance  usbh_core.o
    0x0800655a   0x0800655a   0x00000006   PAD
    0x08006560   0x08006560   0x0000003c   Code   RO         1804    .text.usbh_free_devaddr  usbh_core.o
    0x0800659c   0x0800659c   0x00000004   PAD
    0x080065a0   0x080065a0   0x0000002c   Code   RO         1800    .text.usbh_get_default_mps  usbh_core.o
    0x080065cc   0x080065cc   0x00000004   PAD
    0x080065d0   0x080065d0   0x00000024   Code   RO         2215    .text.usbh_get_port_speed  usb_hc_dwc2.o
    0x080065f4   0x080065f4   0x00000004   PAD
    0x080065f8   0x080065f8   0x00000050   Code   RO           85    .text.usbh_hid_callback  usb_host.o
    0x08006648   0x08006648   0x00000178   Code   RO         1959    .text.usbh_hid_connect  usbh_hid.o
    0x080067c0   0x080067c0   0x00000030   Code   RO         1961    .text.usbh_hid_devno_alloc  usbh_hid.o
    0x080067f0   0x080067f0   0x00000022   Code   RO         1969    .text.usbh_hid_devno_free  usbh_hid.o
    0x08006812   0x08006812   0x00000006   PAD
    0x08006818   0x08006818   0x00000080   Code   RO         1967    .text.usbh_hid_disconnect  usbh_hid.o
    0x08006898   0x08006898   0x0000004c   Code   RO         1963    .text.usbh_hid_get_report_descriptor  usbh_hid.o
    0x080068e4   0x080068e4   0x00000004   PAD
    0x080068e8   0x080068e8   0x00000002   Code   RO           91    .text.usbh_hid_run  usb_host.o
    0x080068ea   0x080068ea   0x00000006   PAD
    0x080068f0   0x080068f0   0x00000038   Code   RO         1953    .text.usbh_hid_set_idle  usbh_hid.o
    0x08006928   0x08006928   0x00000002   Code   RO           93    .text.usbh_hid_stop  usb_host.o
    0x0800692a   0x0800692a   0x00000006   PAD
    0x08006930   0x08006930   0x00000074   Code   RO          111    .text.usbh_hid_thread  usb_host.o
    0x080069a4   0x080069a4   0x00000004   PAD
    0x080069a8   0x080069a8   0x0000002c   Code   RO         1798    .text.usbh_hport_activate_ep0  usbh_core.o
    0x080069d4   0x080069d4   0x00000004   PAD
    0x080069d8   0x080069d8   0x000000b0   Code   RO         1806    .text.usbh_hport_activate_epx  usbh_core.o
    0x08006a88   0x08006a88   0x0000001e   Code   RO         1802    .text.usbh_hport_deactivate_ep0  usbh_core.o
    0x08006aa6   0x08006aa6   0x00000002   PAD
    0x08006aa8   0x08006aa8   0x00000032   Code   RO         1867    .text.usbh_hub_clear_feature  usbh_hub.o
    0x08006ada   0x08006ada   0x00000006   PAD
    0x08006ae0   0x08006ae0   0x0000029c   Code   RO         1855    .text.usbh_hub_connect  usbh_hub.o
    0x08006d7c   0x08006d7c   0x00000004   PAD
    0x08006d80   0x08006d80   0x00000036   Code   RO         1879    .text.usbh_hub_devno_alloc  usbh_hub.o
    0x08006db6   0x08006db6   0x00000002   PAD
    0x08006db8   0x08006db8   0x00000020   Code   RO         1881    .text.usbh_hub_devno_free  usbh_hub.o
    0x08006dd8   0x08006dd8   0x000000f8   Code   RO         1857    .text.usbh_hub_disconnect  usbh_hub.o
    0x08006ed0   0x08006ed0   0x00000438   Code   RO         1863    .text.usbh_hub_events  usbh_hub.o
    0x08007308   0x08007308   0x0000002a   Code   RO         1865    .text.usbh_hub_get_portstatus  usbh_hub.o
    0x08007332   0x08007332   0x00000006   PAD
    0x08007338   0x08007338   0x0000005c   Code   RO         1849    .text.usbh_hub_initialize  usbh_hub.o
    0x08007394   0x08007394   0x00000004   PAD
    0x08007398   0x08007398   0x00000008   Code   RO         1859    .text.usbh_hub_register  usbh_hub.o
    0x080073a0   0x080073a0   0x0000002c   Code   RO         1887    .text.usbh_hub_set_depth  usbh_hub.o
    0x080073cc   0x080073cc   0x00000004   PAD
    0x080073d0   0x080073d0   0x00000032   Code   RO         1869    .text.usbh_hub_set_feature  usbh_hub.o
    0x08007402   0x08007402   0x00000006   PAD
    0x08007408   0x08007408   0x00000028   Code   RO         1853    .text.usbh_hub_thread  usbh_hub.o
    0x08007430   0x08007430   0x00000014   Code   RO         1847    .text.usbh_hub_thread_wakeup  usbh_hub.o
    0x08007444   0x08007444   0x00000004   PAD
    0x08007448   0x08007448   0x00000008   Code   RO         1895    .text.usbh_hub_unregister  usbh_hub.o
    0x08007450   0x08007450   0x00000048   Code   RO         1871    .text.usbh_hubport_release  usbh_hub.o
    0x08007498   0x08007498   0x00000044   Code   RO         1824    .text.usbh_initialize  usbh_core.o
    0x080074dc   0x080074dc   0x00000004   PAD
    0x080074e0   0x080074e0   0x0000002c   Code   RO          117    .text.usbh_int_urb_fill  usb_host.o
    0x0800750c   0x0800750c   0x00000004   PAD
    0x08007510   0x08007510   0x0000001c   Code   RO         1889    .text.usbh_int_urb_fill  usbh_hub.o
    0x0800752c   0x0800752c   0x00000004   PAD
    0x08007530   0x08007530   0x00000038   Code   RO         2227    .text.usbh_kill_urb  usb_hc_dwc2.o
    0x08007568   0x08007568   0x00000032   Code   RO         1990    .text.usbh_msc_bulk_in_transfer  usbh_msc.o
    0x0800759a   0x0800759a   0x00000006   PAD
    0x080075a0   0x080075a0   0x00000032   Code   RO         1988    .text.usbh_msc_bulk_out_transfer  usbh_msc.o
    0x080075d2   0x080075d2   0x00000006   PAD
    0x080075d8   0x080075d8   0x000002a0   Code   RO         2000    .text.usbh_msc_connect  usbh_msc.o
    0x08007878   0x08007878   0x00000032   Code   RO         2006    .text.usbh_msc_devno_alloc  usbh_msc.o
    0x080078aa   0x080078aa   0x00000006   PAD
    0x080078b0   0x080078b0   0x00000022   Code   RO         2018    .text.usbh_msc_devno_free  usbh_msc.o
    0x080078d2   0x080078d2   0x00000006   PAD
    0x080078d8   0x080078d8   0x0000007c   Code   RO         2002    .text.usbh_msc_disconnect  usbh_msc.o
    0x08007954   0x08007954   0x00000004   PAD
    0x08007958   0x08007958   0x00000028   Code   RO         2008    .text.usbh_msc_get_maxlun  usbh_msc.o
    0x08007980   0x08007980   0x00000002   Code   RO           95    .text.usbh_msc_run  usb_host.o
    0x08007982   0x08007982   0x00000006   PAD
    0x08007988   0x08007988   0x00000040   Code   RO         2014    .text.usbh_msc_scsi_inquiry  usbh_msc.o
    0x080079c8   0x080079c8   0x00000074   Code   RO         1994    .text.usbh_msc_scsi_read10  usbh_msc.o
    0x08007a3c   0x08007a3c   0x00000004   PAD
    0x08007a40   0x08007a40   0x0000003c   Code   RO         2016    .text.usbh_msc_scsi_readcapacity10  usbh_msc.o
    0x08007a7c   0x08007a7c   0x00000004   PAD
    0x08007a80   0x08007a80   0x00000040   Code   RO         2012    .text.usbh_msc_scsi_requestsense  usbh_msc.o
    0x08007ac0   0x08007ac0   0x00000034   Code   RO         2010    .text.usbh_msc_scsi_testunitready  usbh_msc.o
    0x08007af4   0x08007af4   0x00000004   PAD
    0x08007af8   0x08007af8   0x00000002   Code   RO           97    .text.usbh_msc_stop  usb_host.o
    0x08007afa   0x08007afa   0x00000006   PAD
    0x08007b00   0x08007b00   0x000000cc   Code   RO          113    .text.usbh_msc_thread  usb_host.o
    0x08007bcc   0x08007bcc   0x00000004   PAD
    0x08007bd0   0x08007bd0   0x000000b4   Code   RO         2219    .text.usbh_pipe_alloc  usb_hc_dwc2.o
    0x08007c84   0x08007c84   0x00000004   PAD
    0x08007c88   0x08007c88   0x0000001e   Code   RO         2225    .text.usbh_pipe_free  usb_hc_dwc2.o
    0x08007ca6   0x08007ca6   0x00000002   PAD
    0x08007ca8   0x08007ca8   0x00000042   Code   RO         2213    .text.usbh_reset_port  usb_hc_dwc2.o
    0x08007cea   0x08007cea   0x00000006   PAD
    0x08007cf0   0x08007cf0   0x00000410   Code   RO         2047    .text.usbh_rndis_connect  usbh_rndis.o
    0x08008100   0x08008100   0x00000074   Code   RO         2049    .text.usbh_rndis_disconnect  usbh_rndis.o
    0x08008174   0x08008174   0x00000004   PAD
    0x08008178   0x08008178   0x00000110   Code   RO         2051    .text.usbh_rndis_init_msg_transfer  usbh_rndis.o
    0x08008288   0x08008288   0x000000e4   Code   RO         2033    .text.usbh_rndis_query_msg_transfer  usbh_rndis.o
    0x0800836c   0x0800836c   0x00000004   PAD
    0x08008370   0x08008370   0x00000002   Code   RO         2043    .text.usbh_rndis_run  usbh_rndis.o
    0x08008372   0x08008372   0x00000006   PAD
    0x08008378   0x08008378   0x000000d6   Code   RO         2053    .text.usbh_rndis_set_msg_transfer  usbh_rndis.o
    0x0800844e   0x0800844e   0x00000002   PAD
    0x08008450   0x08008450   0x00000002   Code   RO         2045    .text.usbh_rndis_stop  usbh_rndis.o
    0x08008452   0x08008452   0x00000006   PAD
    0x08008458   0x08008458   0x0000016a   Code   RO         2211    .text.usbh_roothub_control  usb_hc_dwc2.o
    0x080085c2   0x080085c2   0x00000006   PAD
    0x080085c8   0x080085c8   0x0000002e   Code   RO         1851    .text.usbh_roothub_register  usbh_hub.o
    0x080085f6   0x080085f6   0x00000002   PAD
    0x080085f8   0x080085f8   0x00000032   Code   RO         1845    .text.usbh_roothub_thread_wakeup  usbh_hub.o
    0x0800862a   0x0800862a   0x00000006   PAD
    0x08008630   0x08008630   0x000000b2   Code   RO         2231    .text.usbh_submit_urb  usb_hc_dwc2.o
    0x080086e2   0x080086e2   0x00000006   PAD
    0x080086e8   0x080086e8   0x00000074   Code   RO         2120    .text.usbh_video_close  usbh_video.o
    0x0800875c   0x0800875c   0x00000004   PAD
    0x08008760   0x08008760   0x000001f4   Code   RO         2130    .text.usbh_video_ctrl_connect  usbh_video.o
    0x08008954   0x08008954   0x00000004   PAD
    0x08008958   0x08008958   0x0000007c   Code   RO         2132    .text.usbh_video_ctrl_disconnect  usbh_video.o
    0x080089d4   0x080089d4   0x00000004   PAD
    0x080089d8   0x080089d8   0x0000002e   Code   RO         2138    .text.usbh_video_devno_alloc  usbh_video.o
    0x08008a06   0x08008a06   0x00000002   PAD
    0x08008a08   0x08008a08   0x00000020   Code   RO         2140    .text.usbh_video_devno_free  usbh_video.o
    0x08008a28   0x08008a28   0x000002d0   Code   RO         2122    .text.usbh_video_list_info  usbh_video.o
    0x08008cf8   0x08008cf8   0x00000002   Code   RO          103    .text.usbh_video_run  usb_host.o
    0x08008cfa   0x08008cfa   0x00000006   PAD
    0x08008d00   0x08008d00   0x00000002   Code   RO          105    .text.usbh_video_stop  usb_host.o
    0x08008d02   0x08008d02   0x00000006   PAD
    0x08008d08   0x08008d08   0x00000004   Code   RO         2134    .text.usbh_video_streaming_connect  usbh_video.o
    0x08008d0c   0x08008d0c   0x00000004   PAD
    0x08008d10   0x08008d10   0x00000004   Code   RO         2136    .text.usbh_video_streaming_disconnect  usbh_video.o
    0x08008d14   0x08008d14   0x00000004   PAD
    0x08008d18   0x08008d18   0x00000028   Code   RO         1437    .text.uxListRemove  list.o
    0x08008d40   0x08008d40   0x00000016   Code   RO         1429    .text.vListInitialise  list.o
    0x08008d56   0x08008d56   0x00000002   PAD
    0x08008d58   0x08008d58   0x00000006   Code   RO         1431    .text.vListInitialiseItem  list.o
    0x08008d5e   0x08008d5e   0x00000002   PAD
    0x08008d60   0x08008d60   0x0000003a   Code   RO         1435    .text.vListInsert   list.o
    0x08008d9a   0x08008d9a   0x00000006   PAD
    0x08008da0   0x08008da0   0x00000014   Code   RO         1773    .text.vPortEnableVFP  port.o
    0x08008db4   0x08008db4   0x00000004   PAD
    0x08008db8   0x08008db8   0x00000024   Code   RO         1779    .text.vPortEnterCritical  port.o
    0x08008ddc   0x08008ddc   0x00000004   PAD
    0x08008de0   0x08008de0   0x0000001a   Code   RO         1781    .text.vPortExitCritical  port.o
    0x08008dfa   0x08008dfa   0x00000006   PAD
    0x08008e00   0x08008e00   0x00000064   Code   RO         1737    .text.vPortFree     heap_4.o
    0x08008e64   0x08008e64   0x00000004   PAD
    0x08008e68   0x08008e68   0x00000034   Code   RO         1771    .text.vPortSetupTimerInterrupt  port.o
    0x08008e9c   0x08008e9c   0x00000004   PAD
    0x08008ea0   0x08008ea0   0x00000016   Code   RO         1787    .text.vPortValidateInterruptPriority  port.o
    0x08008eb6   0x08008eb6   0x00000002   PAD
    0x08008eb8   0x08008eb8   0x0000004a   Code   RO         1503    .text.vQueueAddToRegistry  queue.o
    0x08008f02   0x08008f02   0x00000006   PAD
    0x08008f08   0x08008f08   0x00000044   Code   RO         1507    .text.vQueueWaitForMessageRestricted  queue.o
    0x08008f4c   0x08008f4c   0x00000004   PAD
    0x08008f50   0x08008f50   0x00000034   Code   RO         1548    .text.vTaskDelay    tasks.o
    0x08008f84   0x08008f84   0x00000004   PAD
    0x08008f88   0x08008f88   0x0000001a   Code   RO         1598    .text.vTaskInternalSetTimeOutState  tasks.o
    0x08008fa2   0x08008fa2   0x00000006   PAD
    0x08008fa8   0x08008fa8   0x0000000e   Code   RO         1602    .text.vTaskMissedYield  tasks.o
    0x08008fb6   0x08008fb6   0x00000002   PAD
    0x08008fb8   0x08008fb8   0x00000020   Code   RO         1586    .text.vTaskPlaceOnEventList  tasks.o
    0x08008fd8   0x08008fd8   0x0000005a   Code   RO         1590    .text.vTaskPlaceOnEventListRestricted  tasks.o
    0x08009032   0x08009032   0x00000006   PAD
    0x08009038   0x08009038   0x0000009e   Code   RO         1612    .text.vTaskPriorityDisinheritAfterTimeout  tasks.o
    0x080090d6   0x080090d6   0x00000002   PAD
    0x080090d8   0x080090d8   0x00000088   Code   RO         1568    .text.vTaskStartScheduler  tasks.o
    0x08009160   0x08009160   0x00000010   Code   RO         1542    .text.vTaskSuspendAll  tasks.o
    0x08009170   0x08009170   0x0000006c   Code   RO         1560    .text.vTaskSwitchContext  tasks.o
    0x080091dc   0x080091dc   0x00000004   PAD
    0x080091e0   0x080091e0   0x0000008c   Code   RO         1769    .text.xPortStartScheduler  port.o
    0x0800926c   0x0800926c   0x00000004   PAD
    0x08009270   0x08009270   0x00000032   Code   RO         1785    .text.xPortSysTickHandler  port.o
    0x080092a2   0x080092a2   0x00000006   PAD
    0x080092a8   0x080092a8   0x00000024   Code   RO         1457    .text.xQueueCreateCountingSemaphore  queue.o
    0x080092cc   0x080092cc   0x00000004   PAD
    0x080092d0   0x080092d0   0x0000003a   Code   RO         1449    .text.xQueueGenericCreate  queue.o
    0x0800930a   0x0800930a   0x00000006   PAD
    0x08009310   0x08009310   0x00000080   Code   RO         1447    .text.xQueueGenericReset  queue.o
    0x08009390   0x08009390   0x000000d0   Code   RO         1469    .text.xQueueGenericSendFromISR  queue.o
    0x08009460   0x08009460   0x00000098   Code   RO         1471    .text.xQueueGiveFromISR  queue.o
    0x080094f8   0x080094f8   0x00000128   Code   RO         1473    .text.xQueueReceive  queue.o
    0x08009620   0x08009620   0x0000015e   Code   RO         1479    .text.xQueueSemaphoreTake  queue.o
    0x0800977e   0x0800977e   0x00000002   PAD
    0x08009780   0x08009780   0x00000060   Code   RO         1600    .text.xTaskCheckForTimeOut  tasks.o
    0x080097e0   0x080097e0   0x00000060   Code   RO         1528    .text.xTaskCreate   tasks.o
    0x08009840   0x08009840   0x0000000c   Code   RO         1576    .text.xTaskGetTickCount  tasks.o
    0x0800984c   0x0800984c   0x00000004   PAD
    0x08009850   0x08009850   0x00000194   Code   RO         1574    .text.xTaskIncrementTick  tasks.o
    0x080099e4   0x080099e4   0x00000004   PAD
    0x080099e8   0x080099e8   0x0000008e   Code   RO         1610    .text.xTaskPriorityDisinherit  tasks.o
    0x08009a76   0x08009a76   0x00000002   PAD
    0x08009a78   0x08009a78   0x000000c6   Code   RO         1608    .text.xTaskPriorityInherit  tasks.o
    0x08009b3e   0x08009b3e   0x00000002   PAD
    0x08009b40   0x08009b40   0x000000da   Code   RO         1592    .text.xTaskRemoveFromEventList  tasks.o
    0x08009c1a   0x08009c1a   0x00000006   PAD
    0x08009c20   0x08009c20   0x00000154   Code   RO         1546    .text.xTaskResumeAll  tasks.o
    0x08009d74   0x08009d74   0x00000004   PAD
    0x08009d78   0x08009d78   0x0000004c   Code   RO         1666    .text.xTimerCreateTimerTask  timers.o
    0x08009dc4   0x08009dc4   0x00000020   Code   RO         2496    i.__0printf$8       mc_w.l(printf8.o)
    0x08009de4   0x08009de4   0x00000034   Code   RO         2497    i.__0snprintf$8     mc_w.l(printf8.o)
    0x08009e18   0x08009e18   0x0000000e   Code   RO         2620    i.__scatterload_copy  mc_w.l(handlers.o)
    0x08009e26   0x08009e26   0x00000002   Code   RO         2621    i.__scatterload_null  mc_w.l(handlers.o)
    0x08009e28   0x08009e28   0x0000000e   Code   RO         2622    i.__scatterload_zeroinit  mc_w.l(handlers.o)
    0x08009e36   0x08009e36   0x00000002   PAD
    0x08009e38   0x08009e38   0x00000410   Code   RO         2503    i._printf_core      mc_w.l(printf8.o)
    0x0800a248   0x0800a248   0x00000024   Code   RO         2504    i._printf_post_padding  mc_w.l(printf8.o)
    0x0800a26c   0x0800a26c   0x0000002e   Code   RO         2505    i._printf_pre_padding  mc_w.l(printf8.o)
    0x0800a29a   0x0800a29a   0x00000016   Code   RO         2506    i._snputc           mc_w.l(printf8.o)
    0x0800a2b0   0x0800a2b0   0x00000050   Code   RO         2550    i.free              mc_w.l(malloc.o)
    0x0800a300   0x0800a300   0x0000006c   Code   RO         2551    i.malloc            mc_w.l(malloc.o)
    0x0800a36c   0x0800a36c   0x00000024   Code   RO         2271    i.puts              mc_w.l(puts.o)
    0x0800a390   0x0800a390   0x00000010   Data   RO         1391    .rodata.D1CorePrescTable  system_stm32h7xx.o
    0x0800a3a0   0x0800a3a0   0x00000018   Data   RO         1172    .rodata.UARTPrescTable  stm32h7xx_hal_uart.o
    0x0800a3b8   0x0800a3b8   0x0000000c   Data   RO         2096    .rodata.audio_ctrl_class_driver  usbh_audio.o
    0x0800a3c4   0x0800a3c4   0x0000000c   Data   RO         2097    .rodata.audio_streaming_class_driver  usbh_audio.o
    0x0800a3d0   0x0800a3d0   0x0000000c   Data   RO         1941    .rodata.cdc_acm_class_driver  usbh_cdc_acm.o
    0x0800a3dc   0x0800a3dc   0x0000000c   Data   RO         1942    .rodata.cdc_data_class_driver  usbh_cdc_acm.o
    0x0800a3e8   0x0800a3e8   0x00000010   Data   RO         1209    .rodata.cst8        stm32h7xx_hal_uart_ex.o
    0x0800a3f8   0x0800a3f8   0x00000008   Data   RO         2144    .rodata.format_type  usbh_video.o
    0x0800a400   0x0800a400   0x0000000c   Data   RO         1975    .rodata.hid_class_driver  usbh_hid.o
    0x0800a40c   0x0800a40c   0x0000000c   Data   RO         1905    .rodata.hub_class_driver  usbh_hub.o
    0x0800a418   0x0800a418   0x0000000c   Data   RO         2022    .rodata.msc_class_driver  usbh_msc.o
    0x0800a424   0x0800a424   0x0000000c   Data   RO         2057    .rodata.rndis_class_driver  usbh_rndis.o
    0x0800a430   0x0800a430   0x0000004d   Data   RO          119    .rodata.str1.1      usb_host.o
    0x0800a47d   0x0800a47d   0x00000222   Data   RO         1835    .rodata.str1.1      usbh_core.o
    0x0800a69f   0x0800a69f   0x0000023e   Data   RO         1904    .rodata.str1.1      usbh_hub.o
    0x0800a8dd   0x0800a8dd   0x00000011   Data   RO         1940    .rodata.str1.1      usbh_cdc_acm.o
    0x0800a8ee   0x0800a8ee   0x00000004   Data   RO         1974    .rodata.str1.1      usbh_hid.o
    0x0800a8f2   0x0800a8f2   0x00000056   Data   RO         2020    .rodata.str1.1      usbh_msc.o
    0x0800a948   0x0800a948   0x00000112   Data   RO         2056    .rodata.str1.1      usbh_rndis.o
    0x0800aa5a   0x0800aa5a   0x00000137   Data   RO         2095    .rodata.str1.1      usbh_audio.o
    0x0800ab91   0x0800ab91   0x00000128   Data   RO         2143    .rodata.str1.1      usbh_video.o
    0x0800acb9   0x0800acb9   0x00000039   Data   RO         2260    .rodata.str1.1      usb_hc_dwc2.o
    0x0800acf2   0x0800acf2   0x00000002   PAD
    0x0800acf4   0x0800acf4   0x00000004   Data   RO         1637    .rodata.uxTopUsedPriority  tasks.o
    0x0800acf8   0x0800acf8   0x0000000c   Data   RO         2145    .rodata.video_ctrl_class_driver  usbh_video.o
    0x0800ad04   0x0800ad04   0x0000000c   Data   RO         2146    .rodata.video_streaming_class_driver  usbh_video.o
    0x0800ad10   0x0800ad10   0x00000030   Data   RO         2619    Region$$Table       anon$$obj.o
    0x0800ad40   0x0800ad40   0x0000000c   Data   RO         1906    usbh_class_info     usbh_hub.o
    0x0800ad4c   0x0800ad4c   0x00000018   Data   RO         1943    usbh_class_info     usbh_cdc_acm.o
    0x0800ad64   0x0800ad64   0x0000000c   Data   RO         1976    usbh_class_info     usbh_hid.o
    0x0800ad70   0x0800ad70   0x0000000c   Data   RO         2023    usbh_class_info     usbh_msc.o
    0x0800ad7c   0x0800ad7c   0x0000000c   Data   RO         2058    usbh_class_info     usbh_rndis.o
    0x0800ad88   0x0800ad88   0x00000018   Data   RO         2098    usbh_class_info     usbh_audio.o
    0x0800ada0   0x0800ada0   0x00000018   Data   RO         2147    usbh_class_info     usbh_video.o


    Execution Region RW_IRAM2 (Exec base: 0x24000000, Load base: 0x0800adb8, Size: 0x0000c630, Max: 0x00070000, ABSOLUTE)

    Exec Addr    Load Addr    Size         Type   Attr      Idx    E Section Name        Object

    0x24000000   0x0800adb8   0x00000004   Data   RW         2592    .data               mc_w.l(stdout.o)
    0x24000004   0x0800adbc   0x00000004   Data   RW         2599    .data               mc_w.l(mvars.o)
    0x24000008   0x0800adc0   0x00000004   Data   RW         2600    .data               mc_w.l(mvars.o)
    0x2400000c   0x0800adc4   0x00000004   Data   RW         1389    .data.SystemCoreClock  system_stm32h7xx.o
    0x24000010   0x0800adc8   0x00000004   Data   RW         1390    .data.SystemD2Clock  system_stm32h7xx.o
    0x24000014   0x0800adcc   0x00000001   Data   RW          814    .data.uwTickFreq    stm32h7xx_hal.o
    0x24000015   0x0800adcd   0x00000003   PAD
    0x24000018   0x0800add0   0x00000004   Data   RW          813    .data.uwTickPrio    stm32h7xx_hal.o
    0x2400001c   0x0800add4   0x00000004   Data   RW         1789    .data.uxCriticalNesting  port.o
    0x24000020        -       0x00000030   Zero   RW          122    .bss.cdc_bulkin_urb  usb_host.o
    0x24000050        -       0x00000030   Zero   RW          123    .bss.cdc_bulkout_urb  usb_host.o
    0x24000080        -       0x00000750   Zero   RW         1907    .bss.exthub         usbh_hub.o
    0x240007d0        -       0x00000004   Zero   RW         1908    .bss.g_devinuse     usbh_hub.o
    0x240007d4        -       0x00000004   Zero   RW         1944    .bss.g_devinuse     usbh_cdc_acm.o
    0x240007d8        -       0x00000004   Zero   RW         1977    .bss.g_devinuse     usbh_hid.o
    0x240007dc        -       0x00000004   Zero   RW         2024    .bss.g_devinuse     usbh_msc.o
    0x240007e0        -       0x00000004   Zero   RW         2099    .bss.g_devinuse     usbh_audio.o
    0x240007e4        -       0x00000004   Zero   RW         2148    .bss.g_devinuse     usbh_video.o
    0x240007e8        -       0x00000244   Zero   RW         2259    .bss.g_dwc2_hcd     usb_hc_dwc2.o
    0x24000a2c        -       0x00000014   Zero   RW         1834    .bss.g_usbh_bus     usbh_core.o
    0x24000a40        -       0x00000030   Zero   RW          121    .bss.hid_intin_urb  usb_host.o
    0x24000a70        -       0x0000008c   Zero   RW           33    .bss.huart1         main.o
    0x24000afc        -       0x00000004   Zero   RW         1899    .bss.hub_class_head  usbh_hub.o
    0x24000b00        -       0x00000004   Zero   RW         1902    .bss.hub_mq         usbh_hub.o
    0x24000b04        -       0x00000004   Zero   RW         1903    .bss.hub_thread     usbh_hub.o
    0x24000b08        -       0x00000004   Zero   RW         1720    .bss.prvSampleTimeNow.xLastTime  timers.o
    0x24000b0c        -       0x00000004   Zero   RW         1636    .bss.pxCurrentTCB   tasks.o
    0x24000b10        -       0x00000004   Zero   RW         1718    .bss.pxCurrentTimerList  timers.o
    0x24000b14        -       0x00000004   Zero   RW         1646    .bss.pxDelayedTaskList  tasks.o
    0x24000b18        -       0x00000004   Zero   RW         1747    .bss.pxEnd          heap_4.o
    0x24000b1c        -       0x00000004   Zero   RW         1647    .bss.pxOverflowDelayedTaskList  tasks.o
    0x24000b20        -       0x00000004   Zero   RW         1719    .bss.pxOverflowTimerList  timers.o
    0x24000b24        -       0x00000280   Zero   RW         1638    .bss.pxReadyTasksLists  tasks.o
    0x24000da4        -       0x00000750   Zero   RW         1901    .bss.roothub        usbh_hub.o
    0x240014f4        -       0x00009000   Zero   RW         1754    .bss.ucHeap         heap_4.o
    0x2400a4f4        -       0x00000004   Zero   RW         1832    .bss.usbh_class_info_table_begin  usbh_core.o
    0x2400a4f8        -       0x00000004   Zero   RW         1833    .bss.usbh_class_info_table_end  usbh_core.o
    0x2400a4fc        -       0x00000004   Zero   RW          815    .bss.uwTick         stm32h7xx_hal.o
    0x2400a500        -       0x00000004   Zero   RW         1643    .bss.uxCurrentNumberOfTasks  tasks.o
    0x2400a504        -       0x00000004   Zero   RW         1642    .bss.uxDeletedTasksWaitingCleanUp  tasks.o
    0x2400a508        -       0x00000004   Zero   RW         1649    .bss.uxSchedulerSuspended  tasks.o
    0x2400a50c        -       0x00000004   Zero   RW         1640    .bss.uxTaskNumber   tasks.o
    0x2400a510        -       0x00000004   Zero   RW         1639    .bss.uxTopReadyPriority  tasks.o
    0x2400a514        -       0x00000014   Zero   RW         1721    .bss.xActiveTimerList1  timers.o
    0x2400a528        -       0x00000014   Zero   RW         1722    .bss.xActiveTimerList2  timers.o
    0x2400a53c        -       0x00000001   Zero   RW         1748    .bss.xBlockAllocatedBit  heap_4.o
    0x2400a53d   0x0800add8   0x00000003   PAD
    0x2400a540        -       0x00000014   Zero   RW         1656    .bss.xDelayedTaskList1  tasks.o
    0x2400a554        -       0x00000014   Zero   RW         1657    .bss.xDelayedTaskList2  tasks.o
    0x2400a568        -       0x00000004   Zero   RW         1749    .bss.xFreeBytesRemaining  heap_4.o
    0x2400a56c        -       0x00000004   Zero   RW         1652    .bss.xIdleTaskHandle  tasks.o
    0x2400a570        -       0x00000004   Zero   RW         1751    .bss.xMinimumEverFreeBytesRemaining  heap_4.o
    0x2400a574        -       0x00000004   Zero   RW         1653    .bss.xNextTaskUnblockTime  tasks.o
    0x2400a578        -       0x00000004   Zero   RW         1655    .bss.xNumOfOverflows  tasks.o
    0x2400a57c        -       0x00000004   Zero   RW         1752    .bss.xNumberOfSuccessfulAllocations  heap_4.o
    0x2400a580        -       0x00000004   Zero   RW         1753    .bss.xNumberOfSuccessfulFrees  heap_4.o
    0x2400a584        -       0x00000004   Zero   RW         1654    .bss.xPendedTicks   tasks.o
    0x2400a588        -       0x00000014   Zero   RW         1651    .bss.xPendingReadyList  tasks.o
    0x2400a59c        -       0x00000050   Zero   RW         1519    .bss.xQueueRegistry  queue.o
    0x2400a5ec        -       0x00000004   Zero   RW         1644    .bss.xSchedulerRunning  tasks.o
    0x2400a5f0        -       0x00000008   Zero   RW         1750    .bss.xStart         heap_4.o
    0x2400a5f8        -       0x00000014   Zero   RW         1648    .bss.xSuspendedTaskList  tasks.o
    0x2400a60c        -       0x00000014   Zero   RW         1641    .bss.xTasksWaitingTermination  tasks.o
    0x2400a620        -       0x00000004   Zero   RW         1645    .bss.xTickCount     tasks.o
    0x2400a624        -       0x00000004   Zero   RW         1716    .bss.xTimerQueue    timers.o
    0x2400a628        -       0x00000004   Zero   RW         1717    .bss.xTimerTaskHandle  timers.o
    0x2400a62c        -       0x00000004   Zero   RW         1650    .bss.xYieldPending  tasks.o
    0x2400a630        -       0x00001000   Zero   RW            2    HEAP                startup_stm32h743xx.o
    0x2400b630        -       0x00001000   Zero   RW            1    STACK               startup_stm32h743xx.o


    Execution Region USB_NOCACHERAM (Exec base: 0x24070000, Load base: 0x0800add8, Size: 0x00001790, Max: 0x00010000, ABSOLUTE, COMPRESSED[0x00000030])

    Exec Addr    Load Addr    Size         Type   Attr      Idx    E Section Name        Object

    0x24070000   COMPRESSED   0x00000480   Data   RW          120    .noncacheable       usb_host.o
    0x24070480   COMPRESSED   0x00000240   Data   RW         1836    .noncacheable       usbh_core.o
    0x240706c0   COMPRESSED   0x00000028   Data   RW         1900    .noncacheable       usbh_hub.o
    0x240706e8   COMPRESSED   0x00000007   Data   RW         1939    .noncacheable       usbh_cdc_acm.o
    0x240706ef   COMPRESSED   0x00000001   PAD
    0x240706f0   COMPRESSED   0x00000080   Data   RW         1973    .noncacheable       usbh_hid.o
    0x24070770   COMPRESSED   0x00000020   Data   RW         2021    .noncacheable       usbh_msc.o
    0x24070790   COMPRESSED   0x00001000   Data   RW         2055    .noncacheable       usbh_rndis.o


==============================================================================

Image component sizes


      Code (inc. data)   RO Data    RW Data    ZI Data      Debug   Object Name

       574          0          0          0      36893       4540   heap_4.o
       126          0          0          0          0       2227   list.o
       994         28          0          0        140      18513   main.o
       604         16          0          4          0       3493   port.o
      1816          0          0          0         80      18181   queue.o
        36          8        664          0       8192        848   startup_stm32h743xx.o
       236          0          0          5          4      15075   stm32h7xx_hal.o
       412          0          0          0          0      12274   stm32h7xx_hal_cortex.o
       422          0          0          0          0       6825   stm32h7xx_hal_gpio.o
       176          0          0          0          0      13641   stm32h7xx_hal_msp.o
        90          0          0          0          0      10270   stm32h7xx_hal_pwr_ex.o
      2232         16          0          0          0      11205   stm32h7xx_hal_rcc.o
      3576        122          0          0          0      16738   stm32h7xx_hal_rcc_ex.o
      2224        382         24          0          0      26318   stm32h7xx_hal_uart.o
       286          0         16          0          0       7870   stm32h7xx_hal_uart_ex.o
        24          0          0          0          0        892   stm32h7xx_it.o
       218          0         16          8          0       5871   system_stm32h7xx.o
      2986          8          4          0        800      25825   tasks.o
       896         26          0          0         60      10773   timers.o
      4352        164         57          0        580      17249   usb_hc_dwc2.o
      1074        216         77       1152        144      10883   usb_host.o
       292          0          0          0          0       4555   usb_osal_freertos.o
      2058        326        359          0          4      15222   usbh_audio.o
       782        156         65          7          4       7730   usbh_cdc_acm.o
      2804        404        546        576         28      13136   usbh_core.o
       718        156         28        128          4       7393   usbh_hid.o
      3268        408        598         40       3760      14653   usbh_hub.o
      1752        288        110         32          4      10610   usbh_msc.o
      1874        264        298       4096          0      12459   usbh_rndis.o
      1546        300        352          0          4      13538   usbh_video.o

    ----------------------------------------------------------------------
     39288       3376       3264       6052      50704     338807   Object Totals
         0          0         48          0          0          0   (incl. Generated)
       840         88          2          4          3          0   (incl. Padding)

    ----------------------------------------------------------------------

      Code (inc. data)   RO Data    RW Data    ZI Data      Debug   Library Member Name

        58          0          0          0          0          0   __dczerorl.o
         0          0          0          0          0          0   entry.o
         0          0          0          0          0          0   entry10a.o
         0          0          0          0          0          0   entry11a.o
         8          4          0          0          0          0   entry2.o
         4          0          0          0          0          0   entry5.o
         0          0          0          0          0          0   entry7b.o
         0          0          0          0          0          0   entry8b.o
         8          4          0          0          0          0   entry9a.o
        30          0          0          0          0          0   handlers.o
        36          8          0          0          0         68   init.o
        30          0          0          0          0         68   llshl.o
        32          0          0          0          0         68   llushr.o
       188         20          0          0          0        160   malloc.o
        36          0          0          0          0         68   memcpya.o
        36          0          0          0          0        108   memseta.o
         0          0          0          8          0          0   mvars.o
      1228         58          0          0          0        508   printf8.o
        36          6          0          0          0         80   puts.o
         0          0          0          4          0          0   stdout.o
        28          0          0          0          0         76   strcmp.o
        30          0          0          0          0         80   strncmp.o
        24          0          0          0          0         76   strncpy.o
        98          0          0          0          0         92   uldiv.o

    ----------------------------------------------------------------------
      1920        100          0         12          0       1452   Library Totals
        10          0          0          0          0          0   (incl. Padding)

    ----------------------------------------------------------------------

      Code (inc. data)   RO Data    RW Data    ZI Data      Debug   Library Name

      1910        100          0         12          0       1452   mc_w.l

    ----------------------------------------------------------------------
      1920        100          0         12          0       1452   Library Totals

    ----------------------------------------------------------------------

==============================================================================


      Code (inc. data)   RO Data    RW Data    ZI Data      Debug   

     41208       3476       3264       6064      50704     339315   Grand Totals
     41208       3476       3264         80      50704     339315   ELF Image Totals (compressed)
     41208       3476       3264         80          0          0   ROM Totals

==============================================================================

    Total RO  Size (Code + RO Data)                44472 (  43.43kB)
    Total RW  Size (RW Data + ZI Data)             56768 (  55.44kB)
    Total ROM Size (Code + RO Data + RW Data)      44552 (  43.51kB)

==============================================================================

